../Driver/src/Flash_IP.c:127:13:Flash_IP_Unlock	4	static
../Driver/src/Flash_IP.c:136:13:Flash_IP_Lock	4	static
../Driver/src/Flash_IP.c:141:13:Flash_IP_ClearAllFlags	4	static
../Driver/src/Flash_IP.c:149:13:Flash_IP_RefreshCachesAfterErase	16	static
../Driver/src/Flash_IP.c:161:13:Flash_IP_TriggerNextByte	4	static
../Driver/src/Flash_IP.c:173:6:Flash_IP_Init	8	static
../Driver/src/Flash_IP.c:184:6:Flash_IP_DeInit	8	static
../Driver/src/Flash_IP.c:198:21:Flash_IP_GetStatus	4	static
../Driver/src/Flash_IP.c:206:16:Flash_IP_Read	32	static
../Driver/src/Flash_IP.c:221:16:Flash_IP_ProgramStart	32	static
../Driver/src/Flash_IP.c:246:16:Flash_IP_EraseSectorStart	24	static
../Driver/src/Flash_IP.c:273:6:Flash_IP_MainFunction	4	static
../Driver/src/Flash_IP.c:281:7:Flash_IP_GetSectorFromAddress	32	static
../Driver/src/Flash_IP.c:301:8:Flash_IP_GetSectorStartAddress	24	static
../Driver/src/Flash_IP.c:313:8:Flash_IP_GetSectorSize	24	static
../Driver/src/Flash_IP.c:331:6:FLASH_IRQHandler	16	static
