C:/Users/ZEPHYRUS M16/Documents/Intergration/AUTOSAR_MEM/Test/STM32F401/Drivers/CMSIS/Include/core_cm4.h:1684:22:__NVIC_EnableIRQ	16	static,ignoring_inline_asm
../Driver/src/Flash_IP.c:119:13:Flash_IP_Unlock	4	static
../Driver/src/Flash_IP.c:128:13:Flash_IP_Lock	4	static
../Driver/src/Flash_IP.c:133:13:Flash_IP_ClearAllFlags	4	static
../Driver/src/Flash_IP.c:141:13:Flash_IP_TriggerNextByte	4	static
../Driver/src/Flash_IP.c:153:6:Flash_IP_Init	8	static
../Driver/src/Flash_IP.c:164:6:Flash_IP_DeInit	8	static
../Driver/src/Flash_IP.c:179:21:Flash_IP_GetStatus	4	static
../Driver/src/Flash_IP.c:187:16:Flash_IP_Read	32	static
../Driver/src/Flash_IP.c:202:16:Flash_IP_ProgramStart	32	static
../Driver/src/Flash_IP.c:227:16:Flash_IP_EraseSectorStart	24	static
../Driver/src/Flash_IP.c:253:6:Flash_IP_MainFunction	4	static
../Driver/src/Flash_IP.c:261:7:Flash_IP_GetSectorFromAddress	32	static
../Driver/src/Flash_IP.c:281:8:Flash_IP_GetSectorStartAddress	24	static
../Driver/src/Flash_IP.c:293:8:Flash_IP_GetSectorSize	24	static
../Driver/src/Flash_IP.c:311:6:FLASH_IRQHandler	16	static
