C:/Users/ZEPHYRUS M16/Documents/Intergration/AUTOSAR_MEM/Test/STM32F401/Drivers/CMSIS/Include/core_cm4.h:1684:22:__NVIC_EnableIRQ	16	static,ignoring_inline_asm
../Driver/src/Flash_IP.c:132:13:Flash_IP_Unlock	4	static
../Driver/src/Flash_IP.c:141:13:Flash_IP_Lock	4	static
../Driver/src/Flash_IP.c:146:13:Flash_IP_ClearAllFlags	4	static
../Driver/src/Flash_IP.c:154:13:Flash_IP_RefreshCachesAfterErase	16	static
../Driver/src/Flash_IP.c:166:13:Flash_IP_TriggerNextByte	4	static
../Driver/src/Flash_IP.c:178:6:Flash_IP_Init	8	static
../Driver/src/Flash_IP.c:189:6:Flash_IP_DeInit	8	static
../Driver/src/Flash_IP.c:204:21:Flash_IP_GetStatus	4	static
../Driver/src/Flash_IP.c:212:16:Flash_IP_Read	32	static
../Driver/src/Flash_IP.c:227:16:Flash_IP_ProgramStart	32	static
../Driver/src/Flash_IP.c:252:16:Flash_IP_EraseSectorStart	24	static
../Driver/src/Flash_IP.c:278:6:Flash_IP_MainFunction	4	static
../Driver/src/Flash_IP.c:286:7:Flash_IP_GetSectorFromAddress	32	static
../Driver/src/Flash_IP.c:306:8:Flash_IP_GetSectorStartAddress	24	static
../Driver/src/Flash_IP.c:318:8:Flash_IP_GetSectorSize	24	static
../Driver/src/Flash_IP.c:336:6:FLASH_IRQHandler	16	static
