../Driver/src/Mem.c:96:16:Mem_CheckModuleInit	24	static
../Driver/src/Mem.c:108:16:Mem_CheckInstanceId	24	static
../Driver/src/Mem.c:123:16:Mem_CheckPointer	24	static
../Driver/src/Mem.c:138:16:Mem_CheckAddress	32	static
../Driver/src/Mem.c:151:16:Mem_CheckLength	40	static
../Driver/src/Mem.c:173:16:Mem_CheckEraseAlignment	40	static
../Driver/src/Mem.c:189:16:Mem_CheckJobPending	24	static
../Driver/src/Mem.c:210:6:Mem_Init	24	static
../Driver/src/Mem.c:242:6:Mem_DeInit	16	static
../Driver/src/Mem.c:267:6:Mem_GetVersionInfo	16	static
../Driver/src/Mem.c:281:25:Mem_GetJobResult	24	static
../Driver/src/Mem.c:295:16:Mem_Suspend	24	static
../Driver/src/Mem.c:325:16:Mem_Resume	24	static
../Driver/src/Mem.c:355:6:Mem_PropagateError	16	static
../Driver/src/Mem.c:377:16:Mem_Read	40	static
../Driver/src/Mem.c:409:16:Mem_Write	40	static
../Driver/src/Mem.c:440:16:Mem_Erase	40	static
../Driver/src/Mem.c:469:16:Mem_BlankCheck	40	static
../Driver/src/Mem.c:497:16:Mem_HwSpecificService	32	static
../Driver/src/Mem.c:541:6:Mem_MainFunction	32	static
