../Driver/src/Mem_IPW.c:56:16:Mem_Ipw_IsInstanceSupported	16	static
../Driver/src/Mem_IPW.c:61:9:Mem_Ipw_IsHwSpecificServiceSupported	16	static
../Driver/src/Mem_IPW.c:70:9:Mem_Ipw_IsSuspendResumeSupported	16	static
../Driver/src/Mem_IPW.c:75:32:Mem_Ipw_MapFlashIpStatus	24	static
../Driver/src/Mem_IPW.c:103:6:Mem_Ipw_Init	16	static
../Driver/src/Mem_IPW.c:114:6:Mem_Ipw_DeInit	16	static
../Driver/src/Mem_IPW.c:128:16:Mem_Ipw_Read	32	static
../Driver/src/Mem_IPW.c:152:16:Mem_Ipw_Write	32	static
../Driver/src/Mem_IPW.c:173:16:Mem_Ipw_Erase	40	static
../Driver/src/Mem_IPW.c:199:16:Mem_Ipw_BlankCheck	40	static
../Driver/src/Mem_IPW.c:234:16:Mem_Ipw_HwSpecificService	24	static
../Driver/src/Mem_IPW.c:260:16:Mem_Ipw_Suspend	16	static
../Driver/src/Mem_IPW.c:270:16:Mem_Ipw_Resume	16	static
../Driver/src/Mem_IPW.c:284:6:Mem_Ipw_MainFunction	16	static
../Driver/src/Mem_IPW.c:292:25:Mem_Ipw_GetJobResult	24	static
../Driver/src/Mem_IPW.c:315:9:Mem_Ipw_IsAddressValid	32	static
../Driver/src/Mem_IPW.c:328:9:Mem_Ipw_IsLengthValid	56	static
../Driver/src/Mem_IPW.c:345:9:Mem_Ipw_IsEraseAligned	40	static
