14:08:38 **** Incremental Build of configuration Debug for project AUTOSAR_MEM ****
make -j20 all 
arm-none-eabi-gcc "../Test/Testcase/ELF_BlankCheck_Test.c" -mcpu=cortex-m4 -std=gnu11 -g3 -DDEBUG -c -I"C:/Users/ZEPHYRUS M16/Documents/Intergration/AUTOSAR_MEM/Test/Testcase/include" -I"C:/Users/ZEPHYRUS M16/Documents/Intergration/AUTOSAR_MEM/Test/Core" -I"C:/Users/ZEPHYRUS M16/Documents/Intergration/AUTOSAR_MEM/Test/STM32F401/Core/Inc" -I"C:/Users/ZEPHYRUS M16/Documents/Intergration/AUTOSAR_MEM/Test/Stub/Det" -I"C:/Users/ZEPHYRUS M16/Documents/Intergration/AUTOSAR_MEM/Driver/include" -I"C:/Users/ZEPHYRUS M16/Documents/Intergration/AUTOSAR_MEM/Driver/Code_Generator/templates/include" -O0 -ffunction-sections -fdata-sections -Wall -fstack-usage -fcyclomatic-complexity -MMD -MP -MF"Test/Testcase/ELF_BlankCheck_Test.d" -MT"Test/Testcase/ELF_BlankCheck_Test.o" --specs=nano.specs -mfpu=fpv4-sp-d16 -mfloat-abi=hard -mthumb -o "Test/Testcase/ELF_BlankCheck_Test.o"
arm-none-eabi-gcc "../Test/Testcase/ELF_Det_Test.c" -mcpu=cortex-m4 -std=gnu11 -g3 -DDEBUG -c -I"C:/Users/ZEPHYRUS M16/Documents/Intergration/AUTOSAR_MEM/Test/Testcase/include" -I"C:/Users/ZEPHYRUS M16/Documents/Intergration/AUTOSAR_MEM/Test/Core" -I"C:/Users/ZEPHYRUS M16/Documents/Intergration/AUTOSAR_MEM/Test/STM32F401/Core/Inc" -I"C:/Users/ZEPHYRUS M16/Documents/Intergration/AUTOSAR_MEM/Test/Stub/Det" -I"C:/Users/ZEPHYRUS M16/Documents/Intergration/AUTOSAR_MEM/Driver/include" -I"C:/Users/ZEPHYRUS M16/Documents/Intergration/AUTOSAR_MEM/Driver/Code_Generator/templates/include" -O0 -ffunction-sections -fdata-sections -Wall -fstack-usage -fcyclomatic-complexity -MMD -MP -MF"Test/Testcase/ELF_Det_Test.d" -MT"Test/Testcase/ELF_Det_Test.o" --specs=nano.specs -mfpu=fpv4-sp-d16 -mfloat-abi=hard -mthumb -o "Test/Testcase/ELF_Det_Test.o"
arm-none-eabi-gcc "../Test/Testcase/ELF_Erase_Test.c" -mcpu=cortex-m4 -std=gnu11 -g3 -DDEBUG -c -I"C:/Users/ZEPHYRUS M16/Documents/Intergration/AUTOSAR_MEM/Test/Testcase/include" -I"C:/Users/ZEPHYRUS M16/Documents/Intergration/AUTOSAR_MEM/Test/Core" -I"C:/Users/ZEPHYRUS M16/Documents/Intergration/AUTOSAR_MEM/Test/STM32F401/Core/Inc" -I"C:/Users/ZEPHYRUS M16/Documents/Intergration/AUTOSAR_MEM/Test/Stub/Det" -I"C:/Users/ZEPHYRUS M16/Documents/Intergration/AUTOSAR_MEM/Driver/include" -I"C:/Users/ZEPHYRUS M16/Documents/Intergration/AUTOSAR_MEM/Driver/Code_Generator/templates/include" -O0 -ffunction-sections -fdata-sections -Wall -fstack-usage -fcyclomatic-complexity -MMD -MP -MF"Test/Testcase/ELF_Erase_Test.d" -MT"Test/Testcase/ELF_Erase_Test.o" --specs=nano.specs -mfpu=fpv4-sp-d16 -mfloat-abi=hard -mthumb -o "Test/Testcase/ELF_Erase_Test.o"
arm-none-eabi-gcc "../Test/Testcase/ELF_Init_Test.c" -mcpu=cortex-m4 -std=gnu11 -g3 -DDEBUG -c -I"C:/Users/ZEPHYRUS M16/Documents/Intergration/AUTOSAR_MEM/Test/Testcase/include" -I"C:/Users/ZEPHYRUS M16/Documents/Intergration/AUTOSAR_MEM/Test/Core" -I"C:/Users/ZEPHYRUS M16/Documents/Intergration/AUTOSAR_MEM/Test/STM32F401/Core/Inc" -I"C:/Users/ZEPHYRUS M16/Documents/Intergration/AUTOSAR_MEM/Test/Stub/Det" -I"C:/Users/ZEPHYRUS M16/Documents/Intergration/AUTOSAR_MEM/Driver/include" -I"C:/Users/ZEPHYRUS M16/Documents/Intergration/AUTOSAR_MEM/Driver/Code_Generator/templates/include" -O0 -ffunction-sections -fdata-sections -Wall -fstack-usage -fcyclomatic-complexity -MMD -MP -MF"Test/Testcase/ELF_Init_Test.d" -MT"Test/Testcase/ELF_Init_Test.o" --specs=nano.specs -mfpu=fpv4-sp-d16 -mfloat-abi=hard -mthumb -o "Test/Testcase/ELF_Init_Test.o"
arm-none-eabi-gcc "../Test/Testcase/ELF_Job_Test.c" -mcpu=cortex-m4 -std=gnu11 -g3 -DDEBUG -c -I"C:/Users/ZEPHYRUS M16/Documents/Intergration/AUTOSAR_MEM/Test/Testcase/include" -I"C:/Users/ZEPHYRUS M16/Documents/Intergration/AUTOSAR_MEM/Test/Core" -I"C:/Users/ZEPHYRUS M16/Documents/Intergration/AUTOSAR_MEM/Test/STM32F401/Core/Inc" -I"C:/Users/ZEPHYRUS M16/Documents/Intergration/AUTOSAR_MEM/Test/Stub/Det" -I"C:/Users/ZEPHYRUS M16/Documents/Intergration/AUTOSAR_MEM/Driver/include" -I"C:/Users/ZEPHYRUS M16/Documents/Intergration/AUTOSAR_MEM/Driver/Code_Generator/templates/include" -O0 -ffunction-sections -fdata-sections -Wall -fstack-usage -fcyclomatic-complexity -MMD -MP -MF"Test/Testcase/ELF_Job_Test.d" -MT"Test/Testcase/ELF_Job_Test.o" --specs=nano.specs -mfpu=fpv4-sp-d16 -mfloat-abi=hard -mthumb -o "Test/Testcase/ELF_Job_Test.o"
arm-none-eabi-gcc "../Test/Testcase/ELF_Read_Test.c" -mcpu=cortex-m4 -std=gnu11 -g3 -DDEBUG -c -I"C:/Users/ZEPHYRUS M16/Documents/Intergration/AUTOSAR_MEM/Test/Testcase/include" -I"C:/Users/ZEPHYRUS M16/Documents/Intergration/AUTOSAR_MEM/Test/Core" -I"C:/Users/ZEPHYRUS M16/Documents/Intergration/AUTOSAR_MEM/Test/STM32F401/Core/Inc" -I"C:/Users/ZEPHYRUS M16/Documents/Intergration/AUTOSAR_MEM/Test/Stub/Det" -I"C:/Users/ZEPHYRUS M16/Documents/Intergration/AUTOSAR_MEM/Driver/include" -I"C:/Users/ZEPHYRUS M16/Documents/Intergration/AUTOSAR_MEM/Driver/Code_Generator/templates/include" -O0 -ffunction-sections -fdata-sections -Wall -fstack-usage -fcyclomatic-complexity -MMD -MP -MF"Test/Testcase/ELF_Read_Test.d" -MT"Test/Testcase/ELF_Read_Test.o" --specs=nano.specs -mfpu=fpv4-sp-d16 -mfloat-abi=hard -mthumb -o "Test/Testcase/ELF_Read_Test.o"
arm-none-eabi-gcc "../Test/Testcase/ELF_Status_Test.c" -mcpu=cortex-m4 -std=gnu11 -g3 -DDEBUG -c -I"C:/Users/ZEPHYRUS M16/Documents/Intergration/AUTOSAR_MEM/Test/Testcase/include" -I"C:/Users/ZEPHYRUS M16/Documents/Intergration/AUTOSAR_MEM/Test/Core" -I"C:/Users/ZEPHYRUS M16/Documents/Intergration/AUTOSAR_MEM/Test/STM32F401/Core/Inc" -I"C:/Users/ZEPHYRUS M16/Documents/Intergration/AUTOSAR_MEM/Test/Stub/Det" -I"C:/Users/ZEPHYRUS M16/Documents/Intergration/AUTOSAR_MEM/Driver/include" -I"C:/Users/ZEPHYRUS M16/Documents/Intergration/AUTOSAR_MEM/Driver/Code_Generator/templates/include" -O0 -ffunction-sections -fdata-sections -Wall -fstack-usage -fcyclomatic-complexity -MMD -MP -MF"Test/Testcase/ELF_Status_Test.d" -MT"Test/Testcase/ELF_Status_Test.o" --specs=nano.specs -mfpu=fpv4-sp-d16 -mfloat-abi=hard -mthumb -o "Test/Testcase/ELF_Status_Test.o"
arm-none-eabi-gcc "../Test/Testcase/ELF_Write_Test.c" -mcpu=cortex-m4 -std=gnu11 -g3 -DDEBUG -c -I"C:/Users/ZEPHYRUS M16/Documents/Intergration/AUTOSAR_MEM/Test/Testcase/include" -I"C:/Users/ZEPHYRUS M16/Documents/Intergration/AUTOSAR_MEM/Test/Core" -I"C:/Users/ZEPHYRUS M16/Documents/Intergration/AUTOSAR_MEM/Test/STM32F401/Core/Inc" -I"C:/Users/ZEPHYRUS M16/Documents/Intergration/AUTOSAR_MEM/Test/Stub/Det" -I"C:/Users/ZEPHYRUS M16/Documents/Intergration/AUTOSAR_MEM/Driver/include" -I"C:/Users/ZEPHYRUS M16/Documents/Intergration/AUTOSAR_MEM/Driver/Code_Generator/templates/include" -O0 -ffunction-sections -fdata-sections -Wall -fstack-usage -fcyclomatic-complexity -MMD -MP -MF"Test/Testcase/ELF_Write_Test.d" -MT"Test/Testcase/ELF_Write_Test.o" --specs=nano.specs -mfpu=fpv4-sp-d16 -mfloat-abi=hard -mthumb -o "Test/Testcase/ELF_Write_Test.o"
arm-none-eabi-gcc "../Test/Stub/Det/det.c" -mcpu=cortex-m4 -std=gnu11 -g3 -DDEBUG -c -I"C:/Users/ZEPHYRUS M16/Documents/Intergration/AUTOSAR_MEM/Test/Testcase/include" -I"C:/Users/ZEPHYRUS M16/Documents/Intergration/AUTOSAR_MEM/Test/Core" -I"C:/Users/ZEPHYRUS M16/Documents/Intergration/AUTOSAR_MEM/Test/STM32F401/Core/Inc" -I"C:/Users/ZEPHYRUS M16/Documents/Intergration/AUTOSAR_MEM/Test/Stub/Det" -I"C:/Users/ZEPHYRUS M16/Documents/Intergration/AUTOSAR_MEM/Driver/include" -I"C:/Users/ZEPHYRUS M16/Documents/Intergration/AUTOSAR_MEM/Driver/Code_Generator/templates/include" -O0 -ffunction-sections -fdata-sections -Wall -fstack-usage -fcyclomatic-complexity -MMD -MP -MF"Test/Stub/Det/det.d" -MT"Test/Stub/Det/det.o" --specs=nano.specs -mfpu=fpv4-sp-d16 -mfloat-abi=hard -mthumb -o "Test/Stub/Det/det.o"
arm-none-eabi-gcc -mcpu=cortex-m4 -g3 -DDEBUG -c -x assembler-with-cpp -MMD -MP -MF"Test/STM32F401/Core/Startup/startup_stm32f401retx.d" -MT"Test/STM32F401/Core/Startup/startup_stm32f401retx.o" --specs=nano.specs -mfpu=fpv4-sp-d16 -mfloat-abi=hard -mthumb -o "Test/STM32F401/Core/Startup/startup_stm32f401retx.o" "../Test/STM32F401/Core/Startup/startup_stm32f401retx.s"
arm-none-eabi-gcc "../Test/STM32F401/Core/Src/Stm32F401_BareMetal.c" -mcpu=cortex-m4 -std=gnu11 -g3 -DDEBUG -c -I"C:/Users/ZEPHYRUS M16/Documents/Intergration/AUTOSAR_MEM/Test/Testcase/include" -I"C:/Users/ZEPHYRUS M16/Documents/Intergration/AUTOSAR_MEM/Test/Core" -I"C:/Users/ZEPHYRUS M16/Documents/Intergration/AUTOSAR_MEM/Test/STM32F401/Core/Inc" -I"C:/Users/ZEPHYRUS M16/Documents/Intergration/AUTOSAR_MEM/Test/Stub/Det" -I"C:/Users/ZEPHYRUS M16/Documents/Intergration/AUTOSAR_MEM/Driver/include" -I"C:/Users/ZEPHYRUS M16/Documents/Intergration/AUTOSAR_MEM/Driver/Code_Generator/templates/include" -O0 -ffunction-sections -fdata-sections -Wall -fstack-usage -fcyclomatic-complexity -MMD -MP -MF"Test/STM32F401/Core/Src/Stm32F401_BareMetal.d" -MT"Test/STM32F401/Core/Src/Stm32F401_BareMetal.o" --specs=nano.specs -mfpu=fpv4-sp-d16 -mfloat-abi=hard -mthumb -o "Test/STM32F401/Core/Src/Stm32F401_BareMetal.o"
arm-none-eabi-gcc "../Test/STM32F401/Core/Src/stm32f4xx_it.c" -mcpu=cortex-m4 -std=gnu11 -g3 -DDEBUG -c -I"C:/Users/ZEPHYRUS M16/Documents/Intergration/AUTOSAR_MEM/Test/Testcase/include" -I"C:/Users/ZEPHYRUS M16/Documents/Intergration/AUTOSAR_MEM/Test/Core" -I"C:/Users/ZEPHYRUS M16/Documents/Intergration/AUTOSAR_MEM/Test/STM32F401/Core/Inc" -I"C:/Users/ZEPHYRUS M16/Documents/Intergration/AUTOSAR_MEM/Test/Stub/Det" -I"C:/Users/ZEPHYRUS M16/Documents/Intergration/AUTOSAR_MEM/Driver/include" -I"C:/Users/ZEPHYRUS M16/Documents/Intergration/AUTOSAR_MEM/Driver/Code_Generator/templates/include" -O0 -ffunction-sections -fdata-sections -Wall -fstack-usage -fcyclomatic-complexity -MMD -MP -MF"Test/STM32F401/Core/Src/stm32f4xx_it.d" -MT"Test/STM32F401/Core/Src/stm32f4xx_it.o" --specs=nano.specs -mfpu=fpv4-sp-d16 -mfloat-abi=hard -mthumb -o "Test/STM32F401/Core/Src/stm32f4xx_it.o"
arm-none-eabi-gcc "../Test/STM32F401/Core/Src/syscalls.c" -mcpu=cortex-m4 -std=gnu11 -g3 -DDEBUG -c -I"C:/Users/ZEPHYRUS M16/Documents/Intergration/AUTOSAR_MEM/Test/Testcase/include" -I"C:/Users/ZEPHYRUS M16/Documents/Intergration/AUTOSAR_MEM/Test/Core" -I"C:/Users/ZEPHYRUS M16/Documents/Intergration/AUTOSAR_MEM/Test/STM32F401/Core/Inc" -I"C:/Users/ZEPHYRUS M16/Documents/Intergration/AUTOSAR_MEM/Test/Stub/Det" -I"C:/Users/ZEPHYRUS M16/Documents/Intergration/AUTOSAR_MEM/Driver/include" -I"C:/Users/ZEPHYRUS M16/Documents/Intergration/AUTOSAR_MEM/Driver/Code_Generator/templates/include" -O0 -ffunction-sections -fdata-sections -Wall -fstack-usage -fcyclomatic-complexity -MMD -MP -MF"Test/STM32F401/Core/Src/syscalls.d" -MT"Test/STM32F401/Core/Src/syscalls.o" --specs=nano.specs -mfpu=fpv4-sp-d16 -mfloat-abi=hard -mthumb -o "Test/STM32F401/Core/Src/syscalls.o"
arm-none-eabi-gcc "../Test/STM32F401/Core/Src/sysmem.c" -mcpu=cortex-m4 -std=gnu11 -g3 -DDEBUG -c -I"C:/Users/ZEPHYRUS M16/Documents/Intergration/AUTOSAR_MEM/Test/Testcase/include" -I"C:/Users/ZEPHYRUS M16/Documents/Intergration/AUTOSAR_MEM/Test/Core" -I"C:/Users/ZEPHYRUS M16/Documents/Intergration/AUTOSAR_MEM/Test/STM32F401/Core/Inc" -I"C:/Users/ZEPHYRUS M16/Documents/Intergration/AUTOSAR_MEM/Test/Stub/Det" -I"C:/Users/ZEPHYRUS M16/Documents/Intergration/AUTOSAR_MEM/Driver/include" -I"C:/Users/ZEPHYRUS M16/Documents/Intergration/AUTOSAR_MEM/Driver/Code_Generator/templates/include" -O0 -ffunction-sections -fdata-sections -Wall -fstack-usage -fcyclomatic-complexity -MMD -MP -MF"Test/STM32F401/Core/Src/sysmem.d" -MT"Test/STM32F401/Core/Src/sysmem.o" --specs=nano.specs -mfpu=fpv4-sp-d16 -mfloat-abi=hard -mthumb -o "Test/STM32F401/Core/Src/sysmem.o"
arm-none-eabi-gcc "../Test/Core/TestManager.c" -mcpu=cortex-m4 -std=gnu11 -g3 -DDEBUG -c -I"C:/Users/ZEPHYRUS M16/Documents/Intergration/AUTOSAR_MEM/Test/Testcase/include" -I"C:/Users/ZEPHYRUS M16/Documents/Intergration/AUTOSAR_MEM/Test/Core" -I"C:/Users/ZEPHYRUS M16/Documents/Intergration/AUTOSAR_MEM/Test/STM32F401/Core/Inc" -I"C:/Users/ZEPHYRUS M16/Documents/Intergration/AUTOSAR_MEM/Test/Stub/Det" -I"C:/Users/ZEPHYRUS M16/Documents/Intergration/AUTOSAR_MEM/Driver/include" -I"C:/Users/ZEPHYRUS M16/Documents/Intergration/AUTOSAR_MEM/Driver/Code_Generator/templates/include" -O0 -ffunction-sections -fdata-sections -Wall -fstack-usage -fcyclomatic-complexity -MMD -MP -MF"Test/Core/TestManager.d" -MT"Test/Core/TestManager.o" --specs=nano.specs -mfpu=fpv4-sp-d16 -mfloat-abi=hard -mthumb -o "Test/Core/TestManager.o"
arm-none-eabi-gcc "../Test/Core/main.c" -mcpu=cortex-m4 -std=gnu11 -g3 -DDEBUG -c -I"C:/Users/ZEPHYRUS M16/Documents/Intergration/AUTOSAR_MEM/Test/Testcase/include" -I"C:/Users/ZEPHYRUS M16/Documents/Intergration/AUTOSAR_MEM/Test/Core" -I"C:/Users/ZEPHYRUS M16/Documents/Intergration/AUTOSAR_MEM/Test/STM32F401/Core/Inc" -I"C:/Users/ZEPHYRUS M16/Documents/Intergration/AUTOSAR_MEM/Test/Stub/Det" -I"C:/Users/ZEPHYRUS M16/Documents/Intergration/AUTOSAR_MEM/Driver/include" -I"C:/Users/ZEPHYRUS M16/Documents/Intergration/AUTOSAR_MEM/Driver/Code_Generator/templates/include" -O0 -ffunction-sections -fdata-sections -Wall -fstack-usage -fcyclomatic-complexity -MMD -MP -MF"Test/Core/main.d" -MT"Test/Core/main.o" --specs=nano.specs -mfpu=fpv4-sp-d16 -mfloat-abi=hard -mthumb -o "Test/Core/main.o"
arm-none-eabi-gcc "../Driver/src/Flash_IP.c" -mcpu=cortex-m4 -std=gnu11 -g3 -DDEBUG -c -I"C:/Users/ZEPHYRUS M16/Documents/Intergration/AUTOSAR_MEM/Test/Testcase/include" -I"C:/Users/ZEPHYRUS M16/Documents/Intergration/AUTOSAR_MEM/Test/Core" -I"C:/Users/ZEPHYRUS M16/Documents/Intergration/AUTOSAR_MEM/Test/STM32F401/Core/Inc" -I"C:/Users/ZEPHYRUS M16/Documents/Intergration/AUTOSAR_MEM/Test/Stub/Det" -I"C:/Users/ZEPHYRUS M16/Documents/Intergration/AUTOSAR_MEM/Driver/include" -I"C:/Users/ZEPHYRUS M16/Documents/Intergration/AUTOSAR_MEM/Driver/Code_Generator/templates/include" -O0 -ffunction-sections -fdata-sections -Wall -fstack-usage -fcyclomatic-complexity -MMD -MP -MF"Driver/src/Flash_IP.d" -MT"Driver/src/Flash_IP.o" --specs=nano.specs -mfpu=fpv4-sp-d16 -mfloat-abi=hard -mthumb -o "Driver/src/Flash_IP.o"
arm-none-eabi-gcc "../Driver/src/Mem.c" -mcpu=cortex-m4 -std=gnu11 -g3 -DDEBUG -c -I"C:/Users/ZEPHYRUS M16/Documents/Intergration/AUTOSAR_MEM/Test/Testcase/include" -I"C:/Users/ZEPHYRUS M16/Documents/Intergration/AUTOSAR_MEM/Test/Core" -I"C:/Users/ZEPHYRUS M16/Documents/Intergration/AUTOSAR_MEM/Test/STM32F401/Core/Inc" -I"C:/Users/ZEPHYRUS M16/Documents/Intergration/AUTOSAR_MEM/Test/Stub/Det" -I"C:/Users/ZEPHYRUS M16/Documents/Intergration/AUTOSAR_MEM/Driver/include" -I"C:/Users/ZEPHYRUS M16/Documents/Intergration/AUTOSAR_MEM/Driver/Code_Generator/templates/include" -O0 -ffunction-sections -fdata-sections -Wall -fstack-usage -fcyclomatic-complexity -MMD -MP -MF"Driver/src/Mem.d" -MT"Driver/src/Mem.o" --specs=nano.specs -mfpu=fpv4-sp-d16 -mfloat-abi=hard -mthumb -o "Driver/src/Mem.o"
arm-none-eabi-gcc "../Driver/src/Mem_IPW.c" -mcpu=cortex-m4 -std=gnu11 -g3 -DDEBUG -c -I"C:/Users/ZEPHYRUS M16/Documents/Intergration/AUTOSAR_MEM/Test/Testcase/include" -I"C:/Users/ZEPHYRUS M16/Documents/Intergration/AUTOSAR_MEM/Test/Core" -I"C:/Users/ZEPHYRUS M16/Documents/Intergration/AUTOSAR_MEM/Test/STM32F401/Core/Inc" -I"C:/Users/ZEPHYRUS M16/Documents/Intergration/AUTOSAR_MEM/Test/Stub/Det" -I"C:/Users/ZEPHYRUS M16/Documents/Intergration/AUTOSAR_MEM/Driver/include" -I"C:/Users/ZEPHYRUS M16/Documents/Intergration/AUTOSAR_MEM/Driver/Code_Generator/templates/include" -O0 -ffunction-sections -fdata-sections -Wall -fstack-usage -fcyclomatic-complexity -MMD -MP -MF"Driver/src/Mem_IPW.d" -MT"Driver/src/Mem_IPW.o" --specs=nano.specs -mfpu=fpv4-sp-d16 -mfloat-abi=hard -mthumb -o "Driver/src/Mem_IPW.o"
arm-none-eabi-gcc "../Driver/Code_Generator/templates/src/Flash_IP_Cfg.c" -mcpu=cortex-m4 -std=gnu11 -g3 -DDEBUG -c -I"C:/Users/ZEPHYRUS M16/Documents/Intergration/AUTOSAR_MEM/Test/Testcase/include" -I"C:/Users/ZEPHYRUS M16/Documents/Intergration/AUTOSAR_MEM/Test/Core" -I"C:/Users/ZEPHYRUS M16/Documents/Intergration/AUTOSAR_MEM/Test/STM32F401/Core/Inc" -I"C:/Users/ZEPHYRUS M16/Documents/Intergration/AUTOSAR_MEM/Test/Stub/Det" -I"C:/Users/ZEPHYRUS M16/Documents/Intergration/AUTOSAR_MEM/Driver/include" -I"C:/Users/ZEPHYRUS M16/Documents/Intergration/AUTOSAR_MEM/Driver/Code_Generator/templates/include" -O0 -ffunction-sections -fdata-sections -Wall -fstack-usage -fcyclomatic-complexity -MMD -MP -MF"Driver/Code_Generator/templates/src/Flash_IP_Cfg.d" -MT"Driver/Code_Generator/templates/src/Flash_IP_Cfg.o" --specs=nano.specs -mfpu=fpv4-sp-d16 -mfloat-abi=hard -mthumb -o "Driver/Code_Generator/templates/src/Flash_IP_Cfg.o"
arm-none-eabi-gcc "../Driver/Code_Generator/templates/src/Mem_Cfg.c" -mcpu=cortex-m4 -std=gnu11 -g3 -DDEBUG -c -I"C:/Users/ZEPHYRUS M16/Documents/Intergration/AUTOSAR_MEM/Test/Testcase/include" -I"C:/Users/ZEPHYRUS M16/Documents/Intergration/AUTOSAR_MEM/Test/Core" -I"C:/Users/ZEPHYRUS M16/Documents/Intergration/AUTOSAR_MEM/Test/STM32F401/Core/Inc" -I"C:/Users/ZEPHYRUS M16/Documents/Intergration/AUTOSAR_MEM/Test/Stub/Det" -I"C:/Users/ZEPHYRUS M16/Documents/Intergration/AUTOSAR_MEM/Driver/include" -I"C:/Users/ZEPHYRUS M16/Documents/Intergration/AUTOSAR_MEM/Driver/Code_Generator/templates/include" -O0 -ffunction-sections -fdata-sections -Wall -fstack-usage -fcyclomatic-complexity -MMD -MP -MF"Driver/Code_Generator/templates/src/Mem_Cfg.d" -MT"Driver/Code_Generator/templates/src/Mem_Cfg.o" --specs=nano.specs -mfpu=fpv4-sp-d16 -mfloat-abi=hard -mthumb -o "Driver/Code_Generator/templates/src/Mem_Cfg.o"
arm-none-eabi-gcc -o "AUTOSAR_MEM.elf" @"objects.list"   -mcpu=cortex-m4 -T"C:\Users\ZEPHYRUS M16\Documents\Intergration\AUTOSAR_MEM\STM32F401RETX_FLASH.ld" --specs=nosys.specs -Wl,-Map="AUTOSAR_MEM.map" -Wl,--gc-sections -static --specs=nano.specs -mfpu=fpv4-sp-d16 -mfloat-abi=hard -mthumb -Wl,--start-group -lc -lm -Wl,--end-group
Finished building target: AUTOSAR_MEM.elf
 
arm-none-eabi-size  AUTOSAR_MEM.elf 
arm-none-eabi-objdump -h -S AUTOSAR_MEM.elf  > "AUTOSAR_MEM.list"
   text	   data	    bss	    dec	    hex	filename
  21656	      8	   4896	  26560	   67c0	AUTOSAR_MEM.elf
Finished building: default.size.stdout
 
Finished building: AUTOSAR_MEM.list
 

14:08:38 Build Finished. 0 errors, 0 warnings. (took 799ms)

