18:45:48 **** Incremental Build of configuration Debug for project AUTOSAR_MEM ****
make -j20 all 
arm-none-eabi-gcc "../Test/Stub/Det/det.c" -mcpu=cortex-m4 -std=gnu11 -g3 -DDEBUG -DUSE_HAL_DRIVER -DSTM32F401xE -c -I"C:/Users/ZEPHYRUS M16/Documents/Intergration/AUTOSAR_MEM/Test/STM32F401/Drivers/STM32F4xx_HAL_Driver/Inc/Legacy" -I"C:/Users/ZEPHYRUS M16/Documents/Intergration/AUTOSAR_MEM/Test/STM32F401/Core/Inc" -I"C:/Users/ZEPHYRUS M16/Documents/Intergration/AUTOSAR_MEM/Test/STM32F401/Drivers/CMSIS/Device/ST/STM32F4xx/Include" -I"C:/Users/ZEPHYRUS M16/Documents/Intergration/AUTOSAR_MEM/Test/STM32F401/Drivers/CMSIS/Include" -I"C:/Users/ZEPHYRUS M16/Documents/Intergration/AUTOSAR_MEM/Test/STM32F401/Drivers/STM32F4xx_HAL_Driver/Inc" -I"C:/Users/ZEPHYRUS M16/Documents/Intergration/AUTOSAR_MEM/Test/Stub/Det" -I"C:/Users/ZEPHYRUS M16/Documents/Intergration/AUTOSAR_MEM/Driver/include" -I"C:/Users/ZEPHYRUS M16/Documents/Intergration/AUTOSAR_MEM/Driver/Code_Generator/templates/include" -O0 -ffunction-sections -fdata-sections -Wall -fstack-usage -fcyclomatic-complexity -MMD -MP -MF"Test/Stub/Det/det.d" -MT"Test/Stub/Det/det.o" --specs=nano.specs -mfpu=fpv4-sp-d16 -mfloat-abi=hard -mthumb -o "Test/Stub/Det/det.o"
arm-none-eabi-gcc "../Test/STM32F401/Drivers/STM32F4xx_HAL_Driver/Src/stm32f4xx_hal.c" -mcpu=cortex-m4 -std=gnu11 -g3 -DDEBUG -DUSE_HAL_DRIVER -DSTM32F401xE -c -I"C:/Users/ZEPHYRUS M16/Documents/Intergration/AUTOSAR_MEM/Test/STM32F401/Drivers/STM32F4xx_HAL_Driver/Inc/Legacy" -I"C:/Users/ZEPHYRUS M16/Documents/Intergration/AUTOSAR_MEM/Test/STM32F401/Core/Inc" -I"C:/Users/ZEPHYRUS M16/Documents/Intergration/AUTOSAR_MEM/Test/STM32F401/Drivers/CMSIS/Device/ST/STM32F4xx/Include" -I"C:/Users/ZEPHYRUS M16/Documents/Intergration/AUTOSAR_MEM/Test/STM32F401/Drivers/CMSIS/Include" -I"C:/Users/ZEPHYRUS M16/Documents/Intergration/AUTOSAR_MEM/Test/STM32F401/Drivers/STM32F4xx_HAL_Driver/Inc" -I"C:/Users/ZEPHYRUS M16/Documents/Intergration/AUTOSAR_MEM/Test/Stub/Det" -I"C:/Users/ZEPHYRUS M16/Documents/Intergration/AUTOSAR_MEM/Driver/include" -I"C:/Users/ZEPHYRUS M16/Documents/Intergration/AUTOSAR_MEM/Driver/Code_Generator/templates/include" -O0 -ffunction-sections -fdata-sections -Wall -fstack-usage -fcyclomatic-complexity -MMD -MP -MF"Test/STM32F401/Drivers/STM32F4xx_HAL_Driver/Src/stm32f4xx_hal.d" -MT"Test/STM32F401/Drivers/STM32F4xx_HAL_Driver/Src/stm32f4xx_hal.o" --specs=nano.specs -mfpu=fpv4-sp-d16 -mfloat-abi=hard -mthumb -o "Test/STM32F401/Drivers/STM32F4xx_HAL_Driver/Src/stm32f4xx_hal.o"
arm-none-eabi-gcc "../Test/STM32F401/Drivers/STM32F4xx_HAL_Driver/Src/stm32f4xx_hal_cortex.c" -mcpu=cortex-m4 -std=gnu11 -g3 -DDEBUG -DUSE_HAL_DRIVER -DSTM32F401xE -c -I"C:/Users/ZEPHYRUS M16/Documents/Intergration/AUTOSAR_MEM/Test/STM32F401/Drivers/STM32F4xx_HAL_Driver/Inc/Legacy" -I"C:/Users/ZEPHYRUS M16/Documents/Intergration/AUTOSAR_MEM/Test/STM32F401/Core/Inc" -I"C:/Users/ZEPHYRUS M16/Documents/Intergration/AUTOSAR_MEM/Test/STM32F401/Drivers/CMSIS/Device/ST/STM32F4xx/Include" -I"C:/Users/ZEPHYRUS M16/Documents/Intergration/AUTOSAR_MEM/Test/STM32F401/Drivers/CMSIS/Include" -I"C:/Users/ZEPHYRUS M16/Documents/Intergration/AUTOSAR_MEM/Test/STM32F401/Drivers/STM32F4xx_HAL_Driver/Inc" -I"C:/Users/ZEPHYRUS M16/Documents/Intergration/AUTOSAR_MEM/Test/Stub/Det" -I"C:/Users/ZEPHYRUS M16/Documents/Intergration/AUTOSAR_MEM/Driver/include" -I"C:/Users/ZEPHYRUS M16/Documents/Intergration/AUTOSAR_MEM/Driver/Code_Generator/templates/include" -O0 -ffunction-sections -fdata-sections -Wall -fstack-usage -fcyclomatic-complexity -MMD -MP -MF"Test/STM32F401/Drivers/STM32F4xx_HAL_Driver/Src/stm32f4xx_hal_cortex.d" -MT"Test/STM32F401/Drivers/STM32F4xx_HAL_Driver/Src/stm32f4xx_hal_cortex.o" --specs=nano.specs -mfpu=fpv4-sp-d16 -mfloat-abi=hard -mthumb -o "Test/STM32F401/Drivers/STM32F4xx_HAL_Driver/Src/stm32f4xx_hal_cortex.o"
arm-none-eabi-gcc "../Test/STM32F401/Drivers/STM32F4xx_HAL_Driver/Src/stm32f4xx_hal_dma.c" -mcpu=cortex-m4 -std=gnu11 -g3 -DDEBUG -DUSE_HAL_DRIVER -DSTM32F401xE -c -I"C:/Users/ZEPHYRUS M16/Documents/Intergration/AUTOSAR_MEM/Test/STM32F401/Drivers/STM32F4xx_HAL_Driver/Inc/Legacy" -I"C:/Users/ZEPHYRUS M16/Documents/Intergration/AUTOSAR_MEM/Test/STM32F401/Core/Inc" -I"C:/Users/ZEPHYRUS M16/Documents/Intergration/AUTOSAR_MEM/Test/STM32F401/Drivers/CMSIS/Device/ST/STM32F4xx/Include" -I"C:/Users/ZEPHYRUS M16/Documents/Intergration/AUTOSAR_MEM/Test/STM32F401/Drivers/CMSIS/Include" -I"C:/Users/ZEPHYRUS M16/Documents/Intergration/AUTOSAR_MEM/Test/STM32F401/Drivers/STM32F4xx_HAL_Driver/Inc" -I"C:/Users/ZEPHYRUS M16/Documents/Intergration/AUTOSAR_MEM/Test/Stub/Det" -I"C:/Users/ZEPHYRUS M16/Documents/Intergration/AUTOSAR_MEM/Driver/include" -I"C:/Users/ZEPHYRUS M16/Documents/Intergration/AUTOSAR_MEM/Driver/Code_Generator/templates/include" -O0 -ffunction-sections -fdata-sections -Wall -fstack-usage -fcyclomatic-complexity -MMD -MP -MF"Test/STM32F401/Drivers/STM32F4xx_HAL_Driver/Src/stm32f4xx_hal_dma.d" -MT"Test/STM32F401/Drivers/STM32F4xx_HAL_Driver/Src/stm32f4xx_hal_dma.o" --specs=nano.specs -mfpu=fpv4-sp-d16 -mfloat-abi=hard -mthumb -o "Test/STM32F401/Drivers/STM32F4xx_HAL_Driver/Src/stm32f4xx_hal_dma.o"
arm-none-eabi-gcc "../Test/STM32F401/Drivers/STM32F4xx_HAL_Driver/Src/stm32f4xx_hal_dma_ex.c" -mcpu=cortex-m4 -std=gnu11 -g3 -DDEBUG -DUSE_HAL_DRIVER -DSTM32F401xE -c -I"C:/Users/ZEPHYRUS M16/Documents/Intergration/AUTOSAR_MEM/Test/STM32F401/Drivers/STM32F4xx_HAL_Driver/Inc/Legacy" -I"C:/Users/ZEPHYRUS M16/Documents/Intergration/AUTOSAR_MEM/Test/STM32F401/Core/Inc" -I"C:/Users/ZEPHYRUS M16/Documents/Intergration/AUTOSAR_MEM/Test/STM32F401/Drivers/CMSIS/Device/ST/STM32F4xx/Include" -I"C:/Users/ZEPHYRUS M16/Documents/Intergration/AUTOSAR_MEM/Test/STM32F401/Drivers/CMSIS/Include" -I"C:/Users/ZEPHYRUS M16/Documents/Intergration/AUTOSAR_MEM/Test/STM32F401/Drivers/STM32F4xx_HAL_Driver/Inc" -I"C:/Users/ZEPHYRUS M16/Documents/Intergration/AUTOSAR_MEM/Test/Stub/Det" -I"C:/Users/ZEPHYRUS M16/Documents/Intergration/AUTOSAR_MEM/Driver/include" -I"C:/Users/ZEPHYRUS M16/Documents/Intergration/AUTOSAR_MEM/Driver/Code_Generator/templates/include" -O0 -ffunction-sections -fdata-sections -Wall -fstack-usage -fcyclomatic-complexity -MMD -MP -MF"Test/STM32F401/Drivers/STM32F4xx_HAL_Driver/Src/stm32f4xx_hal_dma_ex.d" -MT"Test/STM32F401/Drivers/STM32F4xx_HAL_Driver/Src/stm32f4xx_hal_dma_ex.o" --specs=nano.specs -mfpu=fpv4-sp-d16 -mfloat-abi=hard -mthumb -o "Test/STM32F401/Drivers/STM32F4xx_HAL_Driver/Src/stm32f4xx_hal_dma_ex.o"
arm-none-eabi-gcc "../Test/STM32F401/Drivers/STM32F4xx_HAL_Driver/Src/stm32f4xx_hal_exti.c" -mcpu=cortex-m4 -std=gnu11 -g3 -DDEBUG -DUSE_HAL_DRIVER -DSTM32F401xE -c -I"C:/Users/ZEPHYRUS M16/Documents/Intergration/AUTOSAR_MEM/Test/STM32F401/Drivers/STM32F4xx_HAL_Driver/Inc/Legacy" -I"C:/Users/ZEPHYRUS M16/Documents/Intergration/AUTOSAR_MEM/Test/STM32F401/Core/Inc" -I"C:/Users/ZEPHYRUS M16/Documents/Intergration/AUTOSAR_MEM/Test/STM32F401/Drivers/CMSIS/Device/ST/STM32F4xx/Include" -I"C:/Users/ZEPHYRUS M16/Documents/Intergration/AUTOSAR_MEM/Test/STM32F401/Drivers/CMSIS/Include" -I"C:/Users/ZEPHYRUS M16/Documents/Intergration/AUTOSAR_MEM/Test/STM32F401/Drivers/STM32F4xx_HAL_Driver/Inc" -I"C:/Users/ZEPHYRUS M16/Documents/Intergration/AUTOSAR_MEM/Test/Stub/Det" -I"C:/Users/ZEPHYRUS M16/Documents/Intergration/AUTOSAR_MEM/Driver/include" -I"C:/Users/ZEPHYRUS M16/Documents/Intergration/AUTOSAR_MEM/Driver/Code_Generator/templates/include" -O0 -ffunction-sections -fdata-sections -Wall -fstack-usage -fcyclomatic-complexity -MMD -MP -MF"Test/STM32F401/Drivers/STM32F4xx_HAL_Driver/Src/stm32f4xx_hal_exti.d" -MT"Test/STM32F401/Drivers/STM32F4xx_HAL_Driver/Src/stm32f4xx_hal_exti.o" --specs=nano.specs -mfpu=fpv4-sp-d16 -mfloat-abi=hard -mthumb -o "Test/STM32F401/Drivers/STM32F4xx_HAL_Driver/Src/stm32f4xx_hal_exti.o"
arm-none-eabi-gcc "../Test/STM32F401/Drivers/STM32F4xx_HAL_Driver/Src/stm32f4xx_hal_flash.c" -mcpu=cortex-m4 -std=gnu11 -g3 -DDEBUG -DUSE_HAL_DRIVER -DSTM32F401xE -c -I"C:/Users/ZEPHYRUS M16/Documents/Intergration/AUTOSAR_MEM/Test/STM32F401/Drivers/STM32F4xx_HAL_Driver/Inc/Legacy" -I"C:/Users/ZEPHYRUS M16/Documents/Intergration/AUTOSAR_MEM/Test/STM32F401/Core/Inc" -I"C:/Users/ZEPHYRUS M16/Documents/Intergration/AUTOSAR_MEM/Test/STM32F401/Drivers/CMSIS/Device/ST/STM32F4xx/Include" -I"C:/Users/ZEPHYRUS M16/Documents/Intergration/AUTOSAR_MEM/Test/STM32F401/Drivers/CMSIS/Include" -I"C:/Users/ZEPHYRUS M16/Documents/Intergration/AUTOSAR_MEM/Test/STM32F401/Drivers/STM32F4xx_HAL_Driver/Inc" -I"C:/Users/ZEPHYRUS M16/Documents/Intergration/AUTOSAR_MEM/Test/Stub/Det" -I"C:/Users/ZEPHYRUS M16/Documents/Intergration/AUTOSAR_MEM/Driver/include" -I"C:/Users/ZEPHYRUS M16/Documents/Intergration/AUTOSAR_MEM/Driver/Code_Generator/templates/include" -O0 -ffunction-sections -fdata-sections -Wall -fstack-usage -fcyclomatic-complexity -MMD -MP -MF"Test/STM32F401/Drivers/STM32F4xx_HAL_Driver/Src/stm32f4xx_hal_flash.d" -MT"Test/STM32F401/Drivers/STM32F4xx_HAL_Driver/Src/stm32f4xx_hal_flash.o" --specs=nano.specs -mfpu=fpv4-sp-d16 -mfloat-abi=hard -mthumb -o "Test/STM32F401/Drivers/STM32F4xx_HAL_Driver/Src/stm32f4xx_hal_flash.o"
arm-none-eabi-gcc "../Test/STM32F401/Drivers/STM32F4xx_HAL_Driver/Src/stm32f4xx_hal_flash_ex.c" -mcpu=cortex-m4 -std=gnu11 -g3 -DDEBUG -DUSE_HAL_DRIVER -DSTM32F401xE -c -I"C:/Users/ZEPHYRUS M16/Documents/Intergration/AUTOSAR_MEM/Test/STM32F401/Drivers/STM32F4xx_HAL_Driver/Inc/Legacy" -I"C:/Users/ZEPHYRUS M16/Documents/Intergration/AUTOSAR_MEM/Test/STM32F401/Core/Inc" -I"C:/Users/ZEPHYRUS M16/Documents/Intergration/AUTOSAR_MEM/Test/STM32F401/Drivers/CMSIS/Device/ST/STM32F4xx/Include" -I"C:/Users/ZEPHYRUS M16/Documents/Intergration/AUTOSAR_MEM/Test/STM32F401/Drivers/CMSIS/Include" -I"C:/Users/ZEPHYRUS M16/Documents/Intergration/AUTOSAR_MEM/Test/STM32F401/Drivers/STM32F4xx_HAL_Driver/Inc" -I"C:/Users/ZEPHYRUS M16/Documents/Intergration/AUTOSAR_MEM/Test/Stub/Det" -I"C:/Users/ZEPHYRUS M16/Documents/Intergration/AUTOSAR_MEM/Driver/include" -I"C:/Users/ZEPHYRUS M16/Documents/Intergration/AUTOSAR_MEM/Driver/Code_Generator/templates/include" -O0 -ffunction-sections -fdata-sections -Wall -fstack-usage -fcyclomatic-complexity -MMD -MP -MF"Test/STM32F401/Drivers/STM32F4xx_HAL_Driver/Src/stm32f4xx_hal_flash_ex.d" -MT"Test/STM32F401/Drivers/STM32F4xx_HAL_Driver/Src/stm32f4xx_hal_flash_ex.o" --specs=nano.specs -mfpu=fpv4-sp-d16 -mfloat-abi=hard -mthumb -o "Test/STM32F401/Drivers/STM32F4xx_HAL_Driver/Src/stm32f4xx_hal_flash_ex.o"
arm-none-eabi-gcc "../Test/STM32F401/Drivers/STM32F4xx_HAL_Driver/Src/stm32f4xx_hal_flash_ramfunc.c" -mcpu=cortex-m4 -std=gnu11 -g3 -DDEBUG -DUSE_HAL_DRIVER -DSTM32F401xE -c -I"C:/Users/ZEPHYRUS M16/Documents/Intergration/AUTOSAR_MEM/Test/STM32F401/Drivers/STM32F4xx_HAL_Driver/Inc/Legacy" -I"C:/Users/ZEPHYRUS M16/Documents/Intergration/AUTOSAR_MEM/Test/STM32F401/Core/Inc" -I"C:/Users/ZEPHYRUS M16/Documents/Intergration/AUTOSAR_MEM/Test/STM32F401/Drivers/CMSIS/Device/ST/STM32F4xx/Include" -I"C:/Users/ZEPHYRUS M16/Documents/Intergration/AUTOSAR_MEM/Test/STM32F401/Drivers/CMSIS/Include" -I"C:/Users/ZEPHYRUS M16/Documents/Intergration/AUTOSAR_MEM/Test/STM32F401/Drivers/STM32F4xx_HAL_Driver/Inc" -I"C:/Users/ZEPHYRUS M16/Documents/Intergration/AUTOSAR_MEM/Test/Stub/Det" -I"C:/Users/ZEPHYRUS M16/Documents/Intergration/AUTOSAR_MEM/Driver/include" -I"C:/Users/ZEPHYRUS M16/Documents/Intergration/AUTOSAR_MEM/Driver/Code_Generator/templates/include" -O0 -ffunction-sections -fdata-sections -Wall -fstack-usage -fcyclomatic-complexity -MMD -MP -MF"Test/STM32F401/Drivers/STM32F4xx_HAL_Driver/Src/stm32f4xx_hal_flash_ramfunc.d" -MT"Test/STM32F401/Drivers/STM32F4xx_HAL_Driver/Src/stm32f4xx_hal_flash_ramfunc.o" --specs=nano.specs -mfpu=fpv4-sp-d16 -mfloat-abi=hard -mthumb -o "Test/STM32F401/Drivers/STM32F4xx_HAL_Driver/Src/stm32f4xx_hal_flash_ramfunc.o"
arm-none-eabi-gcc "../Test/STM32F401/Drivers/STM32F4xx_HAL_Driver/Src/stm32f4xx_hal_gpio.c" -mcpu=cortex-m4 -std=gnu11 -g3 -DDEBUG -DUSE_HAL_DRIVER -DSTM32F401xE -c -I"C:/Users/ZEPHYRUS M16/Documents/Intergration/AUTOSAR_MEM/Test/STM32F401/Drivers/STM32F4xx_HAL_Driver/Inc/Legacy" -I"C:/Users/ZEPHYRUS M16/Documents/Intergration/AUTOSAR_MEM/Test/STM32F401/Core/Inc" -I"C:/Users/ZEPHYRUS M16/Documents/Intergration/AUTOSAR_MEM/Test/STM32F401/Drivers/CMSIS/Device/ST/STM32F4xx/Include" -I"C:/Users/ZEPHYRUS M16/Documents/Intergration/AUTOSAR_MEM/Test/STM32F401/Drivers/CMSIS/Include" -I"C:/Users/ZEPHYRUS M16/Documents/Intergration/AUTOSAR_MEM/Test/STM32F401/Drivers/STM32F4xx_HAL_Driver/Inc" -I"C:/Users/ZEPHYRUS M16/Documents/Intergration/AUTOSAR_MEM/Test/Stub/Det" -I"C:/Users/ZEPHYRUS M16/Documents/Intergration/AUTOSAR_MEM/Driver/include" -I"C:/Users/ZEPHYRUS M16/Documents/Intergration/AUTOSAR_MEM/Driver/Code_Generator/templates/include" -O0 -ffunction-sections -fdata-sections -Wall -fstack-usage -fcyclomatic-complexity -MMD -MP -MF"Test/STM32F401/Drivers/STM32F4xx_HAL_Driver/Src/stm32f4xx_hal_gpio.d" -MT"Test/STM32F401/Drivers/STM32F4xx_HAL_Driver/Src/stm32f4xx_hal_gpio.o" --specs=nano.specs -mfpu=fpv4-sp-d16 -mfloat-abi=hard -mthumb -o "Test/STM32F401/Drivers/STM32F4xx_HAL_Driver/Src/stm32f4xx_hal_gpio.o"
arm-none-eabi-gcc "../Test/STM32F401/Drivers/STM32F4xx_HAL_Driver/Src/stm32f4xx_hal_pwr.c" -mcpu=cortex-m4 -std=gnu11 -g3 -DDEBUG -DUSE_HAL_DRIVER -DSTM32F401xE -c -I"C:/Users/ZEPHYRUS M16/Documents/Intergration/AUTOSAR_MEM/Test/STM32F401/Drivers/STM32F4xx_HAL_Driver/Inc/Legacy" -I"C:/Users/ZEPHYRUS M16/Documents/Intergration/AUTOSAR_MEM/Test/STM32F401/Core/Inc" -I"C:/Users/ZEPHYRUS M16/Documents/Intergration/AUTOSAR_MEM/Test/STM32F401/Drivers/CMSIS/Device/ST/STM32F4xx/Include" -I"C:/Users/ZEPHYRUS M16/Documents/Intergration/AUTOSAR_MEM/Test/STM32F401/Drivers/CMSIS/Include" -I"C:/Users/ZEPHYRUS M16/Documents/Intergration/AUTOSAR_MEM/Test/STM32F401/Drivers/STM32F4xx_HAL_Driver/Inc" -I"C:/Users/ZEPHYRUS M16/Documents/Intergration/AUTOSAR_MEM/Test/Stub/Det" -I"C:/Users/ZEPHYRUS M16/Documents/Intergration/AUTOSAR_MEM/Driver/include" -I"C:/Users/ZEPHYRUS M16/Documents/Intergration/AUTOSAR_MEM/Driver/Code_Generator/templates/include" -O0 -ffunction-sections -fdata-sections -Wall -fstack-usage -fcyclomatic-complexity -MMD -MP -MF"Test/STM32F401/Drivers/STM32F4xx_HAL_Driver/Src/stm32f4xx_hal_pwr.d" -MT"Test/STM32F401/Drivers/STM32F4xx_HAL_Driver/Src/stm32f4xx_hal_pwr.o" --specs=nano.specs -mfpu=fpv4-sp-d16 -mfloat-abi=hard -mthumb -o "Test/STM32F401/Drivers/STM32F4xx_HAL_Driver/Src/stm32f4xx_hal_pwr.o"
arm-none-eabi-gcc "../Test/STM32F401/Drivers/STM32F4xx_HAL_Driver/Src/stm32f4xx_hal_pwr_ex.c" -mcpu=cortex-m4 -std=gnu11 -g3 -DDEBUG -DUSE_HAL_DRIVER -DSTM32F401xE -c -I"C:/Users/ZEPHYRUS M16/Documents/Intergration/AUTOSAR_MEM/Test/STM32F401/Drivers/STM32F4xx_HAL_Driver/Inc/Legacy" -I"C:/Users/ZEPHYRUS M16/Documents/Intergration/AUTOSAR_MEM/Test/STM32F401/Core/Inc" -I"C:/Users/ZEPHYRUS M16/Documents/Intergration/AUTOSAR_MEM/Test/STM32F401/Drivers/CMSIS/Device/ST/STM32F4xx/Include" -I"C:/Users/ZEPHYRUS M16/Documents/Intergration/AUTOSAR_MEM/Test/STM32F401/Drivers/CMSIS/Include" -I"C:/Users/ZEPHYRUS M16/Documents/Intergration/AUTOSAR_MEM/Test/STM32F401/Drivers/STM32F4xx_HAL_Driver/Inc" -I"C:/Users/ZEPHYRUS M16/Documents/Intergration/AUTOSAR_MEM/Test/Stub/Det" -I"C:/Users/ZEPHYRUS M16/Documents/Intergration/AUTOSAR_MEM/Driver/include" -I"C:/Users/ZEPHYRUS M16/Documents/Intergration/AUTOSAR_MEM/Driver/Code_Generator/templates/include" -O0 -ffunction-sections -fdata-sections -Wall -fstack-usage -fcyclomatic-complexity -MMD -MP -MF"Test/STM32F401/Drivers/STM32F4xx_HAL_Driver/Src/stm32f4xx_hal_pwr_ex.d" -MT"Test/STM32F401/Drivers/STM32F4xx_HAL_Driver/Src/stm32f4xx_hal_pwr_ex.o" --specs=nano.specs -mfpu=fpv4-sp-d16 -mfloat-abi=hard -mthumb -o "Test/STM32F401/Drivers/STM32F4xx_HAL_Driver/Src/stm32f4xx_hal_pwr_ex.o"
arm-none-eabi-gcc "../Test/STM32F401/Drivers/STM32F4xx_HAL_Driver/Src/stm32f4xx_hal_rcc.c" -mcpu=cortex-m4 -std=gnu11 -g3 -DDEBUG -DUSE_HAL_DRIVER -DSTM32F401xE -c -I"C:/Users/ZEPHYRUS M16/Documents/Intergration/AUTOSAR_MEM/Test/STM32F401/Drivers/STM32F4xx_HAL_Driver/Inc/Legacy" -I"C:/Users/ZEPHYRUS M16/Documents/Intergration/AUTOSAR_MEM/Test/STM32F401/Core/Inc" -I"C:/Users/ZEPHYRUS M16/Documents/Intergration/AUTOSAR_MEM/Test/STM32F401/Drivers/CMSIS/Device/ST/STM32F4xx/Include" -I"C:/Users/ZEPHYRUS M16/Documents/Intergration/AUTOSAR_MEM/Test/STM32F401/Drivers/CMSIS/Include" -I"C:/Users/ZEPHYRUS M16/Documents/Intergration/AUTOSAR_MEM/Test/STM32F401/Drivers/STM32F4xx_HAL_Driver/Inc" -I"C:/Users/ZEPHYRUS M16/Documents/Intergration/AUTOSAR_MEM/Test/Stub/Det" -I"C:/Users/ZEPHYRUS M16/Documents/Intergration/AUTOSAR_MEM/Driver/include" -I"C:/Users/ZEPHYRUS M16/Documents/Intergration/AUTOSAR_MEM/Driver/Code_Generator/templates/include" -O0 -ffunction-sections -fdata-sections -Wall -fstack-usage -fcyclomatic-complexity -MMD -MP -MF"Test/STM32F401/Drivers/STM32F4xx_HAL_Driver/Src/stm32f4xx_hal_rcc.d" -MT"Test/STM32F401/Drivers/STM32F4xx_HAL_Driver/Src/stm32f4xx_hal_rcc.o" --specs=nano.specs -mfpu=fpv4-sp-d16 -mfloat-abi=hard -mthumb -o "Test/STM32F401/Drivers/STM32F4xx_HAL_Driver/Src/stm32f4xx_hal_rcc.o"
arm-none-eabi-gcc "../Test/STM32F401/Drivers/STM32F4xx_HAL_Driver/Src/stm32f4xx_hal_rcc_ex.c" -mcpu=cortex-m4 -std=gnu11 -g3 -DDEBUG -DUSE_HAL_DRIVER -DSTM32F401xE -c -I"C:/Users/ZEPHYRUS M16/Documents/Intergration/AUTOSAR_MEM/Test/STM32F401/Drivers/STM32F4xx_HAL_Driver/Inc/Legacy" -I"C:/Users/ZEPHYRUS M16/Documents/Intergration/AUTOSAR_MEM/Test/STM32F401/Core/Inc" -I"C:/Users/ZEPHYRUS M16/Documents/Intergration/AUTOSAR_MEM/Test/STM32F401/Drivers/CMSIS/Device/ST/STM32F4xx/Include" -I"C:/Users/ZEPHYRUS M16/Documents/Intergration/AUTOSAR_MEM/Test/STM32F401/Drivers/CMSIS/Include" -I"C:/Users/ZEPHYRUS M16/Documents/Intergration/AUTOSAR_MEM/Test/STM32F401/Drivers/STM32F4xx_HAL_Driver/Inc" -I"C:/Users/ZEPHYRUS M16/Documents/Intergration/AUTOSAR_MEM/Test/Stub/Det" -I"C:/Users/ZEPHYRUS M16/Documents/Intergration/AUTOSAR_MEM/Driver/include" -I"C:/Users/ZEPHYRUS M16/Documents/Intergration/AUTOSAR_MEM/Driver/Code_Generator/templates/include" -O0 -ffunction-sections -fdata-sections -Wall -fstack-usage -fcyclomatic-complexity -MMD -MP -MF"Test/STM32F401/Drivers/STM32F4xx_HAL_Driver/Src/stm32f4xx_hal_rcc_ex.d" -MT"Test/STM32F401/Drivers/STM32F4xx_HAL_Driver/Src/stm32f4xx_hal_rcc_ex.o" --specs=nano.specs -mfpu=fpv4-sp-d16 -mfloat-abi=hard -mthumb -o "Test/STM32F401/Drivers/STM32F4xx_HAL_Driver/Src/stm32f4xx_hal_rcc_ex.o"
arm-none-eabi-gcc "../Test/STM32F401/Drivers/STM32F4xx_HAL_Driver/Src/stm32f4xx_hal_uart.c" -mcpu=cortex-m4 -std=gnu11 -g3 -DDEBUG -DUSE_HAL_DRIVER -DSTM32F401xE -c -I"C:/Users/ZEPHYRUS M16/Documents/Intergration/AUTOSAR_MEM/Test/STM32F401/Drivers/STM32F4xx_HAL_Driver/Inc/Legacy" -I"C:/Users/ZEPHYRUS M16/Documents/Intergration/AUTOSAR_MEM/Test/STM32F401/Core/Inc" -I"C:/Users/ZEPHYRUS M16/Documents/Intergration/AUTOSAR_MEM/Test/STM32F401/Drivers/CMSIS/Device/ST/STM32F4xx/Include" -I"C:/Users/ZEPHYRUS M16/Documents/Intergration/AUTOSAR_MEM/Test/STM32F401/Drivers/CMSIS/Include" -I"C:/Users/ZEPHYRUS M16/Documents/Intergration/AUTOSAR_MEM/Test/STM32F401/Drivers/STM32F4xx_HAL_Driver/Inc" -I"C:/Users/ZEPHYRUS M16/Documents/Intergration/AUTOSAR_MEM/Test/Stub/Det" -I"C:/Users/ZEPHYRUS M16/Documents/Intergration/AUTOSAR_MEM/Driver/include" -I"C:/Users/ZEPHYRUS M16/Documents/Intergration/AUTOSAR_MEM/Driver/Code_Generator/templates/include" -O0 -ffunction-sections -fdata-sections -Wall -fstack-usage -fcyclomatic-complexity -MMD -MP -MF"Test/STM32F401/Drivers/STM32F4xx_HAL_Driver/Src/stm32f4xx_hal_uart.d" -MT"Test/STM32F401/Drivers/STM32F4xx_HAL_Driver/Src/stm32f4xx_hal_uart.o" --specs=nano.specs -mfpu=fpv4-sp-d16 -mfloat-abi=hard -mthumb -o "Test/STM32F401/Drivers/STM32F4xx_HAL_Driver/Src/stm32f4xx_hal_uart.o"
arm-none-eabi-gcc -mcpu=cortex-m4 -g3 -DDEBUG -c -x assembler-with-cpp -MMD -MP -MF"Test/STM32F401/Core/Startup/startup_stm32f401retx.d" -MT"Test/STM32F401/Core/Startup/startup_stm32f401retx.o" --specs=nano.specs -mfpu=fpv4-sp-d16 -mfloat-abi=hard -mthumb -o "Test/STM32F401/Core/Startup/startup_stm32f401retx.o" "../Test/STM32F401/Core/Startup/startup_stm32f401retx.s"
arm-none-eabi-gcc "../Test/STM32F401/Core/Src/stm32f4xx_hal_msp.c" -mcpu=cortex-m4 -std=gnu11 -g3 -DDEBUG -DUSE_HAL_DRIVER -DSTM32F401xE -c -I"C:/Users/ZEPHYRUS M16/Documents/Intergration/AUTOSAR_MEM/Test/STM32F401/Drivers/STM32F4xx_HAL_Driver/Inc/Legacy" -I"C:/Users/ZEPHYRUS M16/Documents/Intergration/AUTOSAR_MEM/Test/STM32F401/Core/Inc" -I"C:/Users/ZEPHYRUS M16/Documents/Intergration/AUTOSAR_MEM/Test/STM32F401/Drivers/CMSIS/Device/ST/STM32F4xx/Include" -I"C:/Users/ZEPHYRUS M16/Documents/Intergration/AUTOSAR_MEM/Test/STM32F401/Drivers/CMSIS/Include" -I"C:/Users/ZEPHYRUS M16/Documents/Intergration/AUTOSAR_MEM/Test/STM32F401/Drivers/STM32F4xx_HAL_Driver/Inc" -I"C:/Users/ZEPHYRUS M16/Documents/Intergration/AUTOSAR_MEM/Test/Stub/Det" -I"C:/Users/ZEPHYRUS M16/Documents/Intergration/AUTOSAR_MEM/Driver/include" -I"C:/Users/ZEPHYRUS M16/Documents/Intergration/AUTOSAR_MEM/Driver/Code_Generator/templates/include" -O0 -ffunction-sections -fdata-sections -Wall -fstack-usage -fcyclomatic-complexity -MMD -MP -MF"Test/STM32F401/Core/Src/stm32f4xx_hal_msp.d" -MT"Test/STM32F401/Core/Src/stm32f4xx_hal_msp.o" --specs=nano.specs -mfpu=fpv4-sp-d16 -mfloat-abi=hard -mthumb -o "Test/STM32F401/Core/Src/stm32f4xx_hal_msp.o"
arm-none-eabi-gcc "../Test/STM32F401/Core/Src/stm32f4xx_it.c" -mcpu=cortex-m4 -std=gnu11 -g3 -DDEBUG -DUSE_HAL_DRIVER -DSTM32F401xE -c -I"C:/Users/ZEPHYRUS M16/Documents/Intergration/AUTOSAR_MEM/Test/STM32F401/Drivers/STM32F4xx_HAL_Driver/Inc/Legacy" -I"C:/Users/ZEPHYRUS M16/Documents/Intergration/AUTOSAR_MEM/Test/STM32F401/Core/Inc" -I"C:/Users/ZEPHYRUS M16/Documents/Intergration/AUTOSAR_MEM/Test/STM32F401/Drivers/CMSIS/Device/ST/STM32F4xx/Include" -I"C:/Users/ZEPHYRUS M16/Documents/Intergration/AUTOSAR_MEM/Test/STM32F401/Drivers/CMSIS/Include" -I"C:/Users/ZEPHYRUS M16/Documents/Intergration/AUTOSAR_MEM/Test/STM32F401/Drivers/STM32F4xx_HAL_Driver/Inc" -I"C:/Users/ZEPHYRUS M16/Documents/Intergration/AUTOSAR_MEM/Test/Stub/Det" -I"C:/Users/ZEPHYRUS M16/Documents/Intergration/AUTOSAR_MEM/Driver/include" -I"C:/Users/ZEPHYRUS M16/Documents/Intergration/AUTOSAR_MEM/Driver/Code_Generator/templates/include" -O0 -ffunction-sections -fdata-sections -Wall -fstack-usage -fcyclomatic-complexity -MMD -MP -MF"Test/STM32F401/Core/Src/stm32f4xx_it.d" -MT"Test/STM32F401/Core/Src/stm32f4xx_it.o" --specs=nano.specs -mfpu=fpv4-sp-d16 -mfloat-abi=hard -mthumb -o "Test/STM32F401/Core/Src/stm32f4xx_it.o"
arm-none-eabi-gcc "../Test/STM32F401/Core/Src/syscalls.c" -mcpu=cortex-m4 -std=gnu11 -g3 -DDEBUG -DUSE_HAL_DRIVER -DSTM32F401xE -c -I"C:/Users/ZEPHYRUS M16/Documents/Intergration/AUTOSAR_MEM/Test/STM32F401/Drivers/STM32F4xx_HAL_Driver/Inc/Legacy" -I"C:/Users/ZEPHYRUS M16/Documents/Intergration/AUTOSAR_MEM/Test/STM32F401/Core/Inc" -I"C:/Users/ZEPHYRUS M16/Documents/Intergration/AUTOSAR_MEM/Test/STM32F401/Drivers/CMSIS/Device/ST/STM32F4xx/Include" -I"C:/Users/ZEPHYRUS M16/Documents/Intergration/AUTOSAR_MEM/Test/STM32F401/Drivers/CMSIS/Include" -I"C:/Users/ZEPHYRUS M16/Documents/Intergration/AUTOSAR_MEM/Test/STM32F401/Drivers/STM32F4xx_HAL_Driver/Inc" -I"C:/Users/ZEPHYRUS M16/Documents/Intergration/AUTOSAR_MEM/Test/Stub/Det" -I"C:/Users/ZEPHYRUS M16/Documents/Intergration/AUTOSAR_MEM/Driver/include" -I"C:/Users/ZEPHYRUS M16/Documents/Intergration/AUTOSAR_MEM/Driver/Code_Generator/templates/include" -O0 -ffunction-sections -fdata-sections -Wall -fstack-usage -fcyclomatic-complexity -MMD -MP -MF"Test/STM32F401/Core/Src/syscalls.d" -MT"Test/STM32F401/Core/Src/syscalls.o" --specs=nano.specs -mfpu=fpv4-sp-d16 -mfloat-abi=hard -mthumb -o "Test/STM32F401/Core/Src/syscalls.o"
arm-none-eabi-gcc "../Test/STM32F401/Core/Src/sysmem.c" -mcpu=cortex-m4 -std=gnu11 -g3 -DDEBUG -DUSE_HAL_DRIVER -DSTM32F401xE -c -I"C:/Users/ZEPHYRUS M16/Documents/Intergration/AUTOSAR_MEM/Test/STM32F401/Drivers/STM32F4xx_HAL_Driver/Inc/Legacy" -I"C:/Users/ZEPHYRUS M16/Documents/Intergration/AUTOSAR_MEM/Test/STM32F401/Core/Inc" -I"C:/Users/ZEPHYRUS M16/Documents/Intergration/AUTOSAR_MEM/Test/STM32F401/Drivers/CMSIS/Device/ST/STM32F4xx/Include" -I"C:/Users/ZEPHYRUS M16/Documents/Intergration/AUTOSAR_MEM/Test/STM32F401/Drivers/CMSIS/Include" -I"C:/Users/ZEPHYRUS M16/Documents/Intergration/AUTOSAR_MEM/Test/STM32F401/Drivers/STM32F4xx_HAL_Driver/Inc" -I"C:/Users/ZEPHYRUS M16/Documents/Intergration/AUTOSAR_MEM/Test/Stub/Det" -I"C:/Users/ZEPHYRUS M16/Documents/Intergration/AUTOSAR_MEM/Driver/include" -I"C:/Users/ZEPHYRUS M16/Documents/Intergration/AUTOSAR_MEM/Driver/Code_Generator/templates/include" -O0 -ffunction-sections -fdata-sections -Wall -fstack-usage -fcyclomatic-complexity -MMD -MP -MF"Test/STM32F401/Core/Src/sysmem.d" -MT"Test/STM32F401/Core/Src/sysmem.o" --specs=nano.specs -mfpu=fpv4-sp-d16 -mfloat-abi=hard -mthumb -o "Test/STM32F401/Core/Src/sysmem.o"
arm-none-eabi-gcc "../Test/STM32F401/Core/Src/system_stm32f4xx.c" -mcpu=cortex-m4 -std=gnu11 -g3 -DDEBUG -DUSE_HAL_DRIVER -DSTM32F401xE -c -I"C:/Users/ZEPHYRUS M16/Documents/Intergration/AUTOSAR_MEM/Test/STM32F401/Drivers/STM32F4xx_HAL_Driver/Inc/Legacy" -I"C:/Users/ZEPHYRUS M16/Documents/Intergration/AUTOSAR_MEM/Test/STM32F401/Core/Inc" -I"C:/Users/ZEPHYRUS M16/Documents/Intergration/AUTOSAR_MEM/Test/STM32F401/Drivers/CMSIS/Device/ST/STM32F4xx/Include" -I"C:/Users/ZEPHYRUS M16/Documents/Intergration/AUTOSAR_MEM/Test/STM32F401/Drivers/CMSIS/Include" -I"C:/Users/ZEPHYRUS M16/Documents/Intergration/AUTOSAR_MEM/Test/STM32F401/Drivers/STM32F4xx_HAL_Driver/Inc" -I"C:/Users/ZEPHYRUS M16/Documents/Intergration/AUTOSAR_MEM/Test/Stub/Det" -I"C:/Users/ZEPHYRUS M16/Documents/Intergration/AUTOSAR_MEM/Driver/include" -I"C:/Users/ZEPHYRUS M16/Documents/Intergration/AUTOSAR_MEM/Driver/Code_Generator/templates/include" -O0 -ffunction-sections -fdata-sections -Wall -fstack-usage -fcyclomatic-complexity -MMD -MP -MF"Test/STM32F401/Core/Src/system_stm32f4xx.d" -MT"Test/STM32F401/Core/Src/system_stm32f4xx.o" --specs=nano.specs -mfpu=fpv4-sp-d16 -mfloat-abi=hard -mthumb -o "Test/STM32F401/Core/Src/system_stm32f4xx.o"
arm-none-eabi-gcc "../Test/Core/main.c" -mcpu=cortex-m4 -std=gnu11 -g3 -DDEBUG -DUSE_HAL_DRIVER -DSTM32F401xE -c -I"C:/Users/ZEPHYRUS M16/Documents/Intergration/AUTOSAR_MEM/Test/STM32F401/Drivers/STM32F4xx_HAL_Driver/Inc/Legacy" -I"C:/Users/ZEPHYRUS M16/Documents/Intergration/AUTOSAR_MEM/Test/STM32F401/Core/Inc" -I"C:/Users/ZEPHYRUS M16/Documents/Intergration/AUTOSAR_MEM/Test/STM32F401/Drivers/CMSIS/Device/ST/STM32F4xx/Include" -I"C:/Users/ZEPHYRUS M16/Documents/Intergration/AUTOSAR_MEM/Test/STM32F401/Drivers/CMSIS/Include" -I"C:/Users/ZEPHYRUS M16/Documents/Intergration/AUTOSAR_MEM/Test/STM32F401/Drivers/STM32F4xx_HAL_Driver/Inc" -I"C:/Users/ZEPHYRUS M16/Documents/Intergration/AUTOSAR_MEM/Test/Stub/Det" -I"C:/Users/ZEPHYRUS M16/Documents/Intergration/AUTOSAR_MEM/Driver/include" -I"C:/Users/ZEPHYRUS M16/Documents/Intergration/AUTOSAR_MEM/Driver/Code_Generator/templates/include" -O0 -ffunction-sections -fdata-sections -Wall -fstack-usage -fcyclomatic-complexity -MMD -MP -MF"Test/Core/main.d" -MT"Test/Core/main.o" --specs=nano.specs -mfpu=fpv4-sp-d16 -mfloat-abi=hard -mthumb -o "Test/Core/main.o"
arm-none-eabi-gcc "../Driver/src/Flash_IP.c" -mcpu=cortex-m4 -std=gnu11 -g3 -DDEBUG -DUSE_HAL_DRIVER -DSTM32F401xE -c -I"C:/Users/ZEPHYRUS M16/Documents/Intergration/AUTOSAR_MEM/Test/STM32F401/Drivers/STM32F4xx_HAL_Driver/Inc/Legacy" -I"C:/Users/ZEPHYRUS M16/Documents/Intergration/AUTOSAR_MEM/Test/STM32F401/Core/Inc" -I"C:/Users/ZEPHYRUS M16/Documents/Intergration/AUTOSAR_MEM/Test/STM32F401/Drivers/CMSIS/Device/ST/STM32F4xx/Include" -I"C:/Users/ZEPHYRUS M16/Documents/Intergration/AUTOSAR_MEM/Test/STM32F401/Drivers/CMSIS/Include" -I"C:/Users/ZEPHYRUS M16/Documents/Intergration/AUTOSAR_MEM/Test/STM32F401/Drivers/STM32F4xx_HAL_Driver/Inc" -I"C:/Users/ZEPHYRUS M16/Documents/Intergration/AUTOSAR_MEM/Test/Stub/Det" -I"C:/Users/ZEPHYRUS M16/Documents/Intergration/AUTOSAR_MEM/Driver/include" -I"C:/Users/ZEPHYRUS M16/Documents/Intergration/AUTOSAR_MEM/Driver/Code_Generator/templates/include" -O0 -ffunction-sections -fdata-sections -Wall -fstack-usage -fcyclomatic-complexity -MMD -MP -MF"Driver/src/Flash_IP.d" -MT"Driver/src/Flash_IP.o" --specs=nano.specs -mfpu=fpv4-sp-d16 -mfloat-abi=hard -mthumb -o "Driver/src/Flash_IP.o"
arm-none-eabi-gcc "../Driver/src/Mem.c" -mcpu=cortex-m4 -std=gnu11 -g3 -DDEBUG -DUSE_HAL_DRIVER -DSTM32F401xE -c -I"C:/Users/ZEPHYRUS M16/Documents/Intergration/AUTOSAR_MEM/Test/STM32F401/Drivers/STM32F4xx_HAL_Driver/Inc/Legacy" -I"C:/Users/ZEPHYRUS M16/Documents/Intergration/AUTOSAR_MEM/Test/STM32F401/Core/Inc" -I"C:/Users/ZEPHYRUS M16/Documents/Intergration/AUTOSAR_MEM/Test/STM32F401/Drivers/CMSIS/Device/ST/STM32F4xx/Include" -I"C:/Users/ZEPHYRUS M16/Documents/Intergration/AUTOSAR_MEM/Test/STM32F401/Drivers/CMSIS/Include" -I"C:/Users/ZEPHYRUS M16/Documents/Intergration/AUTOSAR_MEM/Test/STM32F401/Drivers/STM32F4xx_HAL_Driver/Inc" -I"C:/Users/ZEPHYRUS M16/Documents/Intergration/AUTOSAR_MEM/Test/Stub/Det" -I"C:/Users/ZEPHYRUS M16/Documents/Intergration/AUTOSAR_MEM/Driver/include" -I"C:/Users/ZEPHYRUS M16/Documents/Intergration/AUTOSAR_MEM/Driver/Code_Generator/templates/include" -O0 -ffunction-sections -fdata-sections -Wall -fstack-usage -fcyclomatic-complexity -MMD -MP -MF"Driver/src/Mem.d" -MT"Driver/src/Mem.o" --specs=nano.specs -mfpu=fpv4-sp-d16 -mfloat-abi=hard -mthumb -o "Driver/src/Mem.o"
arm-none-eabi-gcc "../Driver/src/Mem_IPW.c" -mcpu=cortex-m4 -std=gnu11 -g3 -DDEBUG -DUSE_HAL_DRIVER -DSTM32F401xE -c -I"C:/Users/ZEPHYRUS M16/Documents/Intergration/AUTOSAR_MEM/Test/STM32F401/Drivers/STM32F4xx_HAL_Driver/Inc/Legacy" -I"C:/Users/ZEPHYRUS M16/Documents/Intergration/AUTOSAR_MEM/Test/STM32F401/Core/Inc" -I"C:/Users/ZEPHYRUS M16/Documents/Intergration/AUTOSAR_MEM/Test/STM32F401/Drivers/CMSIS/Device/ST/STM32F4xx/Include" -I"C:/Users/ZEPHYRUS M16/Documents/Intergration/AUTOSAR_MEM/Test/STM32F401/Drivers/CMSIS/Include" -I"C:/Users/ZEPHYRUS M16/Documents/Intergration/AUTOSAR_MEM/Test/STM32F401/Drivers/STM32F4xx_HAL_Driver/Inc" -I"C:/Users/ZEPHYRUS M16/Documents/Intergration/AUTOSAR_MEM/Test/Stub/Det" -I"C:/Users/ZEPHYRUS M16/Documents/Intergration/AUTOSAR_MEM/Driver/include" -I"C:/Users/ZEPHYRUS M16/Documents/Intergration/AUTOSAR_MEM/Driver/Code_Generator/templates/include" -O0 -ffunction-sections -fdata-sections -Wall -fstack-usage -fcyclomatic-complexity -MMD -MP -MF"Driver/src/Mem_IPW.d" -MT"Driver/src/Mem_IPW.o" --specs=nano.specs -mfpu=fpv4-sp-d16 -mfloat-abi=hard -mthumb -o "Driver/src/Mem_IPW.o"
arm-none-eabi-gcc "../Driver/Code_Generator/templates/src/Flash_IP_Cfg.c" -mcpu=cortex-m4 -std=gnu11 -g3 -DDEBUG -DUSE_HAL_DRIVER -DSTM32F401xE -c -I"C:/Users/ZEPHYRUS M16/Documents/Intergration/AUTOSAR_MEM/Test/STM32F401/Drivers/STM32F4xx_HAL_Driver/Inc/Legacy" -I"C:/Users/ZEPHYRUS M16/Documents/Intergration/AUTOSAR_MEM/Test/STM32F401/Core/Inc" -I"C:/Users/ZEPHYRUS M16/Documents/Intergration/AUTOSAR_MEM/Test/STM32F401/Drivers/CMSIS/Device/ST/STM32F4xx/Include" -I"C:/Users/ZEPHYRUS M16/Documents/Intergration/AUTOSAR_MEM/Test/STM32F401/Drivers/CMSIS/Include" -I"C:/Users/ZEPHYRUS M16/Documents/Intergration/AUTOSAR_MEM/Test/STM32F401/Drivers/STM32F4xx_HAL_Driver/Inc" -I"C:/Users/ZEPHYRUS M16/Documents/Intergration/AUTOSAR_MEM/Test/Stub/Det" -I"C:/Users/ZEPHYRUS M16/Documents/Intergration/AUTOSAR_MEM/Driver/include" -I"C:/Users/ZEPHYRUS M16/Documents/Intergration/AUTOSAR_MEM/Driver/Code_Generator/templates/include" -O0 -ffunction-sections -fdata-sections -Wall -fstack-usage -fcyclomatic-complexity -MMD -MP -MF"Driver/Code_Generator/templates/src/Flash_IP_Cfg.d" -MT"Driver/Code_Generator/templates/src/Flash_IP_Cfg.o" --specs=nano.specs -mfpu=fpv4-sp-d16 -mfloat-abi=hard -mthumb -o "Driver/Code_Generator/templates/src/Flash_IP_Cfg.o"
arm-none-eabi-gcc "../Driver/Code_Generator/templates/src/Mem_Cfg.c" -mcpu=cortex-m4 -std=gnu11 -g3 -DDEBUG -DUSE_HAL_DRIVER -DSTM32F401xE -c -I"C:/Users/ZEPHYRUS M16/Documents/Intergration/AUTOSAR_MEM/Test/STM32F401/Drivers/STM32F4xx_HAL_Driver/Inc/Legacy" -I"C:/Users/ZEPHYRUS M16/Documents/Intergration/AUTOSAR_MEM/Test/STM32F401/Core/Inc" -I"C:/Users/ZEPHYRUS M16/Documents/Intergration/AUTOSAR_MEM/Test/STM32F401/Drivers/CMSIS/Device/ST/STM32F4xx/Include" -I"C:/Users/ZEPHYRUS M16/Documents/Intergration/AUTOSAR_MEM/Test/STM32F401/Drivers/CMSIS/Include" -I"C:/Users/ZEPHYRUS M16/Documents/Intergration/AUTOSAR_MEM/Test/STM32F401/Drivers/STM32F4xx_HAL_Driver/Inc" -I"C:/Users/ZEPHYRUS M16/Documents/Intergration/AUTOSAR_MEM/Test/Stub/Det" -I"C:/Users/ZEPHYRUS M16/Documents/Intergration/AUTOSAR_MEM/Driver/include" -I"C:/Users/ZEPHYRUS M16/Documents/Intergration/AUTOSAR_MEM/Driver/Code_Generator/templates/include" -O0 -ffunction-sections -fdata-sections -Wall -fstack-usage -fcyclomatic-complexity -MMD -MP -MF"Driver/Code_Generator/templates/src/Mem_Cfg.d" -MT"Driver/Code_Generator/templates/src/Mem_Cfg.o" --specs=nano.specs -mfpu=fpv4-sp-d16 -mfloat-abi=hard -mthumb -o "Driver/Code_Generator/templates/src/Mem_Cfg.o"
arm-none-eabi-gcc -o "AUTOSAR_MEM.elf" @"objects.list"   -mcpu=cortex-m4 -T"C:\Users\ZEPHYRUS M16\Documents\Intergration\AUTOSAR_MEM\STM32F401RETX_FLASH.ld" --specs=nosys.specs -Wl,-Map="AUTOSAR_MEM.map" -Wl,--gc-sections -static --specs=nano.specs -mfpu=fpv4-sp-d16 -mfloat-abi=hard -mthumb -Wl,--start-group -lc -lm -Wl,--end-group
Finished building target: AUTOSAR_MEM.elf
 
arm-none-eabi-size  AUTOSAR_MEM.elf 
arm-none-eabi-objdump -h -S AUTOSAR_MEM.elf  > "AUTOSAR_MEM.list"
   text	   data	    bss	    dec	    hex	filename
   8024	     12	   1660	   9696	   25e0	AUTOSAR_MEM.elf
Finished building: default.size.stdout
 
Finished building: AUTOSAR_MEM.list
 
