Archive member included to satisfy reference by file (symbol)

C:/ST/STM32CubeIDE_1.17.0/STM32CubeIDE/plugins/com.st.stm32cube.ide.mcu.externaltools.gnu-tools-for-stm32.12.3.rel1.win32_1.1.0.202410251130/tools/bin/../lib/gcc/arm-none-eabi/12.3.1/../../../../arm-none-eabi/lib/thumb/v7e-m+fp/hard\libc_nano.a(libc_a-exit.o)
                              C:/ST/STM32CubeIDE_1.17.0/STM32CubeIDE/plugins/com.st.stm32cube.ide.mcu.externaltools.gnu-tools-for-stm32.12.3.rel1.win32_1.1.0.202410251130/tools/bin/../lib/gcc/arm-none-eabi/12.3.1/../../../../arm-none-eabi/lib/thumb/v7e-m+fp/hard/crt0.o (exit)
C:/ST/STM32CubeIDE_1.17.0/STM32CubeIDE/plugins/com.st.stm32cube.ide.mcu.externaltools.gnu-tools-for-stm32.12.3.rel1.win32_1.1.0.202410251130/tools/bin/../lib/gcc/arm-none-eabi/12.3.1/../../../../arm-none-eabi/lib/thumb/v7e-m+fp/hard\libc_nano.a(libc_a-findfp.o)
                              C:/ST/STM32CubeIDE_1.17.0/STM32CubeIDE/plugins/com.st.stm32cube.ide.mcu.externaltools.gnu-tools-for-stm32.12.3.rel1.win32_1.1.0.202410251130/tools/bin/../lib/gcc/arm-none-eabi/12.3.1/../../../../arm-none-eabi/lib/thumb/v7e-m+fp/hard\libc_nano.a(libc_a-exit.o) (__stdio_exit_handler)
C:/ST/STM32CubeIDE_1.17.0/STM32CubeIDE/plugins/com.st.stm32cube.ide.mcu.externaltools.gnu-tools-for-stm32.12.3.rel1.win32_1.1.0.202410251130/tools/bin/../lib/gcc/arm-none-eabi/12.3.1/../../../../arm-none-eabi/lib/thumb/v7e-m+fp/hard\libc_nano.a(libc_a-fwalk.o)
                              C:/ST/STM32CubeIDE_1.17.0/STM32CubeIDE/plugins/com.st.stm32cube.ide.mcu.externaltools.gnu-tools-for-stm32.12.3.rel1.win32_1.1.0.202410251130/tools/bin/../lib/gcc/arm-none-eabi/12.3.1/../../../../arm-none-eabi/lib/thumb/v7e-m+fp/hard\libc_nano.a(libc_a-findfp.o) (_fwalk_sglue)
C:/ST/STM32CubeIDE_1.17.0/STM32CubeIDE/plugins/com.st.stm32cube.ide.mcu.externaltools.gnu-tools-for-stm32.12.3.rel1.win32_1.1.0.202410251130/tools/bin/../lib/gcc/arm-none-eabi/12.3.1/../../../../arm-none-eabi/lib/thumb/v7e-m+fp/hard\libc_nano.a(libc_a-stdio.o)
                              C:/ST/STM32CubeIDE_1.17.0/STM32CubeIDE/plugins/com.st.stm32cube.ide.mcu.externaltools.gnu-tools-for-stm32.12.3.rel1.win32_1.1.0.202410251130/tools/bin/../lib/gcc/arm-none-eabi/12.3.1/../../../../arm-none-eabi/lib/thumb/v7e-m+fp/hard\libc_nano.a(libc_a-findfp.o) (__sread)
C:/ST/STM32CubeIDE_1.17.0/STM32CubeIDE/plugins/com.st.stm32cube.ide.mcu.externaltools.gnu-tools-for-stm32.12.3.rel1.win32_1.1.0.202410251130/tools/bin/../lib/gcc/arm-none-eabi/12.3.1/../../../../arm-none-eabi/lib/thumb/v7e-m+fp/hard\libc_nano.a(libc_a-memset.o)
                              C:/ST/STM32CubeIDE_1.17.0/STM32CubeIDE/plugins/com.st.stm32cube.ide.mcu.externaltools.gnu-tools-for-stm32.12.3.rel1.win32_1.1.0.202410251130/tools/bin/../lib/gcc/arm-none-eabi/12.3.1/../../../../arm-none-eabi/lib/thumb/v7e-m+fp/hard/crt0.o (memset)
C:/ST/STM32CubeIDE_1.17.0/STM32CubeIDE/plugins/com.st.stm32cube.ide.mcu.externaltools.gnu-tools-for-stm32.12.3.rel1.win32_1.1.0.202410251130/tools/bin/../lib/gcc/arm-none-eabi/12.3.1/../../../../arm-none-eabi/lib/thumb/v7e-m+fp/hard\libc_nano.a(libc_a-closer.o)
                              C:/ST/STM32CubeIDE_1.17.0/STM32CubeIDE/plugins/com.st.stm32cube.ide.mcu.externaltools.gnu-tools-for-stm32.12.3.rel1.win32_1.1.0.202410251130/tools/bin/../lib/gcc/arm-none-eabi/12.3.1/../../../../arm-none-eabi/lib/thumb/v7e-m+fp/hard\libc_nano.a(libc_a-stdio.o) (_close_r)
C:/ST/STM32CubeIDE_1.17.0/STM32CubeIDE/plugins/com.st.stm32cube.ide.mcu.externaltools.gnu-tools-for-stm32.12.3.rel1.win32_1.1.0.202410251130/tools/bin/../lib/gcc/arm-none-eabi/12.3.1/../../../../arm-none-eabi/lib/thumb/v7e-m+fp/hard\libc_nano.a(libc_a-reent.o)
                              C:/ST/STM32CubeIDE_1.17.0/STM32CubeIDE/plugins/com.st.stm32cube.ide.mcu.externaltools.gnu-tools-for-stm32.12.3.rel1.win32_1.1.0.202410251130/tools/bin/../lib/gcc/arm-none-eabi/12.3.1/../../../../arm-none-eabi/lib/thumb/v7e-m+fp/hard\libc_nano.a(libc_a-closer.o) (errno)
C:/ST/STM32CubeIDE_1.17.0/STM32CubeIDE/plugins/com.st.stm32cube.ide.mcu.externaltools.gnu-tools-for-stm32.12.3.rel1.win32_1.1.0.202410251130/tools/bin/../lib/gcc/arm-none-eabi/12.3.1/../../../../arm-none-eabi/lib/thumb/v7e-m+fp/hard\libc_nano.a(libc_a-impure.o)
                              C:/ST/STM32CubeIDE_1.17.0/STM32CubeIDE/plugins/com.st.stm32cube.ide.mcu.externaltools.gnu-tools-for-stm32.12.3.rel1.win32_1.1.0.202410251130/tools/bin/../lib/gcc/arm-none-eabi/12.3.1/../../../../arm-none-eabi/lib/thumb/v7e-m+fp/hard\libc_nano.a(libc_a-reent.o) (_impure_ptr)
C:/ST/STM32CubeIDE_1.17.0/STM32CubeIDE/plugins/com.st.stm32cube.ide.mcu.externaltools.gnu-tools-for-stm32.12.3.rel1.win32_1.1.0.202410251130/tools/bin/../lib/gcc/arm-none-eabi/12.3.1/../../../../arm-none-eabi/lib/thumb/v7e-m+fp/hard\libc_nano.a(libc_a-lseekr.o)
[...]
Memory Configuration

Name             Origin             Length             Attributes
RAM              0x20000000         0x00018000         xrw
FLASH            0x08000000         0x00080000         xr
*default*        0x00000000         0xffffffff

Linker script and memory map

LOAD C:/ST/STM32CubeIDE_1.17.0/STM32CubeIDE/plugins/com.st.stm32cube.ide.mcu.externaltools.gnu-tools-for-stm32.12.3.rel1.win32_1.1.0.202410251130/tools/bin/../lib/gcc/arm-none-eabi/12.3.1/thumb/v7e-m+fp/hard/crti.o
LOAD C:/ST/STM32CubeIDE_1.17.0/STM32CubeIDE/plugins/com.st.stm32cube.ide.mcu.externaltools.gnu-tools-for-stm32.12.3.rel1.win32_1.1.0.202410251130/tools/bin/../lib/gcc/arm-none-eabi/12.3.1/thumb/v7e-m+fp/hard/crtbegin.o
LOAD C:/ST/STM32CubeIDE_1.17.0/STM32CubeIDE/plugins/com.st.stm32cube.ide.mcu.externaltools.gnu-tools-for-stm32.12.3.rel1.win32_1.1.0.202410251130/tools/bin/../lib/gcc/arm-none-eabi/12.3.1/../../../../arm-none-eabi/lib/thumb/v7e-m+fp/hard/crt0.o
LOAD ./Driver/Code_Generator/templates/src/Flash_IP_Cfg.o
LOAD ./Driver/Code_Generator/templates/src/Mem_Cfg.o
LOAD ./Driver/src/Flash_IP.o
LOAD ./Driver/src/Mem.o
LOAD ./Driver/src/Mem_IPW.o
LOAD ./Test/Core/TestManager.o
LOAD ./Test/Core/main.o
LOAD ./Test/STM32F401/Core/Src/stm32f4xx_it.o
LOAD ./Test/STM32F401/Core/Src/syscalls.o
LOAD ./Test/STM32F401/Core/Src/sysmem.o
LOAD ./Test/STM32F401/Core/Src/system_stm32f4xx.o
LOAD ./Test/STM32F401/Core/Startup/startup_stm32f401retx.o
LOAD ./Test/Stub/Det/det.o
LOAD ./Test/Testcase/ELF_BlankCheck_Test.o
LOAD ./Test/Testcase/ELF_Det_Test.o
LOAD ./Test/Testcase/ELF_Erase_Test.o
LOAD ./Test/Testcase/ELF_Init_Test.o
LOAD ./Test/Testcase/ELF_Job_Test.o
LOAD ./Test/Testcase/ELF_Read_Test.o
LOAD ./Test/Testcase/ELF_Status_Test.o
LOAD ./Test/Testcase/ELF_Write_Test.o
START GROUP
LOAD C:/ST/STM32CubeIDE_1.17.0/STM32CubeIDE/plugins/com.st.stm32cube.ide.mcu.externaltools.gnu-tools-for-stm32.12.3.rel1.win32_1.1.0.202410251130/tools/bin/../lib/gcc/arm-none-eabi/12.3.1/../../../../arm-none-eabi/lib/thumb/v7e-m+fp/hard\libc_nano.a
LOAD C:/ST/STM32CubeIDE_1.17.0/STM32CubeIDE/plugins/com.st.stm32cube.ide.mcu.externaltools.gnu-tools-for-stm32.12.3.rel1.win32_1.1.0.202410251130/tools/bin/../lib/gcc/arm-none-eabi/12.3.1/../../../../arm-none-eabi/lib/thumb/v7e-m+fp/hard\libm.a
END GROUP
START GROUP
LOAD C:/ST/STM32CubeIDE_1.17.0/STM32CubeIDE/plugins/com.st.stm32cube.ide.mcu.externaltools.gnu-tools-for-stm32.12.3.rel1.win32_1.1.0.202410251130/tools/bin/../lib/gcc/arm-none-eabi/12.3.1/thumb/v7e-m+fp/hard\libgcc.a
LOAD C:/ST/STM32CubeIDE_1.17.0/STM32CubeIDE/plugins/com.st.stm32cube.ide.mcu.externaltools.gnu-tools-for-stm32.12.3.rel1.win32_1.1.0.202410251130/tools/bin/../lib/gcc/arm-none-eabi/12.3.1/../../../../arm-none-eabi/lib/thumb/v7e-m+fp/hard\libc_nano.a
END GROUP
START GROUP
LOAD C:/ST/STM32CubeIDE_1.17.0/STM32CubeIDE/plugins/com.st.stm32cube.ide.mcu.externaltools.gnu-tools-for-stm32.12.3.rel1.win32_1.1.0.202410251130/tools/bin/../lib/gcc/arm-none-eabi/12.3.1/thumb/v7e-m+fp/hard\libgcc.a
LOAD C:/ST/STM32CubeIDE_1.17.0/STM32CubeIDE/plugins/com.st.stm32cube.ide.mcu.externaltools.gnu-tools-for-stm32.12.3.rel1.win32_1.1.0.202410251130/tools/bin/../lib/gcc/arm-none-eabi/12.3.1/../../../../arm-none-eabi/lib/thumb/v7e-m+fp/hard\libc_nano.a
LOAD C:/ST/STM32CubeIDE_1.17.0/STM32CubeIDE/plugins/com.st.stm32cube.ide.mcu.externaltools.gnu-tools-for-stm32.12.3.rel1.win32_1.1.0.202410251130/tools/bin/../lib/gcc/arm-none-eabi/12.3.1/../../../../arm-none-eabi/lib/thumb/v7e-m+fp/hard\libnosys.a
END GROUP
START GROUP
LOAD C:/ST/STM32CubeIDE_1.17.0/STM32CubeIDE/plugins/com.st.stm32cube.ide.mcu.externaltools.gnu-tools-for-stm32.12.3.rel1.win32_1.1.0.202410251130/tools/bin/../lib/gcc/arm-none-eabi/12.3.1/thumb/v7e-m+fp/hard\libgcc.a
LOAD C:/ST/STM32CubeIDE_1.17.0/STM32CubeIDE/plugins/com.st.stm32cube.ide.mcu.externaltools.gnu-tools-for-stm32.12.3.rel1.win32_1.1.0.202410251130/tools/bin/../lib/gcc/arm-none-eabi/12.3.1/../../../../arm-none-eabi/lib/thumb/v7e-m+fp/hard\libc_nano.a
LOAD C:/ST/STM32CubeIDE_1.17.0/STM32CubeIDE/plugins/com.st.stm32cube.ide.mcu.externaltools.gnu-tools-for-stm32.12.3.rel1.win32_1.1.0.202410251130/tools/bin/../lib/gcc/arm-none-eabi/12.3.1/../../../../arm-none-eabi/lib/thumb/v7e-m+fp/hard\libnosys.a
END GROUP
LOAD C:/ST/STM32CubeIDE_1.17.0/STM32CubeIDE/plugins/com.st.stm32cube.ide.mcu.externaltools.gnu-tools-for-stm32.12.3.rel1.win32_1.1.0.202410251130/tools/bin/../lib/gcc/arm-none-eabi/12.3.1/thumb/v7e-m+fp/hard/crtend.o
LOAD C:/ST/STM32CubeIDE_1.17.0/STM32CubeIDE/plugins/com.st.stm32cube.ide.mcu.externaltools.gnu-tools-for-stm32.12.3.rel1.win32_1.1.0.202410251130/tools/bin/../lib/gcc/arm-none-eabi/12.3.1/thumb/v7e-m+fp/hard/crtn.o
                0x20018000                        _estack = (ORIGIN (RAM) + LENGTH (RAM))
                0x00000200                        _Min_Heap_Size = 0x200
                0x00000400                        _Min_Stack_Size = 0x400

.isr_vector     0x08000000      0x194
                0x08000000                        . = ALIGN (0x4)
 *(.isr_vector)
 .isr_vector    0x08000000      0x194 ./Test/STM32F401/Core/Startup/startup_stm32f401retx.o
                0x08000000                g_pfnVectors
                0x08000194                        . = ALIGN (0x4)

.text           0x08000198     0x4378
                0x08000198                        . = ALIGN (0x4)
 *(.text)
 .text          0x08000198       0x40 C:/ST/STM32CubeIDE_1.17.0/STM32CubeIDE/plugins/com.st.stm32cube.ide.mcu.externaltools.gnu-tools-for-stm32.12.3.rel1.win32_1.1.0.202410251130/tools/bin/../lib/gcc/arm-none-eabi/12.3.1/thumb/v7e-m+fp/hard/crtbegin.o
 *(.text*)
 .text.__NVIC_EnableIRQ
                0x080001d8       0x3c ./Driver/src/Flash_IP.o
 .text.Flash_IP_Unlock
                0x08000214       0x30 ./Driver/src/Flash_IP.o
 .text.Flash_IP_Lock
                0x08000244       0x20 ./Driver/src/Flash_IP.o
 .text.Flash_IP_ClearAllFlags
                0x08000264       0x18 ./Driver/src/Flash_IP.o
 .text.Flash_IP_RefreshCachesAfterErase
                0x0800027c       0x50 ./Driver/src/Flash_IP.o
 .text.Flash_IP_TriggerNextByte
                0x080002cc       0x4c ./Driver/src/Flash_IP.o
 .text.Flash_IP_Init
                0x08000318       0x2c ./Driver/src/Flash_IP.o
                0x08000318                Flash_IP_Init
 .text.Flash_IP_DeInit
                0x08000344       0x34 ./Driver/src/Flash_IP.o
                0x08000344                Flash_IP_DeInit
 .text.Flash_IP_GetStatus
                0x08000378       0x18 ./Driver/src/Flash_IP.o
                0x08000378                Flash_IP_GetStatus
 .text.Flash_IP_Read
                0x08000390       0x42 ./Driver/src/Flash_IP.o
                0x08000390                Flash_IP_Read
 *fill*         0x080003d2        0x2 
 .text.Flash_IP_ProgramStart
                0x080003d4       0x6c ./Driver/src/Flash_IP.o
                0x080003d4                Flash_IP_ProgramStart
 .text.Flash_IP_EraseSectorStart
                0x08000440       0x7c ./Driver/src/Flash_IP.o
                0x08000440                Flash_IP_EraseSectorStart
 .text.Flash_IP_MainFunction
                0x080004bc        0xe ./Driver/src/Flash_IP.o
                0x080004bc                Flash_IP_MainFunction
 *fill*         0x080004ca        0x2 
 .text.Flash_IP_GetSectorFromAddress
                0x080004cc       0x6c ./Driver/src/Flash_IP.o
                0x080004cc                Flash_IP_GetSectorFromAddress
 .text.Flash_IP_GetSectorStartAddress
                0x08000538       0x30 ./Driver/src/Flash_IP.o
                0x08000538                Flash_IP_GetSectorStartAddress
 .text.Flash_IP_GetSectorSize
                0x08000568       0x34 ./Driver/src/Flash_IP.o
                0x08000568                Flash_IP_GetSectorSize
 .text.FLASH_IRQHandler
                0x0800059c       0xf4 ./Driver/src/Flash_IP.o
                0x0800059c                FLASH_IRQHandler
 .text.Mem_CheckModuleInit
                0x08000690       0x40 ./Driver/src/Mem.o
 .text.Mem_CheckInstanceId
                0x080006d0       0x3a ./Driver/src/Mem.o
 .text.Mem_CheckPointer
                0x0800070a       0x3a ./Driver/src/Mem.o
 .text.Mem_CheckAddress
                0x08000744       0x3e ./Driver/src/Mem.o
 .text.Mem_CheckLength
                0x08000782       0x42 ./Driver/src/Mem.o
 .text.Mem_CheckEraseAlignment
                0x080007c4       0x42 ./Driver/src/Mem.o
 *fill*         0x08000806        0x2 
 .text.Mem_CheckJobPending
                0x08000808       0x48 ./Driver/src/Mem.o
 .text.Mem_Init
                0x08000850       0xa8 ./Driver/src/Mem.o
                0x08000850                Mem_Init
 .text.Mem_DeInit
                0x080008f8       0x90 ./Driver/src/Mem.o
                0x080008f8                Mem_DeInit
 .text.Mem_GetVersionInfo
                0x08000988       0x3c ./Driver/src/Mem.o
                0x08000988                Mem_GetVersionInfo
 .text.Mem_GetJobResult
                0x080009c4       0x44 ./Driver/src/Mem.o
                0x080009c4                Mem_GetJobResult
 .text.Mem_Suspend
                0x08000a08       0x88 ./Driver/src/Mem.o
                0x08000a08                Mem_Suspend
 .text.Mem_Resume
                0x08000a90       0x90 ./Driver/src/Mem.o
                0x08000a90                Mem_Resume
 .text.Mem_PropagateError
                0x08000b20       0x7c ./Driver/src/Mem.o
                0x08000b20                Mem_PropagateError
 .text.Mem_Read
                0x08000b9c      0x114 ./Driver/src/Mem.o
                0x08000b9c                Mem_Read
 .text.Mem_Write
                0x08000cb0      0x114 ./Driver/src/Mem.o
                0x08000cb0                Mem_Write
 .text.Mem_Erase
                0x08000dc4      0x108 ./Driver/src/Mem.o
                0x08000dc4                Mem_Erase
 .text.Mem_BlankCheck
                0x08000ecc       0xf0 ./Driver/src/Mem.o
                0x08000ecc                Mem_BlankCheck
 .text.Mem_HwSpecificService
                0x08000fbc      0x10c ./Driver/src/Mem.o
                0x08000fbc                Mem_HwSpecificService
 .text.Mem_MainFunction
                0x080010c8      0x2d4 ./Driver/src/Mem.o
                0x080010c8                Mem_MainFunction
 .text.Mem_Ipw_IsInstanceSupported
                0x0800139c       0x20 ./Driver/src/Mem_IPW.o
 .text.Mem_Ipw_IsHwSpecificServiceSupported
                0x080013bc       0x1a ./Driver/src/Mem_IPW.o
                0x080013bc                Mem_Ipw_IsHwSpecificServiceSupported
 .text.Mem_Ipw_IsSuspendResumeSupported
                0x080013d6       0x18 ./Driver/src/Mem_IPW.o
                0x080013d6                Mem_Ipw_IsSuspendResumeSupported
 .text.Mem_Ipw_MapFlashIpStatus
                0x080013ee       0x44 ./Driver/src/Mem_IPW.o
 *fill*         0x08001432        0x2 
 .text.Mem_Ipw_Init
                0x08001434       0x3c ./Driver/src/Mem_IPW.o
                0x08001434                Mem_Ipw_Init
 .text.Mem_Ipw_DeInit
                0x08001470       0x30 ./Driver/src/Mem_IPW.o
                0x08001470                Mem_Ipw_DeInit
 .text.Mem_Ipw_Read
                0x080014a0       0x58 ./Driver/src/Mem_IPW.o
                0x080014a0                Mem_Ipw_Read
 .text.Mem_Ipw_Write
                0x080014f8       0x4c ./Driver/src/Mem_IPW.o
                0x080014f8                Mem_Ipw_Write
 .text.Mem_Ipw_Erase
                0x08001544       0x68 ./Driver/src/Mem_IPW.o
                0x08001544                Mem_Ipw_Erase
 .text.Mem_Ipw_BlankCheck
                0x080015ac       0x88 ./Driver/src/Mem_IPW.o
                0x080015ac                Mem_Ipw_BlankCheck
 .text.Mem_Ipw_HwSpecificService
                0x08001634       0x30 ./Driver/src/Mem_IPW.o
                0x08001634                Mem_Ipw_HwSpecificService
 .text.Mem_Ipw_Suspend
                0x08001664       0x28 ./Driver/src/Mem_IPW.o
                0x08001664                Mem_Ipw_Suspend
 .text.Mem_Ipw_Resume
                0x0800168c       0x28 ./Driver/src/Mem_IPW.o
                0x0800168c                Mem_Ipw_Resume
 .text.Mem_Ipw_MainFunction
                0x080016b4       0x20 ./Driver/src/Mem_IPW.o
                0x080016b4                Mem_Ipw_MainFunction
 .text.Mem_Ipw_GetJobResult
                0x080016d4       0x54 ./Driver/src/Mem_IPW.o
                0x080016d4                Mem_Ipw_GetJobResult
 .text.Mem_Ipw_IsAddressValid
                0x08001728       0x58 ./Driver/src/Mem_IPW.o
                0x08001728                Mem_Ipw_IsAddressValid
 .text.Mem_Ipw_IsLengthValid
                0x08001780       0x60 ./Driver/src/Mem_IPW.o
                0x08001780                Mem_Ipw_IsLengthValid
 .text.Mem_Ipw_IsEraseAligned
                0x080017e0       0x74 ./Driver/src/Mem_IPW.o
                0x080017e0                Mem_Ipw_IsEraseAligned
 .text.TestManager_GetGroupName
                0x08001854       0xb0 ./Test/Core/TestManager.o
 .text.TestManager_LedInit
                0x08001904       0x60 ./Test/Core/TestManager.o
 .text.TestManager_LedOn
                0x08001964       0x18 ./Test/Core/TestManager.o
 .text.TestManager_LedOff
                0x0800197c       0x1c ./Test/Core/TestManager.o
 .text.TestManager_UartInit
                0x08001998       0xd8 ./Test/Core/TestManager.o
 .text.TestManager_PlatformInit
                0x08001a70       0x14 ./Test/Core/TestManager.o
 .text.TestManager_UartWriteChar
                0x08001a84       0x3c ./Test/Core/TestManager.o
 .text.TestManager_LogString
                0x08001ac0       0x3e ./Test/Core/TestManager.o
 *fill*         0x08001afe        0x2 
 .text.TestManager_LogUnsigned
                0x08001b00       0x84 ./Test/Core/TestManager.o
 .text.TestManager_LogHex32
                0x08001b84       0x60 ./Test/Core/TestManager.o
 .text.TestManager_UartTryReadChar
                0x08001be4       0x4c ./Test/Core/TestManager.o
 .text.TestManager_UartReadCharBlocking
                0x08001c30       0x2a ./Test/Core/TestManager.o
 .text.TestManager_UartFlushRx
                0x08001c5a       0x20 ./Test/Core/TestManager.o
 .text.TestManager_ToUpper
                0x08001c7a       0x2a ./Test/Core/TestManager.o
 .text.TestManager_ResetReport
                0x08001ca4      0x130 ./Test/Core/TestManager.o
 .text.TestManager_LogGroupBanner
                0x08001dd4       0x38 ./Test/Core/TestManager.o
 .text.TestManager_LogGroupSummary
                0x08001e0c       0x98 ./Test/Core/TestManager.o
 .text.TestManager_LogRunBanner
                0x08001ea4       0x44 ./Test/Core/TestManager.o
 .text.TestManager_LogMenu
                0x08001ee8       0x78 ./Test/Core/TestManager.o
 .text.TestManager_GetMenuSelection
                0x08001f60       0xac ./Test/Core/TestManager.o
 .text.TestManager_SelectGroupInteractive
                0x0800200c       0x74 ./Test/Core/TestManager.o
 .text.TestManager_RunSelectedGroup
                0x08002080       0x74 ./Test/Core/TestManager.o
 .text.TestManager_RunSelection
                0x080020f4       0x52 ./Test/Core/TestManager.o
 *fill*         0x08002146        0x2 
 .text.TestManager_BeginGroup
                0x08002148       0x88 ./Test/Core/TestManager.o
                0x08002148                TestManager_BeginGroup
 .text.TestManager_RecordCaseTrace
                0x080021d0      0x20c ./Test/Core/TestManager.o
                0x080021d0                TestManager_RecordCaseTrace
 .text.TestManager_EndGroup
                0x080023dc       0x18 ./Test/Core/TestManager.o
                0x080023dc                TestManager_EndGroup
 .text.TestManager_ReportFault
                0x080023f4       0x3c ./Test/Core/TestManager.o
                0x080023f4                TestManager_ReportFault
 .text.TestManager_PrepareDriver
                0x08002430       0x24 ./Test/Core/TestManager.o
                0x08002430                TestManager_PrepareDriver
 .text.TestManager_ResetDetState
                0x08002454        0xc ./Test/Core/TestManager.o
                0x08002454                TestManager_ResetDetState
 .text.TestManager_CheckDet
                0x08002460       0x50 ./Test/Core/TestManager.o
                0x08002460                TestManager_CheckDet
 .text.TestManager_ExecuteMainUntilDone
                0x080024b0       0x46 ./Test/Core/TestManager.o
                0x080024b0                TestManager_ExecuteMainUntilDone
 *fill*         0x080024f6        0x2 
 .text.TestManager_IsFlashTestAreaSafe
                0x080024f8       0xa8 ./Test/Core/TestManager.o
                0x080024f8                TestManager_IsFlashTestAreaSafe
 .text.TestManager_EraseTestSectorAndWait
                0x080025a0       0x7c ./Test/Core/TestManager.o
                0x080025a0                TestManager_EraseTestSectorAndWait
 .text.TestManager_FillPattern
                0x0800261c       0x52 ./Test/Core/TestManager.o
                0x0800261c                TestManager_FillPattern
 .text.TestManager_BufferEquals
                0x0800266e       0x4c ./Test/Core/TestManager.o
                0x0800266e                TestManager_BufferEquals
 .text.TestManager_CopyFromFlash
                0x080026ba       0x44 ./Test/Core/TestManager.o
                0x080026ba                TestManager_CopyFromFlash
 .text.TestManager_IsFlashRangeErased
                0x080026fe       0x46 ./Test/Core/TestManager.o
                0x080026fe                TestManager_IsFlashRangeErased
 .text.TestManager_Run
                0x08002744       0x64 ./Test/Core/TestManager.o
                0x08002744                TestManager_Run
 .text.TestManager_Finish
                0x080027a8       0x88 ./Test/Core/TestManager.o
                0x080027a8                TestManager_Finish
 .text.main     0x08002830       0x10 ./Test/Core/main.o
                0x08002830                main
 .text.NMI_Handler
                0x08002840        0xe ./Test/STM32F401/Core/Src/stm32f4xx_it.o
                0x08002840                NMI_Handler
 .text.HardFault_Handler
                0x0800284e        0xe ./Test/STM32F401/Core/Src/stm32f4xx_it.o
                0x0800284e                HardFault_Handler
 .text.MemManage_Handler
                0x0800285c        0xe ./Test/STM32F401/Core/Src/stm32f4xx_it.o
                0x0800285c                MemManage_Handler
 .text.BusFault_Handler
                0x0800286a        0xe ./Test/STM32F401/Core/Src/stm32f4xx_it.o
                0x0800286a                BusFault_Handler
 .text.UsageFault_Handler
                0x08002878        0xe ./Test/STM32F401/Core/Src/stm32f4xx_it.o
                0x08002878                UsageFault_Handler
 .text.SVC_Handler
                0x08002886        0xe ./Test/STM32F401/Core/Src/stm32f4xx_it.o
                0x08002886                SVC_Handler
 .text.DebugMon_Handler
                0x08002894        0xe ./Test/STM32F401/Core/Src/stm32f4xx_it.o
                0x08002894                DebugMon_Handler
 .text.PendSV_Handler
                0x080028a2        0xe ./Test/STM32F401/Core/Src/stm32f4xx_it.o
                0x080028a2                PendSV_Handler
 .text.SysTick_Handler
                0x080028b0        0xe ./Test/STM32F401/Core/Src/stm32f4xx_it.o
                0x080028b0                SysTick_Handler
 *fill*         0x080028be        0x2 
 .text.SystemInit
                0x080028c0       0x24 ./Test/STM32F401/Core/Src/system_stm32f4xx.o
                0x080028c0                SystemInit
 .text.SystemCoreClockUpdate
                0x080028e4       0xec ./Test/STM32F401/Core/Src/system_stm32f4xx.o
                0x080028e4                SystemCoreClockUpdate
 .text.Reset_Handler
                0x080029d0       0x50 ./Test/STM32F401/Core/Startup/startup_stm32f401retx.o
                0x080029d0                Reset_Handler
 .text.Default_Handler
                0x08002a20        0x2 ./Test/STM32F401/Core/Startup/startup_stm32f401retx.o
                0x08002a20                RTC_Alarm_IRQHandler
                0x08002a20                EXTI2_IRQHandler
                0x08002a20                SPI4_IRQHandler
                0x08002a20                TIM1_CC_IRQHandler
                0x08002a20                DMA2_Stream5_IRQHandler
                0x08002a20                DMA1_Stream5_IRQHandler
                0x08002a20                PVD_IRQHandler
                0x08002a20                SDIO_IRQHandler
                0x08002a20                TAMP_STAMP_IRQHandler
                0x08002a20                EXTI3_IRQHandler
                0x08002a20                TIM1_UP_TIM10_IRQHandler
                0x08002a20                I2C3_ER_IRQHandler
                0x08002a20                EXTI0_IRQHandler
                0x08002a20                I2C2_EV_IRQHandler
                0x08002a20                DMA1_Stream2_IRQHandler
                0x08002a20                FPU_IRQHandler
                0x08002a20                DMA2_Stream2_IRQHandler
                0x08002a20                SPI1_IRQHandler
                0x08002a20                TIM1_BRK_TIM9_IRQHandler
                0x08002a20                DMA2_Stream3_IRQHandler
                0x08002a20                USART6_IRQHandler
                0x08002a20                DMA2_Stream0_IRQHandler
                0x08002a20                TIM4_IRQHandler
                0x08002a20                I2C1_EV_IRQHandler
                0x08002a20                DMA1_Stream6_IRQHandler
                0x08002a20                DMA1_Stream1_IRQHandler
                0x08002a20                TIM3_IRQHandler
                0x08002a20                RCC_IRQHandler
                0x08002a20                Default_Handler
                0x08002a20                EXTI15_10_IRQHandler
                0x08002a20                ADC_IRQHandler
                0x08002a20                DMA1_Stream7_IRQHandler
                0x08002a20                TIM5_IRQHandler
                0x08002a20                DMA2_Stream7_IRQHandler
                0x08002a20                I2C3_EV_IRQHandler
                0x08002a20                EXTI9_5_IRQHandler
                0x08002a20                RTC_WKUP_IRQHandler
                0x08002a20                SPI2_IRQHandler
                0x08002a20                DMA1_Stream0_IRQHandler
                0x08002a20                EXTI4_IRQHandler
                0x08002a20                WWDG_IRQHandler
                0x08002a20                TIM2_IRQHandler
                0x08002a20                OTG_FS_WKUP_IRQHandler
                0x08002a20                TIM1_TRG_COM_TIM11_IRQHandler
                0x08002a20                EXTI1_IRQHandler
                0x08002a20                USART2_IRQHandler
                0x08002a20                I2C2_ER_IRQHandler
                0x08002a20                DMA2_Stream1_IRQHandler
                0x08002a20                DMA2_Stream4_IRQHandler
                0x08002a20                USART1_IRQHandler
                0x08002a20                OTG_FS_IRQHandler
                0x08002a20                SPI3_IRQHandler
                0x08002a20                DMA1_Stream4_IRQHandler
                0x08002a20                I2C1_ER_IRQHandler
                0x08002a20                DMA2_Stream6_IRQHandler
                0x08002a20                DMA1_Stream3_IRQHandler
 *fill*         0x08002a22        0x2 
 .text.Det_ReportError
                0x08002a24       0x4c ./Test/Stub/Det/det.o
                0x08002a24                Det_ReportError
 .text.Det_ResetLastError
                0x08002a70       0x30 ./Test/Stub/Det/det.o
                0x08002a70                Det_ResetLastError
 .text.Det_GetLastError
                0x08002aa0       0x50 ./Test/Stub/Det/det.o
                0x08002aa0                Det_GetLastError
 .text.ELF_BLANKCHECK_001
                0x08002af0       0x90 ./Test/Testcase/ELF_BlankCheck_Test.o
 .text.ELF_BLANKCHECK_002
                0x08002b80       0xd8 ./Test/Testcase/ELF_BlankCheck_Test.o
 .text.ELF_BLANKCHECK_003
                0x08002c58       0x74 ./Test/Testcase/ELF_BlankCheck_Test.o
 .text.ELF_BLANKCHECK_004
                0x08002ccc       0x74 ./Test/Testcase/ELF_BlankCheck_Test.o
 .text.ELF_BLANKCHECK_005
                0x08002d40       0x74 ./Test/Testcase/ELF_BlankCheck_Test.o
 .text.ELF_BLANKCHECK_006
                0x08002db4       0x94 ./Test/Testcase/ELF_BlankCheck_Test.o
 .text.ELF_BlankCheck_Test
                0x08002e48       0x2a ./Test/Testcase/ELF_BlankCheck_Test.o
                0x08002e48                ELF_BlankCheck_Test
 *fill*         0x08002e72        0x2 
 .text.ELF_DET_001
                0x08002e74       0x78 ./Test/Testcase/ELF_Det_Test.o
 .text.ELF_DET_002
                0x08002eec       0x74 ./Test/Testcase/ELF_Det_Test.o
 .text.ELF_DET_003
                0x08002f60       0x78 ./Test/Testcase/ELF_Det_Test.o
 .text.ELF_DET_004
                0x08002fd8       0x74 ./Test/Testcase/ELF_Det_Test.o
 .text.ELF_DET_005
                0x0800304c       0x74 ./Test/Testcase/ELF_Det_Test.o
 .text.ELF_Det_Test
                0x080030c0       0x26 ./Test/Testcase/ELF_Det_Test.o
                0x080030c0                ELF_Det_Test
 *fill*         0x080030e6        0x2 
 .text.ELF_ERASE_001
                0x080030e8       0xf8 ./Test/Testcase/ELF_Erase_Test.o
 .text.ELF_ERASE_002
                0x080031e0       0x7c ./Test/Testcase/ELF_Erase_Test.o
 .text.ELF_ERASE_003
                0x0800325c       0x74 ./Test/Testcase/ELF_Erase_Test.o
 .text.ELF_ERASE_004
                0x080032d0       0x74 ./Test/Testcase/ELF_Erase_Test.o
 .text.ELF_ERASE_005
                0x08003344       0x74 ./Test/Testcase/ELF_Erase_Test.o
 .text.ELF_ERASE_006
                0x080033b8       0x94 ./Test/Testcase/ELF_Erase_Test.o
 .text.ELF_Erase_Test
                0x0800344c       0x2a ./Test/Testcase/ELF_Erase_Test.o
                0x0800344c                ELF_Erase_Test
 *fill*         0x08003476        0x2 
 .text.ELF_INIT_001
                0x08003478       0x4c ./Test/Testcase/ELF_Init_Test.o
 .text.ELF_INIT_002
                0x080034c4       0x80 ./Test/Testcase/ELF_Init_Test.o
 .text.ELF_INIT_003
                0x08003544       0x7c ./Test/Testcase/ELF_Init_Test.o
 .text.ELF_INIT_004
                0x080035c0       0x58 ./Test/Testcase/ELF_Init_Test.o
 .text.ELF_INIT_005
                0x08003618       0x80 ./Test/Testcase/ELF_Init_Test.o
 .text.ELF_Init_Test
                0x08003698       0x26 ./Test/Testcase/ELF_Init_Test.o
                0x08003698                ELF_Init_Test
 *fill*         0x080036be        0x2 
 .text.ELF_JOB_001
                0x080036c0       0xa0 ./Test/Testcase/ELF_Job_Test.o
 .text.ELF_JOB_002
                0x08003760       0x80 ./Test/Testcase/ELF_Job_Test.o
 .text.ELF_JOB_003
                0x080037e0       0x5c ./Test/Testcase/ELF_Job_Test.o
 .text.ELF_JOB_004
                0x0800383c       0x4c ./Test/Testcase/ELF_Job_Test.o
 .text.ELF_JOB_005
                0x08003888       0x4c ./Test/Testcase/ELF_Job_Test.o
 .text.ELF_JOB_006
                0x080038d4       0x70 ./Test/Testcase/ELF_Job_Test.o
 .text.ELF_JOB_007
                0x08003944       0x74 ./Test/Testcase/ELF_Job_Test.o
 .text.ELF_JOB_008
                0x080039b8       0x70 ./Test/Testcase/ELF_Job_Test.o
 .text.ELF_JOB_009
                0x08003a28       0x70 ./Test/Testcase/ELF_Job_Test.o
 .text.ELF_JOB_010
                0x08003a98       0x64 ./Test/Testcase/ELF_Job_Test.o
 .text.ELF_JOB_011
                0x08003afc       0x64 ./Test/Testcase/ELF_Job_Test.o
 .text.ELF_Job_Test
                0x08003b60       0x3e ./Test/Testcase/ELF_Job_Test.o
                0x08003b60                ELF_Job_Test
 *fill*         0x08003b9e        0x2 
 .text.ELF_READ_001
                0x08003ba0       0xbc ./Test/Testcase/ELF_Read_Test.o
 .text.ELF_READ_002
                0x08003c5c       0x78 ./Test/Testcase/ELF_Read_Test.o
 .text.ELF_READ_003
                0x08003cd4       0x74 ./Test/Testcase/ELF_Read_Test.o
 .text.ELF_READ_004
                0x08003d48       0x74 ./Test/Testcase/ELF_Read_Test.o
 .text.ELF_READ_005
                0x08003dbc       0x98 ./Test/Testcase/ELF_Read_Test.o
 .text.ELF_Read_Test
                0x08003e54       0x26 ./Test/Testcase/ELF_Read_Test.o
                0x08003e54                ELF_Read_Test
 *fill*         0x08003e7a        0x2 
 .text.ELF_STATUS_001
                0x08003e7c       0x4c ./Test/Testcase/ELF_Status_Test.o
 .text.ELF_STATUS_002
                0x08003ec8       0x78 ./Test/Testcase/ELF_Status_Test.o
 .text.ELF_STATUS_003
                0x08003f40       0x74 ./Test/Testcase/ELF_Status_Test.o
 .text.ELF_STATUS_004
                0x08003fb4       0x6c ./Test/Testcase/ELF_Status_Test.o
 .text.ELF_STATUS_005
                0x08004020       0x8c ./Test/Testcase/ELF_Status_Test.o
 .text.ELF_Status_Test
                0x080040ac       0x26 ./Test/Testcase/ELF_Status_Test.o
                0x080040ac                ELF_Status_Test
 *fill*         0x080040d2        0x6 
 .text.ELF_WRITE_001
                0x080040d8       0xdc ./Test/Testcase/ELF_Write_Test.o
 .text.ELF_WRITE_002
                0x080041b4       0x84 ./Test/Testcase/ELF_Write_Test.o
 .text.ELF_WRITE_003
                0x08004238       0x8c ./Test/Testcase/ELF_Write_Test.o
 *fill*         0x080042c4        0x4 
 .text.ELF_WRITE_004
                0x080042c8       0x7c ./Test/Testcase/ELF_Write_Test.o
 *fill*         0x08004344        0x4 
 .text.ELF_WRITE_005
                0x08004348       0x8c ./Test/Testcase/ELF_Write_Test.o
 *fill*         0x080043d4        0x4 
 .text.ELF_WRITE_006
                0x080043d8       0xac ./Test/Testcase/ELF_Write_Test.o
 .text.ELF_Write_Test
                0x08004484       0x2a ./Test/Testcase/ELF_Write_Test.o
                0x08004484                ELF_Write_Test
 *fill*         0x080044ae        0x2 
 .text.__libc_init_array
                0x080044b0       0x48 C:/ST/STM32CubeIDE_1.17.0/STM32CubeIDE/plugins/com.st.stm32cube.ide.mcu.externaltools.gnu-tools-for-stm32.12.3.rel1.win32_1.1.0.202410251130/tools/bin/../lib/gcc/arm-none-eabi/12.3.1/../../../../arm-none-eabi/lib/thumb/v7e-m+fp/hard\libc_nano.a(libc_a-init.o)
                0x080044b0                __libc_init_array
 *(.glue_7)
 .glue_7        0x080044f8        0x0 linker stubs
 *(.glue_7t)
 .glue_7t       0x080044f8        0x0 linker stubs
 *(.eh_frame)
 .eh_frame      0x080044f8        0x0 C:/ST/STM32CubeIDE_1.17.0/STM32CubeIDE/plugins/com.st.stm32cube.ide.mcu.externaltools.gnu-tools-for-stm32.12.3.rel1.win32_1.1.0.202410251130/tools/bin/../lib/gcc/arm-none-eabi/12.3.1/thumb/v7e-m+fp/hard/crtbegin.o
 *(.init)
 .init          0x080044f8        0x4 C:/ST/STM32CubeIDE_1.17.0/STM32CubeIDE/plugins/com.st.stm32cube.ide.mcu.externaltools.gnu-tools-for-stm32.12.3.rel1.win32_1.1.0.202410251130/tools/bin/../lib/gcc/arm-none-eabi/12.3.1/thumb/v7e-m+fp/hard/crti.o
                0x080044f8                _init
 .init          0x080044fc        0x8 C:/ST/STM32CubeIDE_1.17.0/STM32CubeIDE/plugins/com.st.stm32cube.ide.mcu.externaltools.gnu-tools-for-stm32.12.3.rel1.win32_1.1.0.202410251130/tools/bin/../lib/gcc/arm-none-eabi/12.3.1/thumb/v7e-m+fp/hard/crtn.o
 *(.fini)
 .fini          0x08004504        0x4 C:/ST/STM32CubeIDE_1.17.0/STM32CubeIDE/plugins/com.st.stm32cube.ide.mcu.externaltools.gnu-tools-for-stm32.12.3.rel1.win32_1.1.0.202410251130/tools/bin/../lib/gcc/arm-none-eabi/12.3.1/thumb/v7e-m+fp/hard/crti.o
                0x08004504                _fini
 .fini          0x08004508        0x8 C:/ST/STM32CubeIDE_1.17.0/STM32CubeIDE/plugins/com.st.stm32cube.ide.mcu.externaltools.gnu-tools-for-stm32.12.3.rel1.win32_1.1.0.202410251130/tools/bin/../lib/gcc/arm-none-eabi/12.3.1/thumb/v7e-m+fp/hard/crtn.o
                0x08004510                        . = ALIGN (0x4)
                0x08004510                        _etext = .

.vfp11_veneer   0x08004510        0x0
 .vfp11_veneer  0x08004510        0x0 linker stubs

.v4_bx          0x08004510        0x0
 .v4_bx         0x08004510        0x0 linker stubs

.iplt           0x08004510        0x0
 .iplt          0x08004510        0x0 C:/ST/STM32CubeIDE_1.17.0/STM32CubeIDE/plugins/com.st.stm32cube.ide.mcu.externaltools.gnu-tools-for-stm32.12.3.rel1.win32_1.1.0.202410251130/tools/bin/../lib/gcc/arm-none-eabi/12.3.1/thumb/v7e-m+fp/hard/crtbegin.o

.rodata         0x08004510      0xf3c
                0x08004510                        . = ALIGN (0x4)
 *(.rodata)
 .rodata        0x08004510      0x2a8 ./Test/Core/TestManager.o
 .rodata        0x080047b8      0x19c ./Test/Testcase/ELF_BlankCheck_Test.o
 .rodata        0x08004954       0xf8 ./Test/Testcase/ELF_Det_Test.o
 .rodata        0x08004a4c      0x193 ./Test/Testcase/ELF_Erase_Test.o
 *fill*         0x08004bdf        0x1 
 .rodata        0x08004be0      0x13a ./Test/Testcase/ELF_Init_Test.o
 *fill*         0x08004d1a        0x2 
 .rodata        0x08004d1c      0x2b5 ./Test/Testcase/ELF_Job_Test.o
 *fill*         0x08004fd1        0x3 
 .rodata        0x08004fd4      0x12e ./Test/Testcase/ELF_Read_Test.o
 *fill*         0x08005102        0x2 
 .rodata        0x08005104      0x179 ./Test/Testcase/ELF_Status_Test.o
 *fill*         0x0800527d        0x3 
 .rodata        0x08005280      0x17b ./Test/Testcase/ELF_Write_Test.o
 *(.rodata*)
 *fill*         0x080053fb        0x1 
 .rodata.Flash_IP_SectorTable
                0x080053fc       0x40 ./Driver/Code_Generator/templates/src/Flash_IP_Cfg.o
                0x080053fc                Flash_IP_SectorTable
 .rodata.AHBPrescTable
                0x0800543c       0x10 ./Test/STM32F401/Core/Src/system_stm32f4xx.o
                0x0800543c                AHBPrescTable
                0x0800544c                        . = ALIGN (0x4)

.ARM.extab      0x0800544c        0x0
                0x0800544c                        . = ALIGN (0x4)
 *(.ARM.extab* .gnu.linkonce.armextab.*)
                0x0800544c                        . = ALIGN (0x4)

.ARM            0x0800544c        0x0
                0x0800544c                        . = ALIGN (0x4)
                0x0800544c                        __exidx_start = .
 *(.ARM.exidx*)
                0x0800544c                        __exidx_end = .
                0x0800544c                        . = ALIGN (0x4)

.preinit_array  0x0800544c        0x0
                0x0800544c                        . = ALIGN (0x4)
                0x0800544c                        PROVIDE (__preinit_array_start = .)
 *(.preinit_array*)
                0x0800544c                        PROVIDE (__preinit_array_end = .)
                0x0800544c                        . = ALIGN (0x4)

.init_array     0x0800544c        0x4
                0x0800544c                        . = ALIGN (0x4)
                0x0800544c                        PROVIDE (__init_array_start = .)
 *(SORT_BY_NAME(.init_array.*))
 *(.init_array*)
 .init_array    0x0800544c        0x4 C:/ST/STM32CubeIDE_1.17.0/STM32CubeIDE/plugins/com.st.stm32cube.ide.mcu.externaltools.gnu-tools-for-stm32.12.3.rel1.win32_1.1.0.202410251130/tools/bin/../lib/gcc/arm-none-eabi/12.3.1/thumb/v7e-m+fp/hard/crtbegin.o
                0x08005450                        PROVIDE (__init_array_end = .)
                0x08005450                        . = ALIGN (0x4)

.fini_array     0x08005450        0x4
                0x08005450                        . = ALIGN (0x4)
                [!provide]                        PROVIDE (__fini_array_start = .)
 *(SORT_BY_NAME(.fini_array.*))
 *(.fini_array*)
 .fini_array    0x08005450        0x4 C:/ST/STM32CubeIDE_1.17.0/STM32CubeIDE/plugins/com.st.stm32cube.ide.mcu.externaltools.gnu-tools-for-stm32.12.3.rel1.win32_1.1.0.202410251130/tools/bin/../lib/gcc/arm-none-eabi/12.3.1/thumb/v7e-m+fp/hard/crtbegin.o
                [!provide]                        PROVIDE (__fini_array_end = .)
                0x08005454                        . = ALIGN (0x4)
                0x08005454                        _sidata = LOADADDR (.data)

.rel.dyn        0x08005454        0x0
 .rel.iplt      0x08005454        0x0 C:/ST/STM32CubeIDE_1.17.0/STM32CubeIDE/plugins/com.st.stm32cube.ide.mcu.externaltools.gnu-tools-for-stm32.12.3.rel1.win32_1.1.0.202410251130/tools/bin/../lib/gcc/arm-none-eabi/12.3.1/thumb/v7e-m+fp/hard/crtbegin.o

.data           0x20000000        0x8 load address 0x08005454
                0x20000000                        . = ALIGN (0x4)
                0x20000000                        _sdata = .
 *(.data)
 *(.data*)
 .data.TestManager_CurrentGroupIndex
                0x20000000        0x4 ./Test/Core/TestManager.o
 .data.SystemCoreClock
                0x20000004        0x4 ./Test/STM32F401/Core/Src/system_stm32f4xx.o
                0x20000004                SystemCoreClock
 *(.RamFunc)
 *(.RamFunc*)
                0x20000008                        . = ALIGN (0x4)
                0x20000008                        _edata = .

.igot.plt       0x20000008        0x0 load address 0x0800545c
 .igot.plt      0x20000008        0x0 C:/ST/STM32CubeIDE_1.17.0/STM32CubeIDE/plugins/com.st.stm32cube.ide.mcu.externaltools.gnu-tools-for-stm32.12.3.rel1.win32_1.1.0.202410251130/tools/bin/../lib/gcc/arm-none-eabi/12.3.1/thumb/v7e-m+fp/hard/crtbegin.o
                0x20000008                        . = ALIGN (0x4)

.bss            0x20000008      0xd20 load address 0x0800545c
                0x20000008                        _sbss = .
                0x20000008                        __bss_start__ = _sbss
 *(.bss)
 .bss           0x20000008       0x1c C:/ST/STM32CubeIDE_1.17.0/STM32CubeIDE/plugins/com.st.stm32cube.ide.mcu.externaltools.gnu-tools-for-stm32.12.3.rel1.win32_1.1.0.202410251130/tools/bin/../lib/gcc/arm-none-eabi/12.3.1/thumb/v7e-m+fp/hard/crtbegin.o
 *(.bss*)
 .bss.Flash_IP_Status
                0x20000024        0x1 ./Driver/src/Flash_IP.o
 .bss.Flash_IP_CurrentOp
                0x20000025        0x1 ./Driver/src/Flash_IP.o
 *fill*         0x20000026        0x2 
 .bss.Flash_IP_ProgSrcPtr
                0x20000028        0x4 ./Driver/src/Flash_IP.o
 .bss.Flash_IP_ProgAddress
                0x2000002c        0x4 ./Driver/src/Flash_IP.o
 .bss.Flash_IP_ProgRemaining
                0x20000030        0x4 ./Driver/src/Flash_IP.o
 .bss.Mem_ModuleState
                0x20000034        0x1 ./Driver/src/Mem.o
 *fill*         0x20000035        0x3 
 .bss.Mem_InstanceRuntime
                0x20000038        0x3 ./Driver/src/Mem.o
 *fill*         0x2000003b        0x5 
 .bss.Mem_PendingRequest
                0x20000040       0x30 ./Driver/src/Mem.o
 .bss.Mem_Ipw_ResultSource
                0x20000070        0x1 ./Driver/src/Mem_IPW.o
 *fill*         0x20000071        0x3 
 .bss.Mem_Ipw_LocalResult
                0x20000074        0x1 ./Driver/src/Mem_IPW.o
 *fill*         0x20000075        0x3 
 .bss.g_TestReport
                0x20000078      0xca4 ./Test/Core/TestManager.o
                0x20000078                g_TestReport
 .bss.TestManager_UartReady
                0x20000d1c        0x1 ./Test/Core/TestManager.o
 *fill*         0x20000d1d        0x3 
 .bss.Det_LastError
                0x20000d20        0x6 ./Test/Stub/Det/det.o
                0x20000d20                Det_LastError
 *(COMMON)
                0x20000d28                        . = ALIGN (0x4)
 *fill*         0x20000d26        0x2 
                0x20000d28                        _ebss = .
                0x20000d28                        __bss_end__ = _ebss

._user_heap_stack
                0x20000d28      0x600 load address 0x0800545c
                0x20000d28                        . = ALIGN (0x8)
                [!provide]                        PROVIDE (end = .)
                0x20000d28                        PROVIDE (_end = .)
                0x20000f28                        . = (. + _Min_Heap_Size)
 *fill*         0x20000d28      0x200 
                0x20001328                        . = (. + _Min_Stack_Size)
 *fill*         0x20000f28      0x400 
                0x20001328                        . = ALIGN (0x8)

/DISCARD/
 libc.a(*)
 libm.a(*)
 libgcc.a(*)

.ARM.attributes
                0x00000000       0x30
 *(.ARM.attributes)
 .ARM.attributes
                0x00000000       0x22 C:/ST/STM32CubeIDE_1.17.0/STM32CubeIDE/plugins/com.st.stm32cube.ide.mcu.externaltools.gnu-tools-for-stm32.12.3.rel1.win32_1.1.0.202410251130/tools/bin/../lib/gcc/arm-none-eabi/12.3.1/thumb/v7e-m+fp/hard/crti.o
 .ARM.attributes
                0x00000022       0x34 C:/ST/STM32CubeIDE_1.17.0/STM32CubeIDE/plugins/com.st.stm32cube.ide.mcu.externaltools.gnu-tools-for-stm32.12.3.rel1.win32_1.1.0.202410251130/tools/bin/../lib/gcc/arm-none-eabi/12.3.1/thumb/v7e-m+fp/hard/crtbegin.o
 .ARM.attributes
                0x00000056       0x34 ./Driver/Code_Generator/templates/src/Flash_IP_Cfg.o
 .ARM.attributes
                0x0000008a       0x34 ./Driver/src/Flash_IP.o
 .ARM.attributes
                0x000000be       0x34 ./Driver/src/Mem.o
 .ARM.attributes
                0x000000f2       0x34 ./Driver/src/Mem_IPW.o
 .ARM.attributes
                0x00000126       0x34 ./Test/Core/TestManager.o
 .ARM.attributes
                0x0000015a       0x34 ./Test/Core/main.o
 .ARM.attributes
                0x0000018e       0x34 ./Test/STM32F401/Core/Src/stm32f4xx_it.o
 .ARM.attributes
                0x000001c2       0x34 ./Test/STM32F401/Core/Src/system_stm32f4xx.o
 .ARM.attributes
                0x000001f6       0x21 ./Test/STM32F401/Core/Startup/startup_stm32f401retx.o
 .ARM.attributes
                0x00000217       0x34 ./Test/Stub/Det/det.o
 .ARM.attributes
                0x0000024b       0x34 ./Test/Testcase/ELF_BlankCheck_Test.o
 .ARM.attributes
                0x0000027f       0x34 ./Test/Testcase/ELF_Det_Test.o
 .ARM.attributes
                0x000002b3       0x34 ./Test/Testcase/ELF_Erase_Test.o
 .ARM.attributes
                0x000002e7       0x34 ./Test/Testcase/ELF_Init_Test.o
 .ARM.attributes
                0x0000031b       0x34 ./Test/Testcase/ELF_Job_Test.o
 .ARM.attributes
                0x0000034f       0x34 ./Test/Testcase/ELF_Read_Test.o
 .ARM.attributes
                0x00000383       0x34 ./Test/Testcase/ELF_Status_Test.o
 .ARM.attributes
                0x000003b7       0x34 ./Test/Testcase/ELF_Write_Test.o
 .ARM.attributes
                0x000003eb       0x34 C:/ST/STM32CubeIDE_1.17.0/STM32CubeIDE/plugins/com.st.stm32cube.ide.mcu.externaltools.gnu-tools-for-stm32.12.3.rel1.win32_1.1.0.202410251130/tools/bin/../lib/gcc/arm-none-eabi/12.3.1/../../../../arm-none-eabi/lib/thumb/v7e-m+fp/hard\libc_nano.a(libc_a-init.o)
 .ARM.attributes
                0x0000041f       0x22 C:/ST/STM32CubeIDE_1.17.0/STM32CubeIDE/plugins/com.st.stm32cube.ide.mcu.externaltools.gnu-tools-for-stm32.12.3.rel1.win32_1.1.0.202410251130/tools/bin/../lib/gcc/arm-none-eabi/12.3.1/thumb/v7e-m+fp/hard/crtn.o
OUTPUT(AUTOSAR_MEM.elf elf32-littlearm)
LOAD linker stubs
LOAD C:/ST/STM32CubeIDE_1.17.0/STM32CubeIDE/plugins/com.st.stm32cube.ide.mcu.externaltools.gnu-tools-for-stm32.12.3.rel1.win32_1.1.0.202410251130/tools/bin/../lib/gcc/arm-none-eabi/12.3.1/../../../../arm-none-eabi/lib/thumb/v7e-m+fp/hard\libc.a
LOAD C:/ST/STM32CubeIDE_1.17.0/STM32CubeIDE/plugins/com.st.stm32cube.ide.mcu.externaltools.gnu-tools-for-stm32.12.3.rel1.win32_1.1.0.202410251130/tools/bin/../lib/gcc/arm-none-eabi/12.3.1/../../../../arm-none-eabi/lib/thumb/v7e-m+fp/hard\libm.a
LOAD C:/ST/STM32CubeIDE_1.17.0/STM32CubeIDE/plugins/com.st.stm32cube.ide.mcu.externaltools.gnu-tools-for-stm32.12.3.rel1.win32_1.1.0.202410251130/tools/bin/../lib/gcc/arm-none-eabi/12.3.1/thumb/v7e-m+fp/hard\libgcc.a

.debug_info     0x00000000     0x59b2
 .debug_info    0x00000000      0x11d ./Driver/Code_Generator/templates/src/Flash_IP_Cfg.o
 .debug_info    0x0000011d      0x7f1 ./Driver/src/Flash_IP.o
 .debug_info    0x0000090e      0xb08 ./Driver/src/Mem.o
 .debug_info    0x00001416      0x7d8 ./Driver/src/Mem_IPW.o
 .debug_info    0x00001bee     0x110a ./Test/Core/TestManager.o
 .debug_info    0x00002cf8       0xb3 ./Test/Core/main.o
 .debug_info    0x00002dab      0x16e ./Test/STM32F401/Core/Src/stm32f4xx_it.o
 .debug_info    0x00002f19      0x537 ./Test/STM32F401/Core/Src/system_stm32f4xx.o
 .debug_info    0x00003450       0x30 ./Test/STM32F401/Core/Startup/startup_stm32f401retx.o
 .debug_info    0x00003480      0x1f3 ./Test/Stub/Det/det.o
 .debug_info    0x00003673      0x478 ./Test/Testcase/ELF_BlankCheck_Test.o
 .debug_info    0x00003aeb      0x358 ./Test/Testcase/ELF_Det_Test.o
 .debug_info    0x00003e43      0x475 ./Test/Testcase/ELF_Erase_Test.o
 .debug_info    0x000042b8      0x46e ./Test/Testcase/ELF_Init_Test.o
 .debug_info    0x00004726      0x57f ./Test/Testcase/ELF_Job_Test.o
 .debug_info    0x00004ca5      0x454 ./Test/Testcase/ELF_Read_Test.o
 .debug_info    0x000050f9      0x3ef ./Test/Testcase/ELF_Status_Test.o
 .debug_info    0x000054e8      0x4ca ./Test/Testcase/ELF_Write_Test.o

.debug_abbrev   0x00000000     0x1785
 .debug_abbrev  0x00000000       0x9b ./Driver/Code_Generator/templates/src/Flash_IP_Cfg.o
 .debug_abbrev  0x0000009b      0x2b4 ./Driver/src/Flash_IP.o
 .debug_abbrev  0x0000034f      0x1ed ./Driver/src/Mem.o
 .debug_abbrev  0x0000053c      0x1d1 ./Driver/src/Mem_IPW.o
 .debug_abbrev  0x0000070d      0x3d6 ./Test/Core/TestManager.o
 .debug_abbrev  0x00000ae3       0x5a ./Test/Core/main.o
 .debug_abbrev  0x00000b3d       0xa9 ./Test/STM32F401/Core/Src/stm32f4xx_it.o
 .debug_abbrev  0x00000be6      0x11a ./Test/STM32F401/Core/Src/system_stm32f4xx.o
 .debug_abbrev  0x00000d00       0x24 ./Test/STM32F401/Core/Startup/startup_stm32f401retx.o
 .debug_abbrev  0x00000d24      0x115 ./Test/Stub/Det/det.o
 .debug_abbrev  0x00000e39      0x13b ./Test/Testcase/ELF_BlankCheck_Test.o
 .debug_abbrev  0x00000f74      0x11f ./Test/Testcase/ELF_Det_Test.o
 .debug_abbrev  0x00001093      0x12b ./Test/Testcase/ELF_Erase_Test.o
 .debug_abbrev  0x000011be      0x141 ./Test/Testcase/ELF_Init_Test.o
 .debug_abbrev  0x000012ff      0x122 ./Test/Testcase/ELF_Job_Test.o
 .debug_abbrev  0x00001421      0x114 ./Test/Testcase/ELF_Read_Test.o
 .debug_abbrev  0x00001535      0x125 ./Test/Testcase/ELF_Status_Test.o
 .debug_abbrev  0x0000165a      0x12b ./Test/Testcase/ELF_Write_Test.o

.debug_aranges  0x00000000      0x710
 .debug_aranges
                0x00000000       0x18 ./Driver/Code_Generator/templates/src/Flash_IP_Cfg.o
 .debug_aranges
                0x00000018       0xa0 ./Driver/src/Flash_IP.o
 .debug_aranges
                0x000000b8       0xb8 ./Driver/src/Mem.o
 .debug_aranges
                0x00000170       0xa8 ./Driver/src/Mem_IPW.o
 .debug_aranges
                0x00000218      0x168 ./Test/Core/TestManager.o
 .debug_aranges
                0x00000380       0x20 ./Test/Core/main.o
 .debug_aranges
                0x000003a0       0x60 ./Test/STM32F401/Core/Src/stm32f4xx_it.o
 .debug_aranges
                0x00000400       0x28 ./Test/STM32F401/Core/Src/system_stm32f4xx.o
 .debug_aranges
                0x00000428       0x28 ./Test/STM32F401/Core/Startup/startup_stm32f401retx.o
 .debug_aranges
                0x00000450       0x38 ./Test/Stub/Det/det.o
 .debug_aranges
                0x00000488       0x50 ./Test/Testcase/ELF_BlankCheck_Test.o
 .debug_aranges
                0x000004d8       0x48 ./Test/Testcase/ELF_Det_Test.o
 .debug_aranges
                0x00000520       0x50 ./Test/Testcase/ELF_Erase_Test.o
 .debug_aranges
                0x00000570       0x48 ./Test/Testcase/ELF_Init_Test.o
 .debug_aranges
                0x000005b8       0x78 ./Test/Testcase/ELF_Job_Test.o
 .debug_aranges
                0x00000630       0x48 ./Test/Testcase/ELF_Read_Test.o
 .debug_aranges
                0x00000678       0x48 ./Test/Testcase/ELF_Status_Test.o
 .debug_aranges
                0x000006c0       0x50 ./Test/Testcase/ELF_Write_Test.o

.debug_macro    0x00000000     0xebd5
 .debug_macro   0x00000000       0xa0 ./Driver/Code_Generator/templates/src/Flash_IP_Cfg.o
 .debug_macro   0x000000a0      0xab4 ./Driver/Code_Generator/templates/src/Flash_IP_Cfg.o
 .debug_macro   0x00000b54       0x22 ./Driver/Code_Generator/templates/src/Flash_IP_Cfg.o
 .debug_macro   0x00000b76       0x8e ./Driver/Code_Generator/templates/src/Flash_IP_Cfg.o
 .debug_macro   0x00000c04       0x51 ./Driver/Code_Generator/templates/src/Flash_IP_Cfg.o
 .debug_macro   0x00000c55      0x103 ./Driver/Code_Generator/templates/src/Flash_IP_Cfg.o
 .debug_macro   0x00000d58       0x6a ./Driver/Code_Generator/templates/src/Flash_IP_Cfg.o
 .debug_macro   0x00000dc2      0x1df ./Driver/Code_Generator/templates/src/Flash_IP_Cfg.o
 .debug_macro   0x00000fa1       0x22 ./Driver/Code_Generator/templates/src/Flash_IP_Cfg.o
 .debug_macro   0x00000fc3       0x34 ./Driver/Code_Generator/templates/src/Flash_IP_Cfg.o
 .debug_macro   0x00000ff7       0x1c ./Driver/Code_Generator/templates/src/Flash_IP_Cfg.o
 .debug_macro   0x00001013      0x11c ./Driver/src/Flash_IP.o
 .debug_macro   0x0000112f       0x28 ./Driver/src/Flash_IP.o
 .debug_macro   0x00001157       0x1c ./Driver/src/Flash_IP.o
 .debug_macro   0x00001173       0x22 ./Driver/src/Flash_IP.o
 .debug_macro   0x00001195       0xfb ./Driver/src/Flash_IP.o
 .debug_macro   0x00001290     0x1011 ./Driver/src/Flash_IP.o
 .debug_macro   0x000022a1      0x11f ./Driver/src/Flash_IP.o
 .debug_macro   0x000023c0     0xb881 ./Driver/src/Flash_IP.o
 .debug_macro   0x0000dc41       0xc4 ./Driver/src/Mem.o
 .debug_macro   0x0000dd05       0xb2 ./Driver/src/Mem.o
 .debug_macro   0x0000ddb7       0x1c ./Driver/src/Mem.o
 .debug_macro   0x0000ddd3       0xc4 ./Driver/src/Mem_IPW.o
 .debug_macro   0x0000de97       0x22 ./Driver/src/Mem_IPW.o
 .debug_macro   0x0000deb9      0x18a ./Test/Core/TestManager.o
 .debug_macro   0x0000e043       0x5e ./Test/Core/TestManager.o
 .debug_macro   0x0000e0a1       0xd2 ./Test/Core/main.o
 .debug_macro   0x0000e173      0x13d ./Test/STM32F401/Core/Src/stm32f4xx_it.o
 .debug_macro   0x0000e2b0       0x76 ./Test/STM32F401/Core/Src/stm32f4xx_it.o
 .debug_macro   0x0000e326       0xda ./Test/STM32F401/Core/Src/system_stm32f4xx.o
 .debug_macro   0x0000e400       0x2e ./Test/STM32F401/Core/Src/system_stm32f4xx.o
 .debug_macro   0x0000e42e       0x6d ./Test/STM32F401/Core/Src/system_stm32f4xx.o
 .debug_macro   0x0000e49b       0x94 ./Test/Stub/Det/det.o
 .debug_macro   0x0000e52f       0x16 ./Test/Stub/Det/det.o
 .debug_macro   0x0000e545       0xd2 ./Test/Testcase/ELF_BlankCheck_Test.o
 .debug_macro   0x0000e617       0xd2 ./Test/Testcase/ELF_Det_Test.o
 .debug_macro   0x0000e6e9       0xd2 ./Test/Testcase/ELF_Erase_Test.o
 .debug_macro   0x0000e7bb       0xd2 ./Test/Testcase/ELF_Init_Test.o
 .debug_macro   0x0000e88d       0xd2 ./Test/Testcase/ELF_Job_Test.o
 .debug_macro   0x0000e95f       0xd2 ./Test/Testcase/ELF_Read_Test.o
 .debug_macro   0x0000ea31       0xd2 ./Test/Testcase/ELF_Status_Test.o
 .debug_macro   0x0000eb03       0xd2 ./Test/Testcase/ELF_Write_Test.o

.debug_line     0x00000000     0x8a0a
 .debug_line    0x00000000      0x500 ./Driver/Code_Generator/templates/src/Flash_IP_Cfg.o
 .debug_line    0x00000500      0x9a5 ./Driver/src/Flash_IP.o
 .debug_line    0x00000ea5      0xa67 ./Driver/src/Mem.o
 .debug_line    0x0000190c      0x851 ./Driver/src/Mem_IPW.o
 .debug_line    0x0000215d     0x11b8 ./Test/Core/TestManager.o
 .debug_line    0x00003315      0x5f7 ./Test/Core/main.o
 .debug_line    0x0000390c      0x83d ./Test/STM32F401/Core/Src/stm32f4xx_it.o
 .debug_line    0x00004149      0x5ff ./Test/STM32F401/Core/Src/system_stm32f4xx.o
 .debug_line    0x00004748       0x7a ./Test/STM32F401/Core/Startup/startup_stm32f401retx.o
 .debug_line    0x000047c2      0x4fc ./Test/Stub/Det/det.o
 .debug_line    0x00004cbe      0x7b3 ./Test/Testcase/ELF_BlankCheck_Test.o
 .debug_line    0x00005471      0x74d ./Test/Testcase/ELF_Det_Test.o
 .debug_line    0x00005bbe      0x7d4 ./Test/Testcase/ELF_Erase_Test.o
 .debug_line    0x00006392      0x787 ./Test/Testcase/ELF_Init_Test.o
 .debug_line    0x00006b19      0x88c ./Test/Testcase/ELF_Job_Test.o
 .debug_line    0x000073a5      0x775 ./Test/Testcase/ELF_Read_Test.o
 .debug_line    0x00007b1a      0x740 ./Test/Testcase/ELF_Status_Test.o
 .debug_line    0x0000825a      0x7b0 ./Test/Testcase/ELF_Write_Test.o

.debug_str      0x00000000    0x5242c
 .debug_str     0x00000000     0x3ef0 ./Driver/Code_Generator/templates/src/Flash_IP_Cfg.o
                               0x406c (size before relaxing)
 .debug_str     0x00003ef0    0x4bb91 ./Driver/src/Flash_IP.o
                              0x4fb09 (size before relaxing)
 .debug_str     0x0004fa81      0xb5b ./Driver/src/Mem.o
                               0x4a5a (size before relaxing)
 .debug_str     0x000505dc       0xfb ./Driver/src/Mem_IPW.o
                               0x48d1 (size before relaxing)
 .debug_str     0x000506d7      0xdf0 ./Test/Core/TestManager.o
                              0x507ec (size before relaxing)
 .debug_str     0x000514c7       0x24 ./Test/Core/main.o
                               0x46e1 (size before relaxing)
 .debug_str     0x000514eb      0x26e ./Test/STM32F401/Core/Src/stm32f4xx_it.o
                              0x4fd1a (size before relaxing)
 .debug_str     0x00051759      0x821 ./Test/STM32F401/Core/Src/system_stm32f4xx.o
                              0x4fa00 (size before relaxing)
 .debug_str     0x00051f7a       0x53 ./Test/STM32F401/Core/Startup/startup_stm32f401retx.o
                                 0x92 (size before relaxing)
 .debug_str     0x00051fcd       0x25 ./Test/Stub/Det/det.o
                               0x3fa5 (size before relaxing)
 .debug_str     0x00051ff2       0xd4 ./Test/Testcase/ELF_BlankCheck_Test.o
                               0x4aa3 (size before relaxing)
 .debug_str     0x000520c6       0x5c ./Test/Testcase/ELF_Det_Test.o
                               0x491a (size before relaxing)
 .debug_str     0x00052122       0x76 ./Test/Testcase/ELF_Erase_Test.o
                               0x4a90 (size before relaxing)
 .debug_str     0x00052198       0x6e ./Test/Testcase/ELF_Init_Test.o
                               0x4a79 (size before relaxing)
 .debug_str     0x00052206       0xc7 ./Test/Testcase/ELF_Job_Test.o
                               0x4aae (size before relaxing)
 .debug_str     0x000522cd       0x72 ./Test/Testcase/ELF_Read_Test.o
                               0x4a3a (size before relaxing)
 .debug_str     0x0005233f       0x6e ./Test/Testcase/ELF_Status_Test.o
                               0x49e3 (size before relaxing)
 .debug_str     0x000523ad       0x7f ./Test/Testcase/ELF_Write_Test.o
                               0x4aa3 (size before relaxing)

.comment        0x00000000       0x43
 .comment       0x00000000       0x43 ./Driver/Code_Generator/templates/src/Flash_IP_Cfg.o
                                 0x44 (size before relaxing)
 .comment       0x00000043       0x44 ./Driver/src/Flash_IP.o
 .comment       0x00000043       0x44 ./Driver/src/Mem.o
 .comment       0x00000043       0x44 ./Driver/src/Mem_IPW.o
 .comment       0x00000043       0x44 ./Test/Core/TestManager.o
 .comment       0x00000043       0x44 ./Test/Core/main.o
 .comment       0x00000043       0x44 ./Test/STM32F401/Core/Src/stm32f4xx_it.o
 .comment       0x00000043       0x44 ./Test/STM32F401/Core/Src/system_stm32f4xx.o
 .comment       0x00000043       0x44 ./Test/Stub/Det/det.o
 .comment       0x00000043       0x44 ./Test/Testcase/ELF_BlankCheck_Test.o
 .comment       0x00000043       0x44 ./Test/Testcase/ELF_Det_Test.o
 .comment       0x00000043       0x44 ./Test/Testcase/ELF_Erase_Test.o
 .comment       0x00000043       0x44 ./Test/Testcase/ELF_Init_Test.o
 .comment       0x00000043       0x44 ./Test/Testcase/ELF_Job_Test.o
 .comment       0x00000043       0x44 ./Test/Testcase/ELF_Read_Test.o
 .comment       0x00000043       0x44 ./Test/Testcase/ELF_Status_Test.o
 .comment       0x00000043       0x44 ./Test/Testcase/ELF_Write_Test.o

.debug_rnglists
                0x00000000      0x519
 .debug_rnglists
                0x00000000       0x74 ./Driver/src/Flash_IP.o
 .debug_rnglists
                0x00000074       0x8f ./Driver/src/Mem.o
 .debug_rnglists
                0x00000103       0x7a ./Driver/src/Mem_IPW.o
 .debug_rnglists
                0x0000017d      0x11f ./Test/Core/TestManager.o
 .debug_rnglists
                0x0000029c       0x13 ./Test/Core/main.o
 .debug_rnglists
                0x000002af       0x43 ./Test/STM32F401/Core/Src/stm32f4xx_it.o
 .debug_rnglists
                0x000002f2       0x1a ./Test/STM32F401/Core/Src/system_stm32f4xx.o
 .debug_rnglists
                0x0000030c       0x19 ./Test/STM32F401/Core/Startup/startup_stm32f401retx.o
 .debug_rnglists
                0x00000325       0x25 ./Test/Stub/Det/det.o
 .debug_rnglists
                0x0000034a       0x3a ./Test/Testcase/ELF_BlankCheck_Test.o
 .debug_rnglists
                0x00000384       0x31 ./Test/Testcase/ELF_Det_Test.o
 .debug_rnglists
                0x000003b5       0x39 ./Test/Testcase/ELF_Erase_Test.o
 .debug_rnglists
                0x000003ee       0x33 ./Test/Testcase/ELF_Init_Test.o
 .debug_rnglists
                0x00000421       0x57 ./Test/Testcase/ELF_Job_Test.o
 .debug_rnglists
                0x00000478       0x33 ./Test/Testcase/ELF_Read_Test.o
 .debug_rnglists
                0x000004ab       0x32 ./Test/Testcase/ELF_Status_Test.o
 .debug_rnglists
                0x000004dd       0x3c ./Test/Testcase/ELF_Write_Test.o

.debug_frame    0x00000000     0x189c
 .debug_frame   0x00000000      0x264 ./Driver/src/Flash_IP.o
 .debug_frame   0x00000264      0x2f8 ./Driver/src/Mem.o
 .debug_frame   0x0000055c      0x2ac ./Driver/src/Mem_IPW.o
 .debug_frame   0x00000808      0x5c8 ./Test/Core/TestManager.o
 .debug_frame   0x00000dd0       0x2c ./Test/Core/main.o
 .debug_frame   0x00000dfc      0x11c ./Test/STM32F401/Core/Src/stm32f4xx_it.o
 .debug_frame   0x00000f18       0x58 ./Test/STM32F401/Core/Src/system_stm32f4xx.o
 .debug_frame   0x00000f70       0xa0 ./Test/Stub/Det/det.o
 .debug_frame   0x00001010      0x108 ./Test/Testcase/ELF_BlankCheck_Test.o
 .debug_frame   0x00001118       0xe0 ./Test/Testcase/ELF_Det_Test.o
 .debug_frame   0x000011f8      0x108 ./Test/Testcase/ELF_Erase_Test.o
 .debug_frame   0x00001300       0xe0 ./Test/Testcase/ELF_Init_Test.o
 .debug_frame   0x000013e0      0x1bc ./Test/Testcase/ELF_Job_Test.o
 .debug_frame   0x0000159c       0xe8 ./Test/Testcase/ELF_Read_Test.o
 .debug_frame   0x00001684       0xe0 ./Test/Testcase/ELF_Status_Test.o
 .debug_frame   0x00001764      0x10c ./Test/Testcase/ELF_Write_Test.o
 .debug_frame   0x00001870       0x2c C:/ST/STM32CubeIDE_1.17.0/STM32CubeIDE/plugins/com.st.stm32cube.ide.mcu.externaltools.gnu-tools-for-stm32.12.3.rel1.win32_1.1.0.202410251130/tools/bin/../lib/gcc/arm-none-eabi/12.3.1/../../../../arm-none-eabi/lib/thumb/v7e-m+fp/hard\libc_nano.a(libc_a-init.o)

.debug_line_str
                0x00000000       0x76
 .debug_line_str
                0x00000000       0x76 ./Test/STM32F401/Core/Startup/startup_stm32f401retx.o
