Archive member included to satisfy reference by file (symbol)

C:/ST/STM32CubeIDE_1.17.0/STM32CubeIDE/plugins/com.st.stm32cube.ide.mcu.externaltools.gnu-tools-for-stm32.12.3.rel1.win32_1.1.0.202410251130/tools/bin/../lib/gcc/arm-none-eabi/12.3.1/../../../../arm-none-eabi/lib/thumb/v7e-m+fp/hard\libc_nano.a(libc_a-exit.o)
                              C:/ST/STM32CubeIDE_1.17.0/STM32CubeIDE/plugins/com.st.stm32cube.ide.mcu.externaltools.gnu-tools-for-stm32.12.3.rel1.win32_1.1.0.202410251130/tools/bin/../lib/gcc/arm-none-eabi/12.3.1/../../../../arm-none-eabi/lib/thumb/v7e-m+fp/hard/crt0.o (exit)
C:/ST/STM32CubeIDE_1.17.0/STM32CubeIDE/plugins/com.st.stm32cube.ide.mcu.externaltools.gnu-tools-for-stm32.12.3.rel1.win32_1.1.0.202410251130/tools/bin/../lib/gcc/arm-none-eabi/12.3.1/../../../../arm-none-eabi/lib/thumb/v7e-m+fp/hard\libc_nano.a(libc_a-findfp.o)
                              C:/ST/STM32CubeIDE_1.17.0/STM32CubeIDE/plugins/com.st.stm32cube.ide.mcu.externaltools.gnu-tools-for-stm32.12.3.rel1.win32_1.1.0.202410251130/tools/bin/../lib/gcc/arm-none-eabi/12.3.1/../../../../arm-none-eabi/lib/thumb/v7e-m+fp/hard\libc_nano.a(libc_a-exit.o) (__stdio_exit_handler)
C:/ST/STM32CubeIDE_1.17.0/STM32CubeIDE/plugins/com.st.stm32cube.ide.mcu.externaltools.gnu-tools-for-stm32.12.3.rel1.win32_1.1.0.202410251130/tools/bin/../lib/gcc/arm-none-eabi/12.3.1/../../../../arm-none-eabi/lib/thumb/v7e-m+fp/hard\libc_nano.a(libc_a-fwalk.o)
                              C:/ST/STM32CubeIDE_1.17.0/STM32CubeIDE/plugins/com.st.stm32cube.ide.mcu.externaltools.gnu-tools-for-stm32.12.3.rel1.win32_1.1.0.202410251130/tools/bin/../lib/gcc/arm-none-eabi/12.3.1/../../../../arm-none-eabi/lib/thumb/v7e-m+fp/hard\libc_nano.a(libc_a-findfp.o) (_fwalk_sglue)
C:/ST/STM32CubeIDE_1.17.0/STM32CubeIDE/plugins/com.st.stm32cube.ide.mcu.externaltools.gnu-tools-for-stm32.12.3.rel1.win32_1.1.0.202410251130/tools/bin/../lib/gcc/arm-none-eabi/12.3.1/../../../../arm-none-eabi/lib/thumb/v7e-m+fp/hard\libc_nano.a(libc_a-stdio.o)
                              C:/ST/STM32CubeIDE_1.17.0/STM32CubeIDE/plugins/com.st.stm32cube.ide.mcu.externaltools.gnu-tools-for-stm32.12.3.rel1.win32_1.1.0.202410251130/tools/bin/../lib/gcc/arm-none-eabi/12.3.1/../../../../arm-none-eabi/lib/thumb/v7e-m+fp/hard\libc_nano.a(libc_a-findfp.o) (__sread)
C:/ST/STM32CubeIDE_1.17.0/STM32CubeIDE/plugins/com.st.stm32cube.ide.mcu.externaltools.gnu-tools-for-stm32.12.3.rel1.win32_1.1.0.202410251130/tools/bin/../lib/gcc/arm-none-eabi/12.3.1/../../../../arm-none-eabi/lib/thumb/v7e-m+fp/hard\libc_nano.a(libc_a-memset.o)
                              C:/ST/STM32CubeIDE_1.17.0/STM32CubeIDE/plugins/com.st.stm32cube.ide.mcu.externaltools.gnu-tools-for-stm32.12.3.rel1.win32_1.1.0.202410251130/tools/bin/../lib/gcc/arm-none-eabi/12.3.1/../../../../arm-none-eabi/lib/thumb/v7e-m+fp/hard/crt0.o (memset)
C:/ST/STM32CubeIDE_1.17.0/STM32CubeIDE/plugins/com.st.stm32cube.ide.mcu.externaltools.gnu-tools-for-stm32.12.3.rel1.win32_1.1.0.202410251130/tools/bin/../lib/gcc/arm-none-eabi/12.3.1/../../../../arm-none-eabi/lib/thumb/v7e-m+fp/hard\libc_nano.a(libc_a-closer.o)
                              C:/ST/STM32CubeIDE_1.17.0/STM32CubeIDE/plugins/com.st.stm32cube.ide.mcu.externaltools.gnu-tools-for-stm32.12.3.rel1.win32_1.1.0.202410251130/tools/bin/../lib/gcc/arm-none-eabi/12.3.1/../../../../arm-none-eabi/lib/thumb/v7e-m+fp/hard\libc_nano.a(libc_a-stdio.o) (_close_r)
C:/ST/STM32CubeIDE_1.17.0/STM32CubeIDE/plugins/com.st.stm32cube.ide.mcu.externaltools.gnu-tools-for-stm32.12.3.rel1.win32_1.1.0.202410251130/tools/bin/../lib/gcc/arm-none-eabi/12.3.1/../../../../arm-none-eabi/lib/thumb/v7e-m+fp/hard\libc_nano.a(libc_a-reent.o)
                              C:/ST/STM32CubeIDE_1.17.0/STM32CubeIDE/plugins/com.st.stm32cube.ide.mcu.externaltools.gnu-tools-for-stm32.12.3.rel1.win32_1.1.0.202410251130/tools/bin/../lib/gcc/arm-none-eabi/12.3.1/../../../../arm-none-eabi/lib/thumb/v7e-m+fp/hard\libc_nano.a(libc_a-closer.o) (errno)
C:/ST/STM32CubeIDE_1.17.0/STM32CubeIDE/plugins/com.st.stm32cube.ide.mcu.externaltools.gnu-tools-for-stm32.12.3.rel1.win32_1.1.0.202410251130/tools/bin/../lib/gcc/arm-none-eabi/12.3.1/../../../../arm-none-eabi/lib/thumb/v7e-m+fp/hard\libc_nano.a(libc_a-impure.o)
                              C:/ST/STM32CubeIDE_1.17.0/STM32CubeIDE/plugins/com.st.stm32cube.ide.mcu.externaltools.gnu-tools-for-stm32.12.3.rel1.win32_1.1.0.202410251130/tools/bin/../lib/gcc/arm-none-eabi/12.3.1/../../../../arm-none-eabi/lib/thumb/v7e-m+fp/hard\libc_nano.a(libc_a-reent.o) (_impure_ptr)
C:/ST/STM32CubeIDE_1.17.0/STM32CubeIDE/plugins/com.st.stm32cube.ide.mcu.externaltools.gnu-tools-for-stm32.12.3.rel1.win32_1.1.0.202410251130/tools/bin/../lib/gcc/arm-none-eabi/12.3.1/../../../../arm-none-eabi/lib/thumb/v7e-m+fp/hard\libc_nano.a(libc_a-lseekr.o)
[...]
Memory Configuration

Name             Origin             Length             Attributes
RAM              0x20000000         0x00018000         xrw
FLASH            0x08000000         0x00080000         xr
*default*        0x00000000         0xffffffff

Linker script and memory map

LOAD C:/ST/STM32CubeIDE_1.17.0/STM32CubeIDE/plugins/com.st.stm32cube.ide.mcu.externaltools.gnu-tools-for-stm32.12.3.rel1.win32_1.1.0.202410251130/tools/bin/../lib/gcc/arm-none-eabi/12.3.1/thumb/v7e-m+fp/hard/crti.o
LOAD C:/ST/STM32CubeIDE_1.17.0/STM32CubeIDE/plugins/com.st.stm32cube.ide.mcu.externaltools.gnu-tools-for-stm32.12.3.rel1.win32_1.1.0.202410251130/tools/bin/../lib/gcc/arm-none-eabi/12.3.1/thumb/v7e-m+fp/hard/crtbegin.o
LOAD C:/ST/STM32CubeIDE_1.17.0/STM32CubeIDE/plugins/com.st.stm32cube.ide.mcu.externaltools.gnu-tools-for-stm32.12.3.rel1.win32_1.1.0.202410251130/tools/bin/../lib/gcc/arm-none-eabi/12.3.1/../../../../arm-none-eabi/lib/thumb/v7e-m+fp/hard/crt0.o
LOAD ./Driver/Code_Generator/templates/src/Flash_IP_Cfg.o
LOAD ./Driver/Code_Generator/templates/src/Mem_Cfg.o
LOAD ./Driver/src/Flash_IP.o
LOAD ./Driver/src/Mem.o
LOAD ./Driver/src/Mem_IPW.o
LOAD ./Test/Core/TestManager.o
LOAD ./Test/Core/main.o
LOAD ./Test/STM32F401/Core/Src/Stm32F401_BareMetal.o
LOAD ./Test/STM32F401/Core/Src/stm32f4xx_it.o
LOAD ./Test/STM32F401/Core/Src/syscalls.o
LOAD ./Test/STM32F401/Core/Src/sysmem.o
LOAD ./Test/STM32F401/Core/Startup/startup_stm32f401retx.o
LOAD ./Test/Stub/Det/det.o
LOAD ./Test/Testcase/ELF_BlankCheck_Test.o
LOAD ./Test/Testcase/ELF_Det_Test.o
LOAD ./Test/Testcase/ELF_Erase_Test.o
LOAD ./Test/Testcase/ELF_Init_Test.o
LOAD ./Test/Testcase/ELF_Job_Test.o
LOAD ./Test/Testcase/ELF_Read_Test.o
LOAD ./Test/Testcase/ELF_Status_Test.o
LOAD ./Test/Testcase/ELF_Write_Test.o
START GROUP
LOAD C:/ST/STM32CubeIDE_1.17.0/STM32CubeIDE/plugins/com.st.stm32cube.ide.mcu.externaltools.gnu-tools-for-stm32.12.3.rel1.win32_1.1.0.202410251130/tools/bin/../lib/gcc/arm-none-eabi/12.3.1/../../../../arm-none-eabi/lib/thumb/v7e-m+fp/hard\libc_nano.a
LOAD C:/ST/STM32CubeIDE_1.17.0/STM32CubeIDE/plugins/com.st.stm32cube.ide.mcu.externaltools.gnu-tools-for-stm32.12.3.rel1.win32_1.1.0.202410251130/tools/bin/../lib/gcc/arm-none-eabi/12.3.1/../../../../arm-none-eabi/lib/thumb/v7e-m+fp/hard\libm.a
END GROUP
START GROUP
LOAD C:/ST/STM32CubeIDE_1.17.0/STM32CubeIDE/plugins/com.st.stm32cube.ide.mcu.externaltools.gnu-tools-for-stm32.12.3.rel1.win32_1.1.0.202410251130/tools/bin/../lib/gcc/arm-none-eabi/12.3.1/thumb/v7e-m+fp/hard\libgcc.a
LOAD C:/ST/STM32CubeIDE_1.17.0/STM32CubeIDE/plugins/com.st.stm32cube.ide.mcu.externaltools.gnu-tools-for-stm32.12.3.rel1.win32_1.1.0.202410251130/tools/bin/../lib/gcc/arm-none-eabi/12.3.1/../../../../arm-none-eabi/lib/thumb/v7e-m+fp/hard\libc_nano.a
END GROUP
START GROUP
LOAD C:/ST/STM32CubeIDE_1.17.0/STM32CubeIDE/plugins/com.st.stm32cube.ide.mcu.externaltools.gnu-tools-for-stm32.12.3.rel1.win32_1.1.0.202410251130/tools/bin/../lib/gcc/arm-none-eabi/12.3.1/thumb/v7e-m+fp/hard\libgcc.a
LOAD C:/ST/STM32CubeIDE_1.17.0/STM32CubeIDE/plugins/com.st.stm32cube.ide.mcu.externaltools.gnu-tools-for-stm32.12.3.rel1.win32_1.1.0.202410251130/tools/bin/../lib/gcc/arm-none-eabi/12.3.1/../../../../arm-none-eabi/lib/thumb/v7e-m+fp/hard\libc_nano.a
LOAD C:/ST/STM32CubeIDE_1.17.0/STM32CubeIDE/plugins/com.st.stm32cube.ide.mcu.externaltools.gnu-tools-for-stm32.12.3.rel1.win32_1.1.0.202410251130/tools/bin/../lib/gcc/arm-none-eabi/12.3.1/../../../../arm-none-eabi/lib/thumb/v7e-m+fp/hard\libnosys.a
END GROUP
START GROUP
LOAD C:/ST/STM32CubeIDE_1.17.0/STM32CubeIDE/plugins/com.st.stm32cube.ide.mcu.externaltools.gnu-tools-for-stm32.12.3.rel1.win32_1.1.0.202410251130/tools/bin/../lib/gcc/arm-none-eabi/12.3.1/thumb/v7e-m+fp/hard\libgcc.a
LOAD C:/ST/STM32CubeIDE_1.17.0/STM32CubeIDE/plugins/com.st.stm32cube.ide.mcu.externaltools.gnu-tools-for-stm32.12.3.rel1.win32_1.1.0.202410251130/tools/bin/../lib/gcc/arm-none-eabi/12.3.1/../../../../arm-none-eabi/lib/thumb/v7e-m+fp/hard\libc_nano.a
LOAD C:/ST/STM32CubeIDE_1.17.0/STM32CubeIDE/plugins/com.st.stm32cube.ide.mcu.externaltools.gnu-tools-for-stm32.12.3.rel1.win32_1.1.0.202410251130/tools/bin/../lib/gcc/arm-none-eabi/12.3.1/../../../../arm-none-eabi/lib/thumb/v7e-m+fp/hard\libnosys.a
END GROUP
LOAD C:/ST/STM32CubeIDE_1.17.0/STM32CubeIDE/plugins/com.st.stm32cube.ide.mcu.externaltools.gnu-tools-for-stm32.12.3.rel1.win32_1.1.0.202410251130/tools/bin/../lib/gcc/arm-none-eabi/12.3.1/thumb/v7e-m+fp/hard/crtend.o
LOAD C:/ST/STM32CubeIDE_1.17.0/STM32CubeIDE/plugins/com.st.stm32cube.ide.mcu.externaltools.gnu-tools-for-stm32.12.3.rel1.win32_1.1.0.202410251130/tools/bin/../lib/gcc/arm-none-eabi/12.3.1/thumb/v7e-m+fp/hard/crtn.o
                0x20018000                        _estack = (ORIGIN (RAM) + LENGTH (RAM))
                0x00000200                        _Min_Heap_Size = 0x200
                0x00000400                        _Min_Stack_Size = 0x400

.isr_vector     0x08000000      0x194
                0x08000000                        . = ALIGN (0x4)
 *(.isr_vector)
 .isr_vector    0x08000000      0x194 ./Test/STM32F401/Core/Startup/startup_stm32f401retx.o
                0x08000000                g_pfnVectors
                0x08000194                        . = ALIGN (0x4)

.text           0x08000198     0x43b0
                0x08000198                        . = ALIGN (0x4)
 *(.text)
 .text          0x08000198       0x40 C:/ST/STM32CubeIDE_1.17.0/STM32CubeIDE/plugins/com.st.stm32cube.ide.mcu.externaltools.gnu-tools-for-stm32.12.3.rel1.win32_1.1.0.202410251130/tools/bin/../lib/gcc/arm-none-eabi/12.3.1/thumb/v7e-m+fp/hard/crtbegin.o
 *(.text*)
 .text.Flash_IP_Unlock
                0x080001d8       0x30 ./Driver/src/Flash_IP.o
 .text.Flash_IP_Lock
                0x08000208       0x20 ./Driver/src/Flash_IP.o
 .text.Flash_IP_ClearAllFlags
                0x08000228       0x18 ./Driver/src/Flash_IP.o
 .text.Flash_IP_RefreshCachesAfterErase
                0x08000240       0x50 ./Driver/src/Flash_IP.o
 .text.Flash_IP_TriggerNextByte
                0x08000290       0x4c ./Driver/src/Flash_IP.o
 .text.Flash_IP_Init
                0x080002dc       0x2c ./Driver/src/Flash_IP.o
                0x080002dc                Flash_IP_Init
 .text.Flash_IP_DeInit
                0x08000308       0x34 ./Driver/src/Flash_IP.o
                0x08000308                Flash_IP_DeInit
 .text.Flash_IP_GetStatus
                0x0800033c       0x18 ./Driver/src/Flash_IP.o
                0x0800033c                Flash_IP_GetStatus
 .text.Flash_IP_Read
                0x08000354       0x42 ./Driver/src/Flash_IP.o
                0x08000354                Flash_IP_Read
 *fill*         0x08000396        0x2 
 .text.Flash_IP_ProgramStart
                0x08000398       0x6c ./Driver/src/Flash_IP.o
                0x08000398                Flash_IP_ProgramStart
 .text.Flash_IP_EraseSectorStart
                0x08000404       0x7c ./Driver/src/Flash_IP.o
                0x08000404                Flash_IP_EraseSectorStart
 .text.Flash_IP_MainFunction
                0x08000480        0xe ./Driver/src/Flash_IP.o
                0x08000480                Flash_IP_MainFunction
 *fill*         0x0800048e        0x2 
 .text.Flash_IP_GetSectorFromAddress
                0x08000490       0x6c ./Driver/src/Flash_IP.o
                0x08000490                Flash_IP_GetSectorFromAddress
 .text.Flash_IP_GetSectorStartAddress
                0x080004fc       0x30 ./Driver/src/Flash_IP.o
                0x080004fc                Flash_IP_GetSectorStartAddress
 .text.Flash_IP_GetSectorSize
                0x0800052c       0x34 ./Driver/src/Flash_IP.o
                0x0800052c                Flash_IP_GetSectorSize
 .text.FLASH_IRQHandler
                0x08000560       0xf4 ./Driver/src/Flash_IP.o
                0x08000560                FLASH_IRQHandler
 .text.Mem_CheckModuleInit
                0x08000654       0x40 ./Driver/src/Mem.o
 .text.Mem_CheckInstanceId
                0x08000694       0x3a ./Driver/src/Mem.o
 .text.Mem_CheckPointer
                0x080006ce       0x3a ./Driver/src/Mem.o
 .text.Mem_CheckAddress
                0x08000708       0x3e ./Driver/src/Mem.o
 .text.Mem_CheckLength
                0x08000746       0x42 ./Driver/src/Mem.o
 .text.Mem_CheckEraseAlignment
                0x08000788       0x42 ./Driver/src/Mem.o
 *fill*         0x080007ca        0x2 
 .text.Mem_CheckJobPending
                0x080007cc       0x48 ./Driver/src/Mem.o
 .text.Mem_Init
                0x08000814       0xa8 ./Driver/src/Mem.o
                0x08000814                Mem_Init
 .text.Mem_DeInit
                0x080008bc       0x90 ./Driver/src/Mem.o
                0x080008bc                Mem_DeInit
 .text.Mem_GetVersionInfo
                0x0800094c       0x3c ./Driver/src/Mem.o
                0x0800094c                Mem_GetVersionInfo
 .text.Mem_GetJobResult
                0x08000988       0x44 ./Driver/src/Mem.o
                0x08000988                Mem_GetJobResult
 .text.Mem_Suspend
                0x080009cc       0x88 ./Driver/src/Mem.o
                0x080009cc                Mem_Suspend
 .text.Mem_Resume
                0x08000a54       0x90 ./Driver/src/Mem.o
                0x08000a54                Mem_Resume
 .text.Mem_PropagateError
                0x08000ae4       0x7c ./Driver/src/Mem.o
                0x08000ae4                Mem_PropagateError
 .text.Mem_Read
                0x08000b60      0x114 ./Driver/src/Mem.o
                0x08000b60                Mem_Read
 .text.Mem_Write
                0x08000c74      0x114 ./Driver/src/Mem.o
                0x08000c74                Mem_Write
 .text.Mem_Erase
                0x08000d88      0x108 ./Driver/src/Mem.o
                0x08000d88                Mem_Erase
 .text.Mem_BlankCheck
                0x08000e90       0xf0 ./Driver/src/Mem.o
                0x08000e90                Mem_BlankCheck
 .text.Mem_HwSpecificService
                0x08000f80      0x10c ./Driver/src/Mem.o
                0x08000f80                Mem_HwSpecificService
 .text.Mem_MainFunction
                0x0800108c      0x2d4 ./Driver/src/Mem.o
                0x0800108c                Mem_MainFunction
 .text.Mem_Ipw_IsInstanceSupported
                0x08001360       0x20 ./Driver/src/Mem_IPW.o
 .text.Mem_Ipw_IsHwSpecificServiceSupported
                0x08001380       0x1a ./Driver/src/Mem_IPW.o
                0x08001380                Mem_Ipw_IsHwSpecificServiceSupported
 .text.Mem_Ipw_IsSuspendResumeSupported
                0x0800139a       0x18 ./Driver/src/Mem_IPW.o
                0x0800139a                Mem_Ipw_IsSuspendResumeSupported
 .text.Mem_Ipw_MapFlashIpStatus
                0x080013b2       0x44 ./Driver/src/Mem_IPW.o
 *fill*         0x080013f6        0x2 
 .text.Mem_Ipw_Init
                0x080013f8       0x3c ./Driver/src/Mem_IPW.o
                0x080013f8                Mem_Ipw_Init
 .text.Mem_Ipw_DeInit
                0x08001434       0x30 ./Driver/src/Mem_IPW.o
                0x08001434                Mem_Ipw_DeInit
 .text.Mem_Ipw_Read
                0x08001464       0x58 ./Driver/src/Mem_IPW.o
                0x08001464                Mem_Ipw_Read
 .text.Mem_Ipw_Write
                0x080014bc       0x4c ./Driver/src/Mem_IPW.o
                0x080014bc                Mem_Ipw_Write
 .text.Mem_Ipw_Erase
                0x08001508       0x68 ./Driver/src/Mem_IPW.o
                0x08001508                Mem_Ipw_Erase
 .text.Mem_Ipw_BlankCheck
                0x08001570       0x88 ./Driver/src/Mem_IPW.o
                0x08001570                Mem_Ipw_BlankCheck
 .text.Mem_Ipw_HwSpecificService
                0x080015f8       0x30 ./Driver/src/Mem_IPW.o
                0x080015f8                Mem_Ipw_HwSpecificService
 .text.Mem_Ipw_Suspend
                0x08001628       0x28 ./Driver/src/Mem_IPW.o
                0x08001628                Mem_Ipw_Suspend
 .text.Mem_Ipw_Resume
                0x08001650       0x28 ./Driver/src/Mem_IPW.o
                0x08001650                Mem_Ipw_Resume
 .text.Mem_Ipw_MainFunction
                0x08001678       0x20 ./Driver/src/Mem_IPW.o
                0x08001678                Mem_Ipw_MainFunction
 .text.Mem_Ipw_GetJobResult
                0x08001698       0x54 ./Driver/src/Mem_IPW.o
                0x08001698                Mem_Ipw_GetJobResult
 .text.Mem_Ipw_IsAddressValid
                0x080016ec       0x58 ./Driver/src/Mem_IPW.o
                0x080016ec                Mem_Ipw_IsAddressValid
 .text.Mem_Ipw_IsLengthValid
                0x08001744       0x60 ./Driver/src/Mem_IPW.o
                0x08001744                Mem_Ipw_IsLengthValid
 .text.Mem_Ipw_IsEraseAligned
                0x080017a4       0x74 ./Driver/src/Mem_IPW.o
                0x080017a4                Mem_Ipw_IsEraseAligned
 .text.TestManager_GetGroupName
                0x08001818       0xb0 ./Test/Core/TestManager.o
 .text.TestManager_LedInit
                0x080018c8       0x60 ./Test/Core/TestManager.o
 .text.TestManager_LedOn
                0x08001928       0x18 ./Test/Core/TestManager.o
 .text.TestManager_LedOff
                0x08001940       0x1c ./Test/Core/TestManager.o
 .text.TestManager_UartInit
                0x0800195c       0xd8 ./Test/Core/TestManager.o
 .text.TestManager_PlatformInit
                0x08001a34       0x14 ./Test/Core/TestManager.o
 .text.TestManager_UartWriteChar
                0x08001a48       0x3c ./Test/Core/TestManager.o
 .text.TestManager_LogString
                0x08001a84       0x3e ./Test/Core/TestManager.o
 *fill*         0x08001ac2        0x2 
 .text.TestManager_LogUnsigned
                0x08001ac4       0x84 ./Test/Core/TestManager.o
 .text.TestManager_LogHex32
                0x08001b48       0x60 ./Test/Core/TestManager.o
 .text.TestManager_UartTryReadChar
                0x08001ba8       0x4c ./Test/Core/TestManager.o
 .text.TestManager_UartReadCharBlocking
                0x08001bf4       0x2a ./Test/Core/TestManager.o
 .text.TestManager_UartFlushRx
                0x08001c1e       0x20 ./Test/Core/TestManager.o
 .text.TestManager_ToUpper
                0x08001c3e       0x2a ./Test/Core/TestManager.o
 .text.TestManager_ResetReport
                0x08001c68      0x130 ./Test/Core/TestManager.o
 .text.TestManager_LogGroupBanner
                0x08001d98       0x38 ./Test/Core/TestManager.o
 .text.TestManager_LogGroupSummary
                0x08001dd0       0x98 ./Test/Core/TestManager.o
 .text.TestManager_LogRunBanner
                0x08001e68       0x44 ./Test/Core/TestManager.o
 .text.TestManager_LogMenu
                0x08001eac       0x78 ./Test/Core/TestManager.o
 .text.TestManager_GetMenuSelection
                0x08001f24       0xac ./Test/Core/TestManager.o
 .text.TestManager_SelectGroupInteractive
                0x08001fd0       0x74 ./Test/Core/TestManager.o
 .text.TestManager_RunSelectedGroup
                0x08002044       0x74 ./Test/Core/TestManager.o
 .text.TestManager_RunSelection
                0x080020b8       0x52 ./Test/Core/TestManager.o
 *fill*         0x0800210a        0x2 
 .text.TestManager_BeginGroup
                0x0800210c       0x88 ./Test/Core/TestManager.o
                0x0800210c                TestManager_BeginGroup
 .text.TestManager_RecordCaseTrace
                0x08002194      0x20c ./Test/Core/TestManager.o
                0x08002194                TestManager_RecordCaseTrace
 .text.TestManager_EndGroup
                0x080023a0       0x18 ./Test/Core/TestManager.o
                0x080023a0                TestManager_EndGroup
 .text.TestManager_ReportFault
                0x080023b8       0x3c ./Test/Core/TestManager.o
                0x080023b8                TestManager_ReportFault
 .text.TestManager_PrepareDriver
                0x080023f4       0x24 ./Test/Core/TestManager.o
                0x080023f4                TestManager_PrepareDriver
 .text.TestManager_ResetDetState
                0x08002418        0xc ./Test/Core/TestManager.o
                0x08002418                TestManager_ResetDetState
 .text.TestManager_CheckDet
                0x08002424       0x50 ./Test/Core/TestManager.o
                0x08002424                TestManager_CheckDet
 .text.TestManager_ExecuteMainUntilDone
                0x08002474       0x46 ./Test/Core/TestManager.o
                0x08002474                TestManager_ExecuteMainUntilDone
 *fill*         0x080024ba        0x2 
 .text.TestManager_IsFlashTestAreaSafe
                0x080024bc       0xa8 ./Test/Core/TestManager.o
                0x080024bc                TestManager_IsFlashTestAreaSafe
 *fill*         0x08002564        0x4 
 .text.TestManager_EraseTestSectorAndWait
                0x08002568       0x7c ./Test/Core/TestManager.o
                0x08002568                TestManager_EraseTestSectorAndWait
 .text.TestManager_FillPattern
                0x080025e4       0x52 ./Test/Core/TestManager.o
                0x080025e4                TestManager_FillPattern
 .text.TestManager_BufferEquals
                0x08002636       0x4c ./Test/Core/TestManager.o
                0x08002636                TestManager_BufferEquals
 .text.TestManager_CopyFromFlash
                0x08002682       0x44 ./Test/Core/TestManager.o
                0x08002682                TestManager_CopyFromFlash
 .text.TestManager_IsFlashRangeErased
                0x080026c6       0x46 ./Test/Core/TestManager.o
                0x080026c6                TestManager_IsFlashRangeErased
 .text.TestManager_Run
                0x0800270c       0x64 ./Test/Core/TestManager.o
                0x0800270c                TestManager_Run
 .text.TestManager_Finish
                0x08002770       0x88 ./Test/Core/TestManager.o
                0x08002770                TestManager_Finish
 .text.main     0x080027f8        0xc ./Test/Core/main.o
                0x080027f8                main
 .text.Stm32_BareMetalSystemInit
                0x08002804       0x84 ./Test/STM32F401/Core/Src/Stm32F401_BareMetal.o
                0x08002804                Stm32_BareMetalSystemInit
 .text.Stm32_BareMetalSystemCoreClockUpdate
                0x08002888       0xc4 ./Test/STM32F401/Core/Src/Stm32F401_BareMetal.o
                0x08002888                Stm32_BareMetalSystemCoreClockUpdate
 .text.Stm32_BareMetalEnableIrq
                0x0800294c       0x38 ./Test/STM32F401/Core/Src/Stm32F401_BareMetal.o
                0x0800294c                Stm32_BareMetalEnableIrq
 .text.NMI_Handler
                0x08002984        0xe ./Test/STM32F401/Core/Src/stm32f4xx_it.o
                0x08002984                NMI_Handler
 .text.HardFault_Handler
                0x08002992        0xe ./Test/STM32F401/Core/Src/stm32f4xx_it.o
                0x08002992                HardFault_Handler
 .text.MemManage_Handler
                0x080029a0        0xe ./Test/STM32F401/Core/Src/stm32f4xx_it.o
                0x080029a0                MemManage_Handler
 .text.BusFault_Handler
                0x080029ae        0xe ./Test/STM32F401/Core/Src/stm32f4xx_it.o
                0x080029ae                BusFault_Handler
 .text.UsageFault_Handler
                0x080029bc        0xe ./Test/STM32F401/Core/Src/stm32f4xx_it.o
                0x080029bc                UsageFault_Handler
 .text.SVC_Handler
                0x080029ca        0xe ./Test/STM32F401/Core/Src/stm32f4xx_it.o
                0x080029ca                SVC_Handler
 .text.DebugMon_Handler
                0x080029d8        0xe ./Test/STM32F401/Core/Src/stm32f4xx_it.o
                0x080029d8                DebugMon_Handler
 .text.PendSV_Handler
                0x080029e6        0xe ./Test/STM32F401/Core/Src/stm32f4xx_it.o
                0x080029e6                PendSV_Handler
 .text.SysTick_Handler
                0x080029f4        0xe ./Test/STM32F401/Core/Src/stm32f4xx_it.o
                0x080029f4                SysTick_Handler
 *fill*         0x08002a02        0x2 
 .text.Reset_Handler
                0x08002a04       0x50 ./Test/STM32F401/Core/Startup/startup_stm32f401retx.o
                0x08002a04                Reset_Handler
 .text.Default_Handler
                0x08002a54        0x2 ./Test/STM32F401/Core/Startup/startup_stm32f401retx.o
                0x08002a54                RTC_Alarm_IRQHandler
                0x08002a54                EXTI2_IRQHandler
                0x08002a54                SPI4_IRQHandler
                0x08002a54                TIM1_CC_IRQHandler
                0x08002a54                DMA2_Stream5_IRQHandler
                0x08002a54                DMA1_Stream5_IRQHandler
                0x08002a54                PVD_IRQHandler
                0x08002a54                SDIO_IRQHandler
                0x08002a54                TAMP_STAMP_IRQHandler
                0x08002a54                EXTI3_IRQHandler
                0x08002a54                TIM1_UP_TIM10_IRQHandler
                0x08002a54                I2C3_ER_IRQHandler
                0x08002a54                EXTI0_IRQHandler
                0x08002a54                I2C2_EV_IRQHandler
                0x08002a54                DMA1_Stream2_IRQHandler
                0x08002a54                FPU_IRQHandler
                0x08002a54                DMA2_Stream2_IRQHandler
                0x08002a54                SPI1_IRQHandler
                0x08002a54                TIM1_BRK_TIM9_IRQHandler
                0x08002a54                DMA2_Stream3_IRQHandler
                0x08002a54                USART6_IRQHandler
                0x08002a54                DMA2_Stream0_IRQHandler
                0x08002a54                TIM4_IRQHandler
                0x08002a54                I2C1_EV_IRQHandler
                0x08002a54                DMA1_Stream6_IRQHandler
                0x08002a54                DMA1_Stream1_IRQHandler
                0x08002a54                TIM3_IRQHandler
                0x08002a54                RCC_IRQHandler
                0x08002a54                Default_Handler
                0x08002a54                EXTI15_10_IRQHandler
                0x08002a54                ADC_IRQHandler
                0x08002a54                DMA1_Stream7_IRQHandler
                0x08002a54                TIM5_IRQHandler
                0x08002a54                DMA2_Stream7_IRQHandler
                0x08002a54                I2C3_EV_IRQHandler
                0x08002a54                EXTI9_5_IRQHandler
                0x08002a54                RTC_WKUP_IRQHandler
                0x08002a54                SPI2_IRQHandler
                0x08002a54                DMA1_Stream0_IRQHandler
                0x08002a54                EXTI4_IRQHandler
                0x08002a54                WWDG_IRQHandler
                0x08002a54                TIM2_IRQHandler
                0x08002a54                OTG_FS_WKUP_IRQHandler
                0x08002a54                TIM1_TRG_COM_TIM11_IRQHandler
                0x08002a54                EXTI1_IRQHandler
                0x08002a54                USART2_IRQHandler
                0x08002a54                I2C2_ER_IRQHandler
                0x08002a54                DMA2_Stream1_IRQHandler
                0x08002a54                DMA2_Stream4_IRQHandler
                0x08002a54                USART1_IRQHandler
                0x08002a54                OTG_FS_IRQHandler
                0x08002a54                SPI3_IRQHandler
                0x08002a54                DMA1_Stream4_IRQHandler
                0x08002a54                I2C1_ER_IRQHandler
                0x08002a54                DMA2_Stream6_IRQHandler
                0x08002a54                DMA1_Stream3_IRQHandler
 *fill*         0x08002a56        0x2 
 .text.Det_ReportError
                0x08002a58       0x4c ./Test/Stub/Det/det.o
                0x08002a58                Det_ReportError
 .text.Det_ResetLastError
                0x08002aa4       0x30 ./Test/Stub/Det/det.o
                0x08002aa4                Det_ResetLastError
 .text.Det_GetLastError
                0x08002ad4       0x50 ./Test/Stub/Det/det.o
                0x08002ad4                Det_GetLastError
 .text.ELF_BLANKCHECK_001
                0x08002b24       0x90 ./Test/Testcase/ELF_BlankCheck_Test.o
 *fill*         0x08002bb4        0x4 
 .text.ELF_BLANKCHECK_002
                0x08002bb8       0xd8 ./Test/Testcase/ELF_BlankCheck_Test.o
 .text.ELF_BLANKCHECK_003
                0x08002c90       0x74 ./Test/Testcase/ELF_BlankCheck_Test.o
 .text.ELF_BLANKCHECK_004
                0x08002d04       0x74 ./Test/Testcase/ELF_BlankCheck_Test.o
 .text.ELF_BLANKCHECK_005
                0x08002d78       0x74 ./Test/Testcase/ELF_BlankCheck_Test.o
 .text.ELF_BLANKCHECK_006
                0x08002dec       0x94 ./Test/Testcase/ELF_BlankCheck_Test.o
 .text.ELF_BlankCheck_Test
                0x08002e80       0x2a ./Test/Testcase/ELF_BlankCheck_Test.o
                0x08002e80                ELF_BlankCheck_Test
 *fill*         0x08002eaa        0x2 
 .text.ELF_DET_001
                0x08002eac       0x78 ./Test/Testcase/ELF_Det_Test.o
 .text.ELF_DET_002
                0x08002f24       0x74 ./Test/Testcase/ELF_Det_Test.o
 .text.ELF_DET_003
                0x08002f98       0x78 ./Test/Testcase/ELF_Det_Test.o
 .text.ELF_DET_004
                0x08003010       0x74 ./Test/Testcase/ELF_Det_Test.o
 .text.ELF_DET_005
                0x08003084       0x74 ./Test/Testcase/ELF_Det_Test.o
 .text.ELF_Det_Test
                0x080030f8       0x26 ./Test/Testcase/ELF_Det_Test.o
                0x080030f8                ELF_Det_Test
 *fill*         0x0800311e        0x2 
 .text.ELF_ERASE_001
                0x08003120       0xf8 ./Test/Testcase/ELF_Erase_Test.o
 .text.ELF_ERASE_002
                0x08003218       0x7c ./Test/Testcase/ELF_Erase_Test.o
 .text.ELF_ERASE_003
                0x08003294       0x74 ./Test/Testcase/ELF_Erase_Test.o
 .text.ELF_ERASE_004
                0x08003308       0x74 ./Test/Testcase/ELF_Erase_Test.o
 .text.ELF_ERASE_005
                0x0800337c       0x74 ./Test/Testcase/ELF_Erase_Test.o
 .text.ELF_ERASE_006
                0x080033f0       0x94 ./Test/Testcase/ELF_Erase_Test.o
 .text.ELF_Erase_Test
                0x08003484       0x2a ./Test/Testcase/ELF_Erase_Test.o
                0x08003484                ELF_Erase_Test
 *fill*         0x080034ae        0x2 
 .text.ELF_INIT_001
                0x080034b0       0x4c ./Test/Testcase/ELF_Init_Test.o
 .text.ELF_INIT_002
                0x080034fc       0x80 ./Test/Testcase/ELF_Init_Test.o
 .text.ELF_INIT_003
                0x0800357c       0x7c ./Test/Testcase/ELF_Init_Test.o
 .text.ELF_INIT_004
                0x080035f8       0x58 ./Test/Testcase/ELF_Init_Test.o
 .text.ELF_INIT_005
                0x08003650       0x80 ./Test/Testcase/ELF_Init_Test.o
 .text.ELF_Init_Test
                0x080036d0       0x26 ./Test/Testcase/ELF_Init_Test.o
                0x080036d0                ELF_Init_Test
 *fill*         0x080036f6        0x2 
 .text.ELF_JOB_001
                0x080036f8       0xa0 ./Test/Testcase/ELF_Job_Test.o
 .text.ELF_JOB_002
                0x08003798       0x80 ./Test/Testcase/ELF_Job_Test.o
 .text.ELF_JOB_003
                0x08003818       0x5c ./Test/Testcase/ELF_Job_Test.o
 .text.ELF_JOB_004
                0x08003874       0x4c ./Test/Testcase/ELF_Job_Test.o
 .text.ELF_JOB_005
                0x080038c0       0x4c ./Test/Testcase/ELF_Job_Test.o
 .text.ELF_JOB_006
                0x0800390c       0x70 ./Test/Testcase/ELF_Job_Test.o
 .text.ELF_JOB_007
                0x0800397c       0x74 ./Test/Testcase/ELF_Job_Test.o
 .text.ELF_JOB_008
                0x080039f0       0x70 ./Test/Testcase/ELF_Job_Test.o
 .text.ELF_JOB_009
                0x08003a60       0x70 ./Test/Testcase/ELF_Job_Test.o
 .text.ELF_JOB_010
                0x08003ad0       0x64 ./Test/Testcase/ELF_Job_Test.o
 .text.ELF_JOB_011
                0x08003b34       0x64 ./Test/Testcase/ELF_Job_Test.o
 .text.ELF_Job_Test
                0x08003b98       0x3e ./Test/Testcase/ELF_Job_Test.o
                0x08003b98                ELF_Job_Test
 *fill*         0x08003bd6        0x2 
 .text.ELF_READ_001
                0x08003bd8       0xbc ./Test/Testcase/ELF_Read_Test.o
 .text.ELF_READ_002
                0x08003c94       0x78 ./Test/Testcase/ELF_Read_Test.o
 .text.ELF_READ_003
                0x08003d0c       0x74 ./Test/Testcase/ELF_Read_Test.o
 .text.ELF_READ_004
                0x08003d80       0x74 ./Test/Testcase/ELF_Read_Test.o
 .text.ELF_READ_005
                0x08003df4       0x98 ./Test/Testcase/ELF_Read_Test.o
 .text.ELF_Read_Test
                0x08003e8c       0x26 ./Test/Testcase/ELF_Read_Test.o
                0x08003e8c                ELF_Read_Test
 *fill*         0x08003eb2        0x2 
 .text.ELF_STATUS_001
                0x08003eb4       0x4c ./Test/Testcase/ELF_Status_Test.o
 .text.ELF_STATUS_002
                0x08003f00       0x78 ./Test/Testcase/ELF_Status_Test.o
 .text.ELF_STATUS_003
                0x08003f78       0x74 ./Test/Testcase/ELF_Status_Test.o
 .text.ELF_STATUS_004
                0x08003fec       0x6c ./Test/Testcase/ELF_Status_Test.o
 .text.ELF_STATUS_005
                0x08004058       0x8c ./Test/Testcase/ELF_Status_Test.o
 .text.ELF_Status_Test
                0x080040e4       0x26 ./Test/Testcase/ELF_Status_Test.o
                0x080040e4                ELF_Status_Test
 *fill*         0x0800410a        0x6 
 .text.ELF_WRITE_001
                0x08004110       0xdc ./Test/Testcase/ELF_Write_Test.o
 .text.ELF_WRITE_002
                0x080041ec       0x84 ./Test/Testcase/ELF_Write_Test.o
 .text.ELF_WRITE_003
                0x08004270       0x8c ./Test/Testcase/ELF_Write_Test.o
 *fill*         0x080042fc        0x4 
 .text.ELF_WRITE_004
                0x08004300       0x7c ./Test/Testcase/ELF_Write_Test.o
 *fill*         0x0800437c        0x4 
 .text.ELF_WRITE_005
                0x08004380       0x8c ./Test/Testcase/ELF_Write_Test.o
 *fill*         0x0800440c        0x4 
 .text.ELF_WRITE_006
                0x08004410       0xac ./Test/Testcase/ELF_Write_Test.o
 .text.ELF_Write_Test
                0x080044bc       0x2a ./Test/Testcase/ELF_Write_Test.o
                0x080044bc                ELF_Write_Test
 *fill*         0x080044e6        0x2 
 .text.__libc_init_array
                0x080044e8       0x48 C:/ST/STM32CubeIDE_1.17.0/STM32CubeIDE/plugins/com.st.stm32cube.ide.mcu.externaltools.gnu-tools-for-stm32.12.3.rel1.win32_1.1.0.202410251130/tools/bin/../lib/gcc/arm-none-eabi/12.3.1/../../../../arm-none-eabi/lib/thumb/v7e-m+fp/hard\libc_nano.a(libc_a-init.o)
                0x080044e8                __libc_init_array
 *(.glue_7)
 .glue_7        0x08004530        0x0 linker stubs
 *(.glue_7t)
 .glue_7t       0x08004530        0x0 linker stubs
 *(.eh_frame)
 .eh_frame      0x08004530        0x0 C:/ST/STM32CubeIDE_1.17.0/STM32CubeIDE/plugins/com.st.stm32cube.ide.mcu.externaltools.gnu-tools-for-stm32.12.3.rel1.win32_1.1.0.202410251130/tools/bin/../lib/gcc/arm-none-eabi/12.3.1/thumb/v7e-m+fp/hard/crtbegin.o
 *(.init)
 .init          0x08004530        0x4 C:/ST/STM32CubeIDE_1.17.0/STM32CubeIDE/plugins/com.st.stm32cube.ide.mcu.externaltools.gnu-tools-for-stm32.12.3.rel1.win32_1.1.0.202410251130/tools/bin/../lib/gcc/arm-none-eabi/12.3.1/thumb/v7e-m+fp/hard/crti.o
                0x08004530                _init
 .init          0x08004534        0x8 C:/ST/STM32CubeIDE_1.17.0/STM32CubeIDE/plugins/com.st.stm32cube.ide.mcu.externaltools.gnu-tools-for-stm32.12.3.rel1.win32_1.1.0.202410251130/tools/bin/../lib/gcc/arm-none-eabi/12.3.1/thumb/v7e-m+fp/hard/crtn.o
 *(.fini)
 .fini          0x0800453c        0x4 C:/ST/STM32CubeIDE_1.17.0/STM32CubeIDE/plugins/com.st.stm32cube.ide.mcu.externaltools.gnu-tools-for-stm32.12.3.rel1.win32_1.1.0.202410251130/tools/bin/../lib/gcc/arm-none-eabi/12.3.1/thumb/v7e-m+fp/hard/crti.o
                0x0800453c                _fini
 .fini          0x08004540        0x8 C:/ST/STM32CubeIDE_1.17.0/STM32CubeIDE/plugins/com.st.stm32cube.ide.mcu.externaltools.gnu-tools-for-stm32.12.3.rel1.win32_1.1.0.202410251130/tools/bin/../lib/gcc/arm-none-eabi/12.3.1/thumb/v7e-m+fp/hard/crtn.o
                0x08004548                        . = ALIGN (0x4)
                0x08004548                        _etext = .

.vfp11_veneer   0x08004548        0x0
 .vfp11_veneer  0x08004548        0x0 linker stubs

.v4_bx          0x08004548        0x0
 .v4_bx         0x08004548        0x0 linker stubs

.iplt           0x08004548        0x0
 .iplt          0x08004548        0x0 C:/ST/STM32CubeIDE_1.17.0/STM32CubeIDE/plugins/com.st.stm32cube.ide.mcu.externaltools.gnu-tools-for-stm32.12.3.rel1.win32_1.1.0.202410251130/tools/bin/../lib/gcc/arm-none-eabi/12.3.1/thumb/v7e-m+fp/hard/crtbegin.o

.rodata         0x08004548      0xf4c
                0x08004548                        . = ALIGN (0x4)
 *(.rodata)
 .rodata        0x08004548      0x2a8 ./Test/Core/TestManager.o
 .rodata        0x080047f0      0x19c ./Test/Testcase/ELF_BlankCheck_Test.o
 .rodata        0x0800498c       0xf8 ./Test/Testcase/ELF_Det_Test.o
 .rodata        0x08004a84      0x193 ./Test/Testcase/ELF_Erase_Test.o
 *fill*         0x08004c17        0x1 
 .rodata        0x08004c18      0x13a ./Test/Testcase/ELF_Init_Test.o
 *fill*         0x08004d52        0x2 
 .rodata        0x08004d54      0x2b5 ./Test/Testcase/ELF_Job_Test.o
 *fill*         0x08005009        0x3 
 .rodata        0x0800500c      0x12e ./Test/Testcase/ELF_Read_Test.o
 *fill*         0x0800513a        0x2 
 .rodata        0x0800513c      0x179 ./Test/Testcase/ELF_Status_Test.o
 *fill*         0x080052b5        0x3 
 .rodata        0x080052b8      0x17b ./Test/Testcase/ELF_Write_Test.o
 *(.rodata*)
 *fill*         0x08005433        0x1 
 .rodata.Flash_IP_SectorTable
                0x08005434       0x40 ./Driver/Code_Generator/templates/src/Flash_IP_Cfg.o
                0x08005434                Flash_IP_SectorTable
 .rodata.ahbPrescaler.0
                0x08005474       0x20 ./Test/STM32F401/Core/Src/Stm32F401_BareMetal.o
                0x08005494                        . = ALIGN (0x4)

.ARM.extab      0x08005494        0x0
                0x08005494                        . = ALIGN (0x4)
 *(.ARM.extab* .gnu.linkonce.armextab.*)
                0x08005494                        . = ALIGN (0x4)

.ARM            0x08005494        0x0
                0x08005494                        . = ALIGN (0x4)
                0x08005494                        __exidx_start = .
 *(.ARM.exidx*)
                0x08005494                        __exidx_end = .
                0x08005494                        . = ALIGN (0x4)

.preinit_array  0x08005494        0x0
                0x08005494                        . = ALIGN (0x4)
                0x08005494                        PROVIDE (__preinit_array_start = .)
 *(.preinit_array*)
                0x08005494                        PROVIDE (__preinit_array_end = .)
                0x08005494                        . = ALIGN (0x4)

.init_array     0x08005494        0x4
                0x08005494                        . = ALIGN (0x4)
                0x08005494                        PROVIDE (__init_array_start = .)
 *(SORT_BY_NAME(.init_array.*))
 *(.init_array*)
 .init_array    0x08005494        0x4 C:/ST/STM32CubeIDE_1.17.0/STM32CubeIDE/plugins/com.st.stm32cube.ide.mcu.externaltools.gnu-tools-for-stm32.12.3.rel1.win32_1.1.0.202410251130/tools/bin/../lib/gcc/arm-none-eabi/12.3.1/thumb/v7e-m+fp/hard/crtbegin.o
                0x08005498                        PROVIDE (__init_array_end = .)
                0x08005498                        . = ALIGN (0x4)

.fini_array     0x08005498        0x4
                0x08005498                        . = ALIGN (0x4)
                [!provide]                        PROVIDE (__fini_array_start = .)
 *(SORT_BY_NAME(.fini_array.*))
 *(.fini_array*)
 .fini_array    0x08005498        0x4 C:/ST/STM32CubeIDE_1.17.0/STM32CubeIDE/plugins/com.st.stm32cube.ide.mcu.externaltools.gnu-tools-for-stm32.12.3.rel1.win32_1.1.0.202410251130/tools/bin/../lib/gcc/arm-none-eabi/12.3.1/thumb/v7e-m+fp/hard/crtbegin.o
                [!provide]                        PROVIDE (__fini_array_end = .)
                0x0800549c                        . = ALIGN (0x4)
                0x0800549c                        _sidata = LOADADDR (.data)

.rel.dyn        0x0800549c        0x0
 .rel.iplt      0x0800549c        0x0 C:/ST/STM32CubeIDE_1.17.0/STM32CubeIDE/plugins/com.st.stm32cube.ide.mcu.externaltools.gnu-tools-for-stm32.12.3.rel1.win32_1.1.0.202410251130/tools/bin/../lib/gcc/arm-none-eabi/12.3.1/thumb/v7e-m+fp/hard/crtbegin.o

.data           0x20000000        0x8 load address 0x0800549c
                0x20000000                        . = ALIGN (0x4)
                0x20000000                        _sdata = .
 *(.data)
 *(.data*)
 .data.TestManager_CurrentGroupIndex
                0x20000000        0x4 ./Test/Core/TestManager.o
 .data.Stm32_SystemCoreClock
                0x20000004        0x4 ./Test/STM32F401/Core/Src/Stm32F401_BareMetal.o
                0x20000004                Stm32_SystemCoreClock
 *(.RamFunc)
 *(.RamFunc*)
                0x20000008                        . = ALIGN (0x4)
                0x20000008                        _edata = .

.igot.plt       0x20000008        0x0 load address 0x080054a4
 .igot.plt      0x20000008        0x0 C:/ST/STM32CubeIDE_1.17.0/STM32CubeIDE/plugins/com.st.stm32cube.ide.mcu.externaltools.gnu-tools-for-stm32.12.3.rel1.win32_1.1.0.202410251130/tools/bin/../lib/gcc/arm-none-eabi/12.3.1/thumb/v7e-m+fp/hard/crtbegin.o
                0x20000008                        . = ALIGN (0x4)

.bss            0x20000008      0xd20 load address 0x080054a4
                0x20000008                        _sbss = .
                0x20000008                        __bss_start__ = _sbss
 *(.bss)
 .bss           0x20000008       0x1c C:/ST/STM32CubeIDE_1.17.0/STM32CubeIDE/plugins/com.st.stm32cube.ide.mcu.externaltools.gnu-tools-for-stm32.12.3.rel1.win32_1.1.0.202410251130/tools/bin/../lib/gcc/arm-none-eabi/12.3.1/thumb/v7e-m+fp/hard/crtbegin.o
 *(.bss*)
 .bss.Flash_IP_Status
                0x20000024        0x1 ./Driver/src/Flash_IP.o
 .bss.Flash_IP_CurrentOp
                0x20000025        0x1 ./Driver/src/Flash_IP.o
 *fill*         0x20000026        0x2 
 .bss.Flash_IP_ProgSrcPtr
                0x20000028        0x4 ./Driver/src/Flash_IP.o
 .bss.Flash_IP_ProgAddress
                0x2000002c        0x4 ./Driver/src/Flash_IP.o
 .bss.Flash_IP_ProgRemaining
                0x20000030        0x4 ./Driver/src/Flash_IP.o
 .bss.Mem_ModuleState
                0x20000034        0x1 ./Driver/src/Mem.o
 *fill*         0x20000035        0x3 
 .bss.Mem_InstanceRuntime
                0x20000038        0x3 ./Driver/src/Mem.o
 *fill*         0x2000003b        0x5 
 .bss.Mem_PendingRequest
                0x20000040       0x30 ./Driver/src/Mem.o
 .bss.Mem_Ipw_ResultSource
                0x20000070        0x1 ./Driver/src/Mem_IPW.o
 *fill*         0x20000071        0x3 
 .bss.Mem_Ipw_LocalResult
                0x20000074        0x1 ./Driver/src/Mem_IPW.o
 *fill*         0x20000075        0x3 
 .bss.g_TestReport
                0x20000078      0xca4 ./Test/Core/TestManager.o
                0x20000078                g_TestReport
 .bss.TestManager_UartReady
                0x20000d1c        0x1 ./Test/Core/TestManager.o
 *fill*         0x20000d1d        0x3 
 .bss.Det_LastError
                0x20000d20        0x6 ./Test/Stub/Det/det.o
                0x20000d20                Det_LastError
 *(COMMON)
                0x20000d28                        . = ALIGN (0x4)
 *fill*         0x20000d26        0x2 
                0x20000d28                        _ebss = .
                0x20000d28                        __bss_end__ = _ebss

._user_heap_stack
                0x20000d28      0x600 load address 0x080054a4
                0x20000d28                        . = ALIGN (0x8)
                [!provide]                        PROVIDE (end = .)
                0x20000d28                        PROVIDE (_end = .)
                0x20000f28                        . = (. + _Min_Heap_Size)
 *fill*         0x20000d28      0x200 
                0x20001328                        . = (. + _Min_Stack_Size)
 *fill*         0x20000f28      0x400 
                0x20001328                        . = ALIGN (0x8)

/DISCARD/
 libc.a(*)
 libm.a(*)
 libgcc.a(*)

.ARM.attributes
                0x00000000       0x30
 *(.ARM.attributes)
 .ARM.attributes
                0x00000000       0x22 C:/ST/STM32CubeIDE_1.17.0/STM32CubeIDE/plugins/com.st.stm32cube.ide.mcu.externaltools.gnu-tools-for-stm32.12.3.rel1.win32_1.1.0.202410251130/tools/bin/../lib/gcc/arm-none-eabi/12.3.1/thumb/v7e-m+fp/hard/crti.o
 .ARM.attributes
                0x00000022       0x34 C:/ST/STM32CubeIDE_1.17.0/STM32CubeIDE/plugins/com.st.stm32cube.ide.mcu.externaltools.gnu-tools-for-stm32.12.3.rel1.win32_1.1.0.202410251130/tools/bin/../lib/gcc/arm-none-eabi/12.3.1/thumb/v7e-m+fp/hard/crtbegin.o
 .ARM.attributes
                0x00000056       0x34 ./Driver/Code_Generator/templates/src/Flash_IP_Cfg.o
 .ARM.attributes
                0x0000008a       0x34 ./Driver/src/Flash_IP.o
 .ARM.attributes
                0x000000be       0x34 ./Driver/src/Mem.o
 .ARM.attributes
                0x000000f2       0x34 ./Driver/src/Mem_IPW.o
 .ARM.attributes
                0x00000126       0x34 ./Test/Core/TestManager.o
 .ARM.attributes
                0x0000015a       0x34 ./Test/Core/main.o
 .ARM.attributes
                0x0000018e       0x34 ./Test/STM32F401/Core/Src/Stm32F401_BareMetal.o
 .ARM.attributes
                0x000001c2       0x34 ./Test/STM32F401/Core/Src/stm32f4xx_it.o
 .ARM.attributes
                0x000001f6       0x21 ./Test/STM32F401/Core/Startup/startup_stm32f401retx.o
 .ARM.attributes
                0x00000217       0x34 ./Test/Stub/Det/det.o
 .ARM.attributes
                0x0000024b       0x34 ./Test/Testcase/ELF_BlankCheck_Test.o
 .ARM.attributes
                0x0000027f       0x34 ./Test/Testcase/ELF_Det_Test.o
 .ARM.attributes
                0x000002b3       0x34 ./Test/Testcase/ELF_Erase_Test.o
 .ARM.attributes
                0x000002e7       0x34 ./Test/Testcase/ELF_Init_Test.o
 .ARM.attributes
                0x0000031b       0x34 ./Test/Testcase/ELF_Job_Test.o
 .ARM.attributes
                0x0000034f       0x34 ./Test/Testcase/ELF_Read_Test.o
 .ARM.attributes
                0x00000383       0x34 ./Test/Testcase/ELF_Status_Test.o
 .ARM.attributes
                0x000003b7       0x34 ./Test/Testcase/ELF_Write_Test.o
 .ARM.attributes
                0x000003eb       0x34 C:/ST/STM32CubeIDE_1.17.0/STM32CubeIDE/plugins/com.st.stm32cube.ide.mcu.externaltools.gnu-tools-for-stm32.12.3.rel1.win32_1.1.0.202410251130/tools/bin/../lib/gcc/arm-none-eabi/12.3.1/../../../../arm-none-eabi/lib/thumb/v7e-m+fp/hard\libc_nano.a(libc_a-init.o)
 .ARM.attributes
                0x0000041f       0x22 C:/ST/STM32CubeIDE_1.17.0/STM32CubeIDE/plugins/com.st.stm32cube.ide.mcu.externaltools.gnu-tools-for-stm32.12.3.rel1.win32_1.1.0.202410251130/tools/bin/../lib/gcc/arm-none-eabi/12.3.1/thumb/v7e-m+fp/hard/crtn.o
OUTPUT(AUTOSAR_MEM.elf elf32-littlearm)
LOAD linker stubs
LOAD C:/ST/STM32CubeIDE_1.17.0/STM32CubeIDE/plugins/com.st.stm32cube.ide.mcu.externaltools.gnu-tools-for-stm32.12.3.rel1.win32_1.1.0.202410251130/tools/bin/../lib/gcc/arm-none-eabi/12.3.1/../../../../arm-none-eabi/lib/thumb/v7e-m+fp/hard\libc.a
LOAD C:/ST/STM32CubeIDE_1.17.0/STM32CubeIDE/plugins/com.st.stm32cube.ide.mcu.externaltools.gnu-tools-for-stm32.12.3.rel1.win32_1.1.0.202410251130/tools/bin/../lib/gcc/arm-none-eabi/12.3.1/../../../../arm-none-eabi/lib/thumb/v7e-m+fp/hard\libm.a
LOAD C:/ST/STM32CubeIDE_1.17.0/STM32CubeIDE/plugins/com.st.stm32cube.ide.mcu.externaltools.gnu-tools-for-stm32.12.3.rel1.win32_1.1.0.202410251130/tools/bin/../lib/gcc/arm-none-eabi/12.3.1/thumb/v7e-m+fp/hard\libgcc.a

.debug_info     0x00000000     0x5351
 .debug_info    0x00000000      0x11d ./Driver/Code_Generator/templates/src/Flash_IP_Cfg.o
 .debug_info    0x0000011d      0x4f2 ./Driver/src/Flash_IP.o
 .debug_info    0x0000060f      0xb08 ./Driver/src/Mem.o
 .debug_info    0x00001117      0x7d8 ./Driver/src/Mem_IPW.o
 .debug_info    0x000018ef     0x103a ./Test/Core/TestManager.o
 .debug_info    0x00002929       0xab ./Test/Core/main.o
 .debug_info    0x000029d4      0x2ad ./Test/STM32F401/Core/Src/Stm32F401_BareMetal.o
 .debug_info    0x00002c81      0x16e ./Test/STM32F401/Core/Src/stm32f4xx_it.o
 .debug_info    0x00002def       0x30 ./Test/STM32F401/Core/Startup/startup_stm32f401retx.o
 .debug_info    0x00002e1f      0x1f3 ./Test/Stub/Det/det.o
 .debug_info    0x00003012      0x478 ./Test/Testcase/ELF_BlankCheck_Test.o
 .debug_info    0x0000348a      0x358 ./Test/Testcase/ELF_Det_Test.o
 .debug_info    0x000037e2      0x475 ./Test/Testcase/ELF_Erase_Test.o
 .debug_info    0x00003c57      0x46e ./Test/Testcase/ELF_Init_Test.o
 .debug_info    0x000040c5      0x57f ./Test/Testcase/ELF_Job_Test.o
 .debug_info    0x00004644      0x454 ./Test/Testcase/ELF_Read_Test.o
 .debug_info    0x00004a98      0x3ef ./Test/Testcase/ELF_Status_Test.o
 .debug_info    0x00004e87      0x4ca ./Test/Testcase/ELF_Write_Test.o

.debug_abbrev   0x00000000     0x16e2
 .debug_abbrev  0x00000000       0x9b ./Driver/Code_Generator/templates/src/Flash_IP_Cfg.o
 .debug_abbrev  0x0000009b      0x24d ./Driver/src/Flash_IP.o
 .debug_abbrev  0x000002e8      0x1ed ./Driver/src/Mem.o
 .debug_abbrev  0x000004d5      0x1d1 ./Driver/src/Mem_IPW.o
 .debug_abbrev  0x000006a6      0x3a1 ./Test/Core/TestManager.o
 .debug_abbrev  0x00000a47       0x5a ./Test/Core/main.o
 .debug_abbrev  0x00000aa1      0x113 ./Test/STM32F401/Core/Src/Stm32F401_BareMetal.o
 .debug_abbrev  0x00000bb4       0xa9 ./Test/STM32F401/Core/Src/stm32f4xx_it.o
 .debug_abbrev  0x00000c5d       0x24 ./Test/STM32F401/Core/Startup/startup_stm32f401retx.o
 .debug_abbrev  0x00000c81      0x115 ./Test/Stub/Det/det.o
 .debug_abbrev  0x00000d96      0x13b ./Test/Testcase/ELF_BlankCheck_Test.o
 .debug_abbrev  0x00000ed1      0x11f ./Test/Testcase/ELF_Det_Test.o
 .debug_abbrev  0x00000ff0      0x12b ./Test/Testcase/ELF_Erase_Test.o
 .debug_abbrev  0x0000111b      0x141 ./Test/Testcase/ELF_Init_Test.o
 .debug_abbrev  0x0000125c      0x122 ./Test/Testcase/ELF_Job_Test.o
 .debug_abbrev  0x0000137e      0x114 ./Test/Testcase/ELF_Read_Test.o
 .debug_abbrev  0x00001492      0x125 ./Test/Testcase/ELF_Status_Test.o
 .debug_abbrev  0x000015b7      0x12b ./Test/Testcase/ELF_Write_Test.o

.debug_aranges  0x00000000      0x710
 .debug_aranges
                0x00000000       0x18 ./Driver/Code_Generator/templates/src/Flash_IP_Cfg.o
 .debug_aranges
                0x00000018       0x98 ./Driver/src/Flash_IP.o
 .debug_aranges
                0x000000b0       0xb8 ./Driver/src/Mem.o
 .debug_aranges
                0x00000168       0xa8 ./Driver/src/Mem_IPW.o
 .debug_aranges
                0x00000210      0x168 ./Test/Core/TestManager.o
 .debug_aranges
                0x00000378       0x20 ./Test/Core/main.o
 .debug_aranges
                0x00000398       0x30 ./Test/STM32F401/Core/Src/Stm32F401_BareMetal.o
 .debug_aranges
                0x000003c8       0x60 ./Test/STM32F401/Core/Src/stm32f4xx_it.o
 .debug_aranges
                0x00000428       0x28 ./Test/STM32F401/Core/Startup/startup_stm32f401retx.o
 .debug_aranges
                0x00000450       0x38 ./Test/Stub/Det/det.o
 .debug_aranges
                0x00000488       0x50 ./Test/Testcase/ELF_BlankCheck_Test.o
 .debug_aranges
                0x000004d8       0x48 ./Test/Testcase/ELF_Det_Test.o
 .debug_aranges
                0x00000520       0x50 ./Test/Testcase/ELF_Erase_Test.o
 .debug_aranges
                0x00000570       0x48 ./Test/Testcase/ELF_Init_Test.o
 .debug_aranges
                0x000005b8       0x78 ./Test/Testcase/ELF_Job_Test.o
 .debug_aranges
                0x00000630       0x48 ./Test/Testcase/ELF_Read_Test.o
 .debug_aranges
                0x00000678       0x48 ./Test/Testcase/ELF_Status_Test.o
 .debug_aranges
                0x000006c0       0x50 ./Test/Testcase/ELF_Write_Test.o

.debug_macro    0x00000000     0x238b
 .debug_macro   0x00000000       0xa0 ./Driver/Code_Generator/templates/src/Flash_IP_Cfg.o
 .debug_macro   0x000000a0      0xaa8 ./Driver/Code_Generator/templates/src/Flash_IP_Cfg.o
 .debug_macro   0x00000b48       0x22 ./Driver/Code_Generator/templates/src/Flash_IP_Cfg.o
 .debug_macro   0x00000b6a       0x8e ./Driver/Code_Generator/templates/src/Flash_IP_Cfg.o
 .debug_macro   0x00000bf8       0x51 ./Driver/Code_Generator/templates/src/Flash_IP_Cfg.o
 .debug_macro   0x00000c49      0x103 ./Driver/Code_Generator/templates/src/Flash_IP_Cfg.o
 .debug_macro   0x00000d4c       0x6a ./Driver/Code_Generator/templates/src/Flash_IP_Cfg.o
 .debug_macro   0x00000db6      0x1df ./Driver/Code_Generator/templates/src/Flash_IP_Cfg.o
 .debug_macro   0x00000f95       0x22 ./Driver/Code_Generator/templates/src/Flash_IP_Cfg.o
 .debug_macro   0x00000fb7       0x34 ./Driver/Code_Generator/templates/src/Flash_IP_Cfg.o
 .debug_macro   0x00000feb       0x1c ./Driver/Code_Generator/templates/src/Flash_IP_Cfg.o
 .debug_macro   0x00001007      0x14d ./Driver/src/Flash_IP.o
 .debug_macro   0x00001154      0x1a9 ./Driver/src/Flash_IP.o
 .debug_macro   0x000012fd       0xc4 ./Driver/src/Mem.o
 .debug_macro   0x000013c1       0xb2 ./Driver/src/Mem.o
 .debug_macro   0x00001473       0x1c ./Driver/src/Mem.o
 .debug_macro   0x0000148f       0xc4 ./Driver/src/Mem_IPW.o
 .debug_macro   0x00001553       0x22 ./Driver/src/Mem_IPW.o
 .debug_macro   0x00001575      0x133 ./Test/Core/TestManager.o
 .debug_macro   0x000016a8       0x5e ./Test/Core/TestManager.o
 .debug_macro   0x00001706       0xc8 ./Test/Core/main.o
 .debug_macro   0x000017ce       0x85 ./Test/STM32F401/Core/Src/Stm32F401_BareMetal.o
 .debug_macro   0x00001853      0x1a3 ./Test/STM32F401/Core/Src/Stm32F401_BareMetal.o
 .debug_macro   0x000019f6      0x189 ./Test/STM32F401/Core/Src/Stm32F401_BareMetal.o
 .debug_macro   0x00001b7f       0xd2 ./Test/STM32F401/Core/Src/stm32f4xx_it.o
 .debug_macro   0x00001c51       0x94 ./Test/Stub/Det/det.o
 .debug_macro   0x00001ce5       0x16 ./Test/Stub/Det/det.o
 .debug_macro   0x00001cfb       0xd2 ./Test/Testcase/ELF_BlankCheck_Test.o
 .debug_macro   0x00001dcd       0xd2 ./Test/Testcase/ELF_Det_Test.o
 .debug_macro   0x00001e9f       0xd2 ./Test/Testcase/ELF_Erase_Test.o
 .debug_macro   0x00001f71       0xd2 ./Test/Testcase/ELF_Init_Test.o
 .debug_macro   0x00002043       0xd2 ./Test/Testcase/ELF_Job_Test.o
 .debug_macro   0x00002115       0xd2 ./Test/Testcase/ELF_Read_Test.o
 .debug_macro   0x000021e7       0xd2 ./Test/Testcase/ELF_Status_Test.o
 .debug_macro   0x000022b9       0xd2 ./Test/Testcase/ELF_Write_Test.o

.debug_line     0x00000000     0x8527
 .debug_line    0x00000000      0x500 ./Driver/Code_Generator/templates/src/Flash_IP_Cfg.o
 .debug_line    0x00000500      0x842 ./Driver/src/Flash_IP.o
 .debug_line    0x00000d42      0xa67 ./Driver/src/Mem.o
 .debug_line    0x000017a9      0x850 ./Driver/src/Mem_IPW.o
 .debug_line    0x00001ff9     0x1087 ./Test/Core/TestManager.o
 .debug_line    0x00003080      0x56e ./Test/Core/main.o
 .debug_line    0x000035ee      0x58e ./Test/STM32F401/Core/Src/Stm32F401_BareMetal.o
 .debug_line    0x00003b7c      0x6e9 ./Test/STM32F401/Core/Src/stm32f4xx_it.o
 .debug_line    0x00004265       0x7a ./Test/STM32F401/Core/Startup/startup_stm32f401retx.o
 .debug_line    0x000042df      0x4fc ./Test/Stub/Det/det.o
 .debug_line    0x000047db      0x7b3 ./Test/Testcase/ELF_BlankCheck_Test.o
 .debug_line    0x00004f8e      0x74d ./Test/Testcase/ELF_Det_Test.o
 .debug_line    0x000056db      0x7d4 ./Test/Testcase/ELF_Erase_Test.o
 .debug_line    0x00005eaf      0x787 ./Test/Testcase/ELF_Init_Test.o
 .debug_line    0x00006636      0x88c ./Test/Testcase/ELF_Job_Test.o
 .debug_line    0x00006ec2      0x775 ./Test/Testcase/ELF_Read_Test.o
 .debug_line    0x00007637      0x740 ./Test/Testcase/ELF_Status_Test.o
 .debug_line    0x00007d77      0x7b0 ./Test/Testcase/ELF_Write_Test.o

.debug_str      0x00000000     0x7118
 .debug_str     0x00000000     0x3eca ./Driver/Code_Generator/templates/src/Flash_IP_Cfg.o
                               0x404d (size before relaxing)
 .debug_str     0x00003eca      0xf13 ./Driver/src/Flash_IP.o
                               0x501d (size before relaxing)
 .debug_str     0x00004ddd      0xb5b ./Driver/src/Mem.o
                               0x4a3b (size before relaxing)
 .debug_str     0x00005938       0xfb ./Driver/src/Mem_IPW.o
                               0x48b2 (size before relaxing)
 .debug_str     0x00005a33      0xdcf ./Test/Core/TestManager.o
                               0x5e53 (size before relaxing)
 .debug_str     0x00006802       0x19 ./Test/Core/main.o
                               0x46a1 (size before relaxing)
 .debug_str     0x0000681b      0x37f ./Test/STM32F401/Core/Src/Stm32F401_BareMetal.o
                               0x4c5b (size before relaxing)
 .debug_str     0x00006b9a       0xcc ./Test/STM32F401/Core/Src/stm32f4xx_it.o
                               0x47dd (size before relaxing)
 .debug_str     0x00006c66       0x53 ./Test/STM32F401/Core/Startup/startup_stm32f401retx.o
                                 0x92 (size before relaxing)
 .debug_str     0x00006cb9       0x25 ./Test/Stub/Det/det.o
                               0x3f86 (size before relaxing)
 .debug_str     0x00006cde       0xd4 ./Test/Testcase/ELF_BlankCheck_Test.o
                               0x4a84 (size before relaxing)
 .debug_str     0x00006db2       0x5c ./Test/Testcase/ELF_Det_Test.o
                               0x48fb (size before relaxing)
 .debug_str     0x00006e0e       0x76 ./Test/Testcase/ELF_Erase_Test.o
                               0x4a71 (size before relaxing)
 .debug_str     0x00006e84       0x6e ./Test/Testcase/ELF_Init_Test.o
                               0x4a5a (size before relaxing)
 .debug_str     0x00006ef2       0xc7 ./Test/Testcase/ELF_Job_Test.o
                               0x4a8f (size before relaxing)
 .debug_str     0x00006fb9       0x72 ./Test/Testcase/ELF_Read_Test.o
                               0x4a1b (size before relaxing)
 .debug_str     0x0000702b       0x6e ./Test/Testcase/ELF_Status_Test.o
                               0x49c4 (size before relaxing)
 .debug_str     0x00007099       0x7f ./Test/Testcase/ELF_Write_Test.o
                               0x4a84 (size before relaxing)

.comment        0x00000000       0x43
 .comment       0x00000000       0x43 ./Driver/Code_Generator/templates/src/Flash_IP_Cfg.o
                                 0x44 (size before relaxing)
 .comment       0x00000043       0x44 ./Driver/src/Flash_IP.o
 .comment       0x00000043       0x44 ./Driver/src/Mem.o
 .comment       0x00000043       0x44 ./Driver/src/Mem_IPW.o
 .comment       0x00000043       0x44 ./Test/Core/TestManager.o
 .comment       0x00000043       0x44 ./Test/Core/main.o
 .comment       0x00000043       0x44 ./Test/STM32F401/Core/Src/Stm32F401_BareMetal.o
 .comment       0x00000043       0x44 ./Test/STM32F401/Core/Src/stm32f4xx_it.o
 .comment       0x00000043       0x44 ./Test/Stub/Det/det.o
 .comment       0x00000043       0x44 ./Test/Testcase/ELF_BlankCheck_Test.o
 .comment       0x00000043       0x44 ./Test/Testcase/ELF_Det_Test.o
 .comment       0x00000043       0x44 ./Test/Testcase/ELF_Erase_Test.o
 .comment       0x00000043       0x44 ./Test/Testcase/ELF_Init_Test.o
 .comment       0x00000043       0x44 ./Test/Testcase/ELF_Job_Test.o
 .comment       0x00000043       0x44 ./Test/Testcase/ELF_Read_Test.o
 .comment       0x00000043       0x44 ./Test/Testcase/ELF_Status_Test.o
 .comment       0x00000043       0x44 ./Test/Testcase/ELF_Write_Test.o

.debug_rnglists
                0x00000000      0x51a
 .debug_rnglists
                0x00000000       0x6e ./Driver/src/Flash_IP.o
 .debug_rnglists
                0x0000006e       0x8f ./Driver/src/Mem.o
 .debug_rnglists
                0x000000fd       0x7a ./Driver/src/Mem_IPW.o
 .debug_rnglists
                0x00000177      0x11f ./Test/Core/TestManager.o
 .debug_rnglists
                0x00000296       0x13 ./Test/Core/main.o
 .debug_rnglists
                0x000002a9       0x21 ./Test/STM32F401/Core/Src/Stm32F401_BareMetal.o
 .debug_rnglists
                0x000002ca       0x43 ./Test/STM32F401/Core/Src/stm32f4xx_it.o
 .debug_rnglists
                0x0000030d       0x19 ./Test/STM32F401/Core/Startup/startup_stm32f401retx.o
 .debug_rnglists
                0x00000326       0x25 ./Test/Stub/Det/det.o
 .debug_rnglists
                0x0000034b       0x3a ./Test/Testcase/ELF_BlankCheck_Test.o
 .debug_rnglists
                0x00000385       0x31 ./Test/Testcase/ELF_Det_Test.o
 .debug_rnglists
                0x000003b6       0x39 ./Test/Testcase/ELF_Erase_Test.o
 .debug_rnglists
                0x000003ef       0x33 ./Test/Testcase/ELF_Init_Test.o
 .debug_rnglists
                0x00000422       0x57 ./Test/Testcase/ELF_Job_Test.o
 .debug_rnglists
                0x00000479       0x33 ./Test/Testcase/ELF_Read_Test.o
 .debug_rnglists
                0x000004ac       0x32 ./Test/Testcase/ELF_Status_Test.o
 .debug_rnglists
                0x000004de       0x3c ./Test/Testcase/ELF_Write_Test.o

.debug_frame    0x00000000     0x189c
 .debug_frame   0x00000000      0x23c ./Driver/src/Flash_IP.o
 .debug_frame   0x0000023c      0x2f8 ./Driver/src/Mem.o
 .debug_frame   0x00000534      0x2ac ./Driver/src/Mem_IPW.o
 .debug_frame   0x000007e0      0x5c8 ./Test/Core/TestManager.o
 .debug_frame   0x00000da8       0x2c ./Test/Core/main.o
 .debug_frame   0x00000dd4       0x80 ./Test/STM32F401/Core/Src/Stm32F401_BareMetal.o
 .debug_frame   0x00000e54      0x11c ./Test/STM32F401/Core/Src/stm32f4xx_it.o
 .debug_frame   0x00000f70       0xa0 ./Test/Stub/Det/det.o
 .debug_frame   0x00001010      0x108 ./Test/Testcase/ELF_BlankCheck_Test.o
 .debug_frame   0x00001118       0xe0 ./Test/Testcase/ELF_Det_Test.o
 .debug_frame   0x000011f8      0x108 ./Test/Testcase/ELF_Erase_Test.o
 .debug_frame   0x00001300       0xe0 ./Test/Testcase/ELF_Init_Test.o
 .debug_frame   0x000013e0      0x1bc ./Test/Testcase/ELF_Job_Test.o
 .debug_frame   0x0000159c       0xe8 ./Test/Testcase/ELF_Read_Test.o
 .debug_frame   0x00001684       0xe0 ./Test/Testcase/ELF_Status_Test.o
 .debug_frame   0x00001764      0x10c ./Test/Testcase/ELF_Write_Test.o
 .debug_frame   0x00001870       0x2c C:/ST/STM32CubeIDE_1.17.0/STM32CubeIDE/plugins/com.st.stm32cube.ide.mcu.externaltools.gnu-tools-for-stm32.12.3.rel1.win32_1.1.0.202410251130/tools/bin/../lib/gcc/arm-none-eabi/12.3.1/../../../../arm-none-eabi/lib/thumb/v7e-m+fp/hard\libc_nano.a(libc_a-init.o)

.debug_line_str
                0x00000000       0x76
 .debug_line_str
                0x00000000       0x76 ./Test/STM32F401/Core/Startup/startup_stm32f401retx.o
